Component: ARM Compiler 5.06 update 6 (build 750) Tool: armlink [4d35ed]

==============================================================================

Section Cross References

    keypad.o(i.Clear_Line) refers to tft.o(i.TFT_set_window) for TFT_set_window
    keypad.o(i.Clear_Line) refers to tft.o(i.TFT_cls) for TFT_cls
    keypad.o(i.Display_value) refers to _printf_percent.o(.ARM.Collect$$_printf_percent$$00000000) for _printf_percent
    keypad.o(i.Display_value) refers to _printf_d.o(.ARM.Collect$$_printf_percent$$00000009) for _printf_d
    keypad.o(i.Display_value) refers to _printf_dec.o(.text) for _printf_int_dec
    keypad.o(i.Display_value) refers to tft.o(i.TFT_set_window) for TFT_set_window
    keypad.o(i.Display_value) refers to noretval__2snprintf.o(.text) for __2snprintf
    keypad.o(i.Display_value) refers to tft.o(i.TFT_cls) for TFT_cls
    keypad.o(i.Display_value) refers to tft.o(i.TFT_putc) for TFT_putc
    keypad.o(i.Get_Touch_Pad_Input) refers to _printf_pad.o(.text) for _printf_pre_padding
    keypad.o(i.Get_Touch_Pad_Input) refers to _printf_percent.o(.ARM.Collect$$_printf_percent$$00000000) for _printf_percent
    keypad.o(i.Get_Touch_Pad_Input) refers to _printf_x.o(.ARM.Collect$$_printf_percent$$0000000C) for _printf_x
    keypad.o(i.Get_Touch_Pad_Input) refers to _printf_hex_int_ll.o(.text) for _printf_longlong_hex
    keypad.o(i.Get_Touch_Pad_Input) refers to tft.o(i.TFT_get_data) for TFT_get_data
    keypad.o(i.Get_Touch_Pad_Input) refers to noretval__2printf.o(.text) for __2printf
    keypad.o(i.Make_Touch_Pad) refers to tft.o(i.TFT_Init) for TFT_Init
    keypad.o(i.Make_Touch_Pad) refers to tft.o(i.TFT_cursor_off) for TFT_cursor_off
    keypad.o(i.Make_Touch_Pad) refers to tft.o(i.TFT_graphic_cls) for TFT_graphic_cls
    keypad.o(i.Make_Touch_Pad) refers to tft.o(i.TFT_touch_area_clear) for TFT_touch_area_clear
    keypad.o(i.Make_Touch_Pad) refers to tft.o(i.TFT_set_font_color) for TFT_set_font_color
    keypad.o(i.Make_Touch_Pad) refers to tft.o(i.TFT_set_window) for TFT_set_window
    keypad.o(i.Make_Touch_Pad) refers to tft.o(i.TFT_terminal_on) for TFT_terminal_on
    keypad.o(i.Make_Touch_Pad) refers to tft.o(i.TFT_touch_area_font_color) for TFT_touch_area_font_color
    keypad.o(i.Make_Touch_Pad) refers to tft.o(i.TFT_touch_area_font) for TFT_touch_area_font
    keypad.o(i.Make_Touch_Pad) refers to tft.o(i.TFT_touch_area_frame) for TFT_touch_area_frame
    keypad.o(i.Make_Touch_Pad) refers to tft.o(i.TFT_touch_area_color) for TFT_touch_area_color
    keypad.o(i.Make_Touch_Pad) refers to tft.o(i.TFT_touch_area) for TFT_touch_area
    tft.o(i.TFT_Init) refers to tft.o(i.TFT_terminal_on) for TFT_terminal_on
    tft.o(i.TFT_Init) refers to tft.o(i.TFT_cls) for TFT_cls
    tft.o(i.TFT_Init) refers to tft.o(i.TFT_touch_key_feedback) for TFT_touch_key_feedback
    tft.o(i.TFT_bargraph_color) refers to tft.o(i.TFT_send_data) for TFT_send_data
    tft.o(i.TFT_bargraph_define) refers to tft.o(i.TFT_send_data) for TFT_send_data
    tft.o(i.TFT_bargraph_fill_pattern) refers to tft.o(i.TFT_send_data) for TFT_send_data
    tft.o(i.TFT_bargraph_frame) refers to tft.o(i.TFT_send_data) for TFT_send_data
    tft.o(i.TFT_bargraph_value) refers to tft.o(i.TFT_send_data) for TFT_send_data
    tft.o(i.TFT_bigString) refers to tft.o(i.TFT_set_font) for TFT_set_font
    tft.o(i.TFT_bigString) refers to tft.o(i.TFT_send_data) for TFT_send_data
    tft.o(i.TFT_bigText) refers to tft.o(i.TFT_set_font) for TFT_set_font
    tft.o(i.TFT_bigText) refers to tft.o(i.TFT_send_data) for TFT_send_data
    tft.o(i.TFT_buzzer_off) refers to tft.o(i.TFT_send_data) for TFT_send_data
    tft.o(i.TFT_buzzer_on) refers to tft.o(i.TFT_send_data) for TFT_send_data
    tft.o(i.TFT_carriage_return) refers to tft.o(i.TFT_putc) for TFT_putc
    tft.o(i.TFT_cls) refers to tft.o(i.TFT_putc) for TFT_putc
    tft.o(i.TFT_cursor_off) refers to tft.o(i.TFT_send_data) for TFT_send_data
    tft.o(i.TFT_cursor_on) refers to tft.o(i.TFT_send_data) for TFT_send_data
    tft.o(i.TFT_draw_line) refers to tft.o(i.TFT_send_data) for TFT_send_data
    tft.o(i.TFT_draw_rectangle) refers to tft.o(i.TFT_send_data) for TFT_send_data
    tft.o(i.TFT_gotoxy) refers to tft.o(i.TFT_send_data) for TFT_send_data
    tft.o(i.TFT_graphic_cls) refers to tft.o(i.TFT_send_data) for TFT_send_data
    tft.o(i.TFT_graphic_puts) refers to tft.o(i.TFT_send_data) for TFT_send_data
    tft.o(i.TFT_graphic_puts_area) refers to tft.o(i.TFT_send_data) for TFT_send_data
    tft.o(i.TFT_graphic_set_point) refers to tft.o(i.TFT_send_data) for TFT_send_data
    tft.o(i.TFT_line_color) refers to tft.o(i.TFT_send_data) for TFT_send_data
    tft.o(i.TFT_newline) refers to tft.o(i.TFT_putc) for TFT_putc
    tft.o(i.TFT_putc) refers to tft.o(i.TFT_send_data) for TFT_send_data
    tft.o(i.TFT_puts) refers to strlen.o(.text) for strlen
    tft.o(i.TFT_puts) refers to tft.o(i.TFT_send_data) for TFT_send_data
[...]
    i.TFT_touch_key_feedback                 0x080025fa   Section        0  tft.o(i.TFT_touch_key_feedback)
    i.TimingDelay_Decrement                  0x08002644   Section        0  ti_lib.o(i.TimingDelay_Decrement)
    i.USART1_Buffer_Init                     0x08002668   Section        0  usart.o(i.USART1_Buffer_Init)
    i.USART1_IRQHandler                      0x0800268c   Section        0  usart.o(i.USART1_IRQHandler)
    i.USART1_Init                            0x08002728   Section        0  usart.o(i.USART1_Init)
    i.USART1_SendChar                        0x080027f4   Section        0  usart.o(i.USART1_SendChar)
    i.USART_Cmd                              0x08002848   Section        0  stm32f4xx_usart.o(i.USART_Cmd)
    i.USART_Init                             0x080028e8   Section        0  stm32f4xx_usart.o(i.USART_Init)
    i.USART_OverSampling8Cmd                 0x08002af4   Section        0  stm32f4xx_usart.o(i.USART_OverSampling8Cmd)
    i.__ARM_fpclassify                       0x08002b94   Section        0  fpclassify.o(i.__ARM_fpclassify)
    i.__hardfp_pow                           0x08002bc8   Section        0  pow.o(i.__hardfp_pow)
    i.__kernel_poly                          0x08003818   Section        0  poly.o(i.__kernel_poly)
    i.__mathlib_dbl_divzero                  0x08003910   Section        0  dunder.o(i.__mathlib_dbl_divzero)
    i.__mathlib_dbl_infnan2                  0x08003940   Section        0  dunder.o(i.__mathlib_dbl_infnan2)
    i.__mathlib_dbl_invalid                  0x08003958   Section        0  dunder.o(i.__mathlib_dbl_invalid)
    i.__mathlib_dbl_overflow                 0x08003978   Section        0  dunder.o(i.__mathlib_dbl_overflow)
    i.__mathlib_dbl_underflow                0x08003998   Section        0  dunder.o(i.__mathlib_dbl_underflow)
    i._is_digit                              0x080039b8   Section        0  __printf_wp.o(i._is_digit)
    i._sys_exit                              0x080039c6   Section        0  retarget.o(i._sys_exit)
    i._ttywrch                               0x080039ca   Section        0  retarget.o(i._ttywrch)
    i.addRomToList                           0x080039e0   Section        0  hardwarecontroller.o(i.addRomToList)
    addRomToList                             0x080039e1   Thumb Code    48  hardwarecontroller.o(i.addRomToList)
    i.assert_failed                          0x08003a18   Section        0  assert.o(i.assert_failed)
    i.calcCRC                                0x08003a1c   Section        0  crc.o(i.calcCRC)
    i.createROM                              0x08003a44   Section        0  temperature.o(i.createROM)
    i.createSensor                           0x08003a70   Section        0  temperature.o(i.createSensor)
    i.detectAllSensors                       0x08003a98   Section        0  temperature.o(i.detectAllSensors)
    i.detectSensors                          0x08003b1a   Section        0  hardwarecontroller.o(i.detectSensors)
    i.detectSensorsRecursively               0x08003b7c   Section        0  hardwarecontroller.o(i.detectSensorsRecursively)
    detectSensorsRecursively                 0x08003b7d   Thumb Code   190  hardwarecontroller.o(i.detectSensorsRecursively)
    i.errorHandler                           0x08003c3c   Section        0  errorhandling.o(i.errorHandler)
    i.fabs                                   0x08003d80   Section        0  fabs.o(i.fabs)
    i.getNumberOfRoms                        0x08003d98   Section        0  hardwarecontroller.o(i.getNumberOfRoms)
    getNumberOfRoms                          0x08003d99   Thumb Code     6  hardwarecontroller.o(i.getNumberOfRoms)
    i.getRomFromList                         0x08003da4   Section        0  hardwarecontroller.o(i.getRomFromList)
    getRomFromList                           0x08003da5   Thumb Code    40  hardwarecontroller.o(i.getRomFromList)
    i.getTimeStamp                           0x08003dd4   Section        0  timer.o(i.getTimeStamp)
    i.initHAL                                0x08003ddc   Section        0  hal.o(i.initHAL)
    i.initHardwareController                 0x08003e1a   Section        0  hardwarecontroller.o(i.initHardwareController)
    i.initROMList                            0x08003e26   Section        0  main.o(i.initROMList)
    initROMList                              0x08003e27   Thumb Code   100  main.o(i.initROMList)
    i.initRomList                            0x08003e8c   Section        0  hardwarecontroller.o(i.initRomList)
    initRomList                              0x08003e8d   Thumb Code    40  hardwarecontroller.o(i.initRomList)
    i.initTemperature                        0x08003ebc   Section        0  temperature.o(i.initTemperature)
    i.initTemperatureOutput                  0x08003ec4   Section        0  output.o(i.initTemperatureOutput)
    i.isValidCRC                             0x08003ee8   Section        0  crc.o(i.isValidCRC)
    i.jumpToBranch                           0x08003f0c   Section        0  hardwarecontroller.o(i.jumpToBranch)
    jumpToBranch                             0x08003f0d   Thumb Code    84  hardwarecontroller.o(i.jumpToBranch)
    i.main                                   0x08003f60   Section        0  main.o(i.main)
    i.measure                                0x08004010   Section        0  hardwarecontroller.o(i.measure)
    i.measureAllTemperatures                 0x08004048   Section        0  temperature.o(i.measureAllTemperatures)
    i.printROM                               0x08004064   Section        0  output.o(i.printROM)
    printROM                                 0x08004065   Thumb Code    36  output.o(i.printROM)
    i.printROMs                              0x08004094   Section        0  output.o(i.printROMs)
    i.printTemperature                       0x080040e4   Section        0  output.o(i.printTemperature)
    i.readBit                                0x0800411c   Section        0  hal.o(i.readBit)
    i.readByte                               0x0800414e   Section        0  hal.o(i.readByte)
    i.readDuring                             0x08004198   Section        0  hal.o(i.readDuring)
    i.readScratch                            0x0800421c   Section        0  hardwarecontroller.o(i.readScratch)
    i.readTemperatureFromScratchpad          0x08004240   Section        0  temperature.o(i.readTemperatureFromScratchpad)
    i.reset                                  0x080042b2   Section        0  hal.o(i.reset)
    i.resetHardware                          0x080042f6   Section        0  hardwarecontroller.o(i.resetHardware)
    i.selectSlave                            0x080042fe   Section        0  hardwarecontroller.o(i.selectSlave)
    i.setPin                                 0x08004320   Section        0  hal.o(i.setPin)
    i.setPinMode                             0x08004340   Section        0  hal.o(i.setPinMode)
    i.setPinReadOrWrite                      0x0800436c   Section        0  hal.o(i.setPinReadOrWrite)
    setPinReadOrWrite                        0x0800436d   Thumb Code    60  hal.o(i.setPinReadOrWrite)
    i.skipRom                                0x080043ac   Section        0  hardwarecontroller.o(i.skipRom)
    i.sqrt                                   0x080043c4   Section        0  sqrt.o(i.sqrt)
    i.temperatureToDouble                    0x08004434   Section        0  temperature.o(i.temperatureToDouble)
    temperatureToDouble                      0x08004435   Thumb Code   146  temperature.o(i.temperatureToDouble)
    i.timerinit                              0x080044d4   Section        0  timer.o(i.timerinit)
    i.wait                                   0x080044fc   Section        0  hal.o(i.wait)
    i.writeBit                               0x0800452a   Section        0  hal.o(i.writeBit)
    i.writeByte                              0x0800457a   Section        0  hal.o(i.writeByte)
    i.writeBytes                             0x08004588   Section        0  hal.o(i.writeBytes)
    locale$$code                             0x080045bc   Section       44  lc_numeric_c.o(locale$$code)
    x$fpl$basic                              0x080045e8   Section       24  basic.o(x$fpl$basic)
    $v0                                      0x080045e8   Number         0  basic.o(x$fpl$basic)
    x$fpl$d2f                                0x08004600   Section       98  d2f.o(x$fpl$d2f)
    $v0                                      0x08004600   Number         0  d2f.o(x$fpl$d2f)
    x$fpl$dadd                               0x08004664   Section      336  daddsub_clz.o(x$fpl$dadd)
    $v0                                      0x08004664   Number         0  daddsub_clz.o(x$fpl$dadd)
    _dadd1                                   0x08004675   Thumb Code     0  daddsub_clz.o(x$fpl$dadd)
    x$fpl$dcheck1                            0x080047b4   Section       16  dcheck1.o(x$fpl$dcheck1)
    $v0                                      0x080047b4   Number         0  dcheck1.o(x$fpl$dcheck1)
    x$fpl$dcmpinf                            0x080047c4   Section       24  dcmpi.o(x$fpl$dcmpinf)
    $v0                                      0x080047c4   Number         0  dcmpi.o(x$fpl$dcmpinf)
    x$fpl$ddiv                               0x080047dc   Section      688  ddiv.o(x$fpl$ddiv)
    $v0                                      0x080047dc   Number         0  ddiv.o(x$fpl$ddiv)
    ddiv_entry                               0x080047e3   Thumb Code     0  ddiv.o(x$fpl$ddiv)
    x$fpl$dflt                               0x08004a8c   Section       46  dflt_clz.o(x$fpl$dflt)
    $v0                                      0x08004a8c   Number         0  dflt_clz.o(x$fpl$dflt)
    x$fpl$dleqf                              0x08004abc   Section      120  dleqf.o(x$fpl$dleqf)
    $v0                                      0x08004abc   Number         0  dleqf.o(x$fpl$dleqf)
    x$fpl$dmul                               0x08004b34   Section      340  dmul.o(x$fpl$dmul)
    $v0                                      0x08004b34   Number         0  dmul.o(x$fpl$dmul)
    x$fpl$dnaninf                            0x08004c88   Section      156  dnaninf.o(x$fpl$dnaninf)
    $v0                                      0x08004c88   Number         0  dnaninf.o(x$fpl$dnaninf)
    x$fpl$dretinf                            0x08004d24   Section       12  dretinf.o(x$fpl$dretinf)
    $v0                                      0x08004d24   Number         0  dretinf.o(x$fpl$dretinf)
    x$fpl$drleqf                             0x08004d30   Section      108  drleqf.o(x$fpl$drleqf)
    $v0                                      0x08004d30   Number         0  drleqf.o(x$fpl$drleqf)
    x$fpl$drsb                               0x08004d9c   Section       22  daddsub_clz.o(x$fpl$drsb)
    $v0                                      0x08004d9c   Number         0  daddsub_clz.o(x$fpl$drsb)
    x$fpl$dsqrt                              0x08004db4   Section      408  dsqrt_umaal.o(x$fpl$dsqrt)
    $v0                                      0x08004db4   Number         0  dsqrt_umaal.o(x$fpl$dsqrt)
    x$fpl$dsub                               0x08004f4c   Section      468  daddsub_clz.o(x$fpl$dsub)
    $v0                                      0x08004f4c   Number         0  daddsub_clz.o(x$fpl$dsub)
    _dsub1                                   0x08004f5d   Thumb Code     0  daddsub_clz.o(x$fpl$dsub)
    x$fpl$f2d                                0x08005120   Section       86  f2d.o(x$fpl$f2d)
    $v0                                      0x08005120   Number         0  f2d.o(x$fpl$f2d)
    x$fpl$fnaninf                            0x08005176   Section      140  fnaninf.o(x$fpl$fnaninf)
    $v0                                      0x08005176   Number         0  fnaninf.o(x$fpl$fnaninf)
    x$fpl$fpinit                             0x08005202   Section       10  fpinit.o(x$fpl$fpinit)
    $v0                                      0x08005202   Number         0  fpinit.o(x$fpl$fpinit)
    x$fpl$fretinf                            0x0800520c   Section       10  fretinf.o(x$fpl$fretinf)
    $v0                                      0x0800520c   Number         0  fretinf.o(x$fpl$fretinf)
    x$fpl$printf1                            0x08005216   Section        4  printf1.o(x$fpl$printf1)
    $v0                                      0x08005216   Number         0  printf1.o(x$fpl$printf1)
    x$fpl$retnan                             0x0800521a   Section      100  retnan.o(x$fpl$retnan)
    $v0                                      0x0800521a   Number         0  retnan.o(x$fpl$retnan)
    x$fpl$scalbn                             0x0800527e   Section       92  scalbn.o(x$fpl$scalbn)
    $v0                                      0x0800527e   Number         0  scalbn.o(x$fpl$scalbn)
    x$fpl$trapveneer                         0x080052da   Section       48  trapv.o(x$fpl$trapveneer)
    $v0                                      0x080052da   Number         0  trapv.o(x$fpl$trapveneer)
    .constdata                               0x0800530a   Section       40  _printf_hex_int_ll.o(.constdata)
    x$fpl$usenofp                            0x0800530a   Section        0  usenofp.o(x$fpl$usenofp)
    uc_hextab                                0x0800530a   Data          20  _printf_hex_int_ll.o(.constdata)
    lc_hextab                                0x0800531e   Data          20  _printf_hex_int_ll.o(.constdata)
    .constdata                               0x08005332   Section       17  __printf_flags_ss_wp.o(.constdata)
    maptable                                 0x08005332   Data          17  __printf_flags_ss_wp.o(.constdata)
    .constdata                               0x08005348   Section      136  pow.o(.constdata)
    bp                                       0x08005348   Data          16  pow.o(.constdata)
    dp_h                                     0x08005358   Data          16  pow.o(.constdata)
    dp_l                                     0x08005368   Data          16  pow.o(.constdata)
    L                                        0x08005378   Data          48  pow.o(.constdata)
    P                                        0x080053a8   Data          40  pow.o(.constdata)
    .constdata                               0x080053d0   Section        8  qnan.o(.constdata)
    .constdata                               0x080053d8   Section      148  bigflt0.o(.constdata)
    tenpwrs_x                                0x080053d8   Data          60  bigflt0.o(.constdata)
    tenpwrs_i                                0x08005414   Data          64  bigflt0.o(.constdata)
    locale$$data                             0x0800548c   Section       28  lc_numeric_c.o(locale$$data)
    __lcnum_c_name                           0x08005490   Data           2  lc_numeric_c.o(locale$$data)
    __lcnum_c_start                          0x08005498   Data           0  lc_numeric_c.o(locale$$data)
    __lcnum_c_point                          0x080054a4   Data           0  lc_numeric_c.o(locale$$data)
    __lcnum_c_thousands                      0x080054a6   Data           0  lc_numeric_c.o(locale$$data)
    __lcnum_c_grouping                       0x080054a7   Data           0  lc_numeric_c.o(locale$$data)
    __lcnum_c_end                            0x080054a8   Data           0  lc_numeric_c.o(locale$$data)
    .data                                    0x20000000   Section        8  ti_lib.o(.data)
    TimingDelay                              0x20000000   Data           4  ti_lib.o(.data)
    uptime                                   0x20000004   Data           4  ti_lib.o(.data)
    .data                                    0x20000008   Section       16  stm32f4xx_rcc.o(.data)
    APBAHBPrescTable                         0x20000008   Data          16  stm32f4xx_rcc.o(.data)
    .data                                    0x20000018   Section       20  system_stm32f4xx.o(.data)
    .data                                    0x2000002c   Section        4  usart.o(.data)
    tx_restart                               0x2000002c   Data           4  usart.o(.data)
    .data                                    0x20000030   Section        4  hardwarecontroller.o(.data)
    numberOfROMs                             0x20000030   Data           4  hardwarecontroller.o(.data)
    .data                                    0x20000034   Section      512  crc.o(.data)
    crc_table                                0x20000034   Data         512  crc.o(.data)
    .bss                                     0x20000234   Section      528  usart.o(.bss)
    rbuf                                     0x20000234   Data         264  usart.o(.bss)
    tbuf                                     0x2000033c   Data         264  usart.o(.bss)
    .bss                                     0x20000444   Section       80  hardwarecontroller.o(.bss)
    romList                                  0x20000444   Data          80  hardwarecontroller.o(.bss)
    .bss                                     0x20000494   Section       96  libspace.o(.bss)
    HEAP                                     0x200004f8   Section    32768  startup_stm32f4xx.o(HEAP)
    Heap_Mem                                 0x200004f8   Data       32768  startup_stm32f4xx.o(HEAP)
    STACK                                    0x200084f8   Section     4096  startup_stm32f4xx.o(STACK)
    Stack_Mem                                0x200084f8   Data        4096  startup_stm32f4xx.o(STACK)
    __initial_sp                             0x200094f8   Data           0  startup_stm32f4xx.o(STACK)

    Global Symbols

    Symbol Name                              Value     Ov Type        Size  Object(Section)

    BuildAttributes$$THM_ISAv4$E$P$D$K$B$S$7EM$VFPi3$EXTD16$VFPS$VFMA$PE$A:L22UL41UL21$X:L11$S22US41US21$IEEE1$IW$USESV6$~STKCKD$USESV7$~SHL$OTIME$ROPI$IEEEX$EBA8$UX$STANDARDLIB$REQ8$PRES8$EABIv2 0x00000000   Number         0  anon$$obj.o ABSOLUTE
    __ARM_use_no_argv                        0x00000000   Number         0  main.o ABSOLUTE
    _printf_flags                            0x00000000   Number         0  printf_stubs.o ABSOLUTE
    _printf_return_value                     0x00000000   Number         0  printf_stubs.o ABSOLUTE
    _printf_sizespec                         0x00000000   Number         0  printf_stubs.o ABSOLUTE
    _printf_widthprec                        0x00000000   Number         0  printf_stubs.o ABSOLUTE
    __ARM_exceptions_init                     - Undefined Weak Reference
    __alloca_initialize                       - Undefined Weak Reference
    __arm_preinit_                            - Undefined Weak Reference
    __cpp_initialize__aeabi_                  - Undefined Weak Reference
    __cxa_finalize                            - Undefined Weak Reference
    __sigvec_lookup                           - Undefined Weak Reference
    __user_heap_extent                        - Undefined Weak Reference
    _atexit_init                              - Undefined Weak Reference
    _call_atexit_fns                          - Undefined Weak Reference
    _clock_init                               - Undefined Weak Reference
    _fp_trap_init                             - Undefined Weak Reference
    _fp_trap_shutdown                         - Undefined Weak Reference
    _get_lc_collate                           - Undefined Weak Reference
    _get_lc_ctype                             - Undefined Weak Reference
    _get_lc_monetary                          - Undefined Weak Reference
    _get_lc_time                              - Undefined Weak Reference
    _getenv_init                              - Undefined Weak Reference
    _handle_redirection                       - Undefined Weak Reference
    _initio                                   - Undefined Weak Reference
    _mutex_acquire                            - Undefined Weak Reference
    _mutex_free                               - Undefined Weak Reference
    _mutex_release                            - Undefined Weak Reference
    _printf_truncate_signed                   - Undefined Weak Reference
    _printf_truncate_unsigned                 - Undefined Weak Reference
    _rand_init                                - Undefined Weak Reference
    _signal_finish                            - Undefined Weak Reference
    _signal_init                              - Undefined Weak Reference
    _terminateio                              - Undefined Weak Reference
    __Vectors_Size                           0x00000188   Number         0  startup_stm32f4xx.o ABSOLUTE
    __Vectors                                0x08000000   Data           4  startup_stm32f4xx.o(RESET)
    __Vectors_End                            0x08000188   Data           0  startup_stm32f4xx.o(RESET)
    __main                                   0x08000189   Thumb Code     8  __main.o(!!!main)
    __scatterload                            0x08000191   Thumb Code     0  __scatter.o(!!!scatter)
    __scatterload_rt2                        0x08000191   Thumb Code    44  __scatter.o(!!!scatter)
    __scatterload_rt2_thumb_only             0x08000191   Thumb Code     0  __scatter.o(!!!scatter)
    __scatterload_null                       0x0800019f   Thumb Code     0  __scatter.o(!!!scatter)
    __decompress                             0x080001c5   Thumb Code    90  __dczerorl2.o(!!dczerorl2)
    __decompress1                            0x080001c5   Thumb Code     0  __dczerorl2.o(!!dczerorl2)
    __scatterload_zeroinit                   0x08000221   Thumb Code    28  __scatter_zi.o(!!handler_zi)
    _printf_f                                0x0800023d   Thumb Code     0  _printf_f.o(.ARM.Collect$$_printf_percent$$00000003)
    _printf_percent                          0x0800023d   Thumb Code     0  _printf_percent.o(.ARM.Collect$$_printf_percent$$00000000)
    _printf_ll                               0x08000243   Thumb Code     0  _printf_ll.o(.ARM.Collect$$_printf_percent$$00000007)
    _printf_d                                0x0800024d   Thumb Code     0  _printf_d.o(.ARM.Collect$$_printf_percent$$00000009)
    _printf_llx                              0x08000253   Thumb Code     0  _printf_llx.o(.ARM.Collect$$_printf_percent$$00000011)
    _printf_percent_end                      0x08000259   Thumb Code     0  _printf_percent_end.o(.ARM.Collect$$_printf_percent$$00000017)
    __rt_lib_init                            0x0800025d   Thumb Code     0  libinit.o(.ARM.Collect$$libinit$$00000000)
    __rt_lib_init_fp_1                       0x0800025f   Thumb Code     0  libinit2.o(.ARM.Collect$$libinit$$00000001)
    __rt_lib_init_heap_2                     0x08000263   Thumb Code     0  libinit2.o(.ARM.Collect$$libinit$$00000005)
    __rt_lib_init_preinit_1                  0x08000263   Thumb Code     0  libinit2.o(.ARM.Collect$$libinit$$00000004)
    __rt_lib_init_heap_1                     0x0800026b   Thumb Code     0  libinit2.o(.ARM.Collect$$libinit$$0000000A)
    __rt_lib_init_lc_common                  0x0800026b   Thumb Code     0  libinit2.o(.ARM.Collect$$libinit$$0000000F)
    __rt_lib_init_rand_1                     0x0800026b   Thumb Code     0  libinit2.o(.ARM.Collect$$libinit$$0000000E)
    __rt_lib_init_user_alloc_1               0x0800026b   Thumb Code     0  libinit2.o(.ARM.Collect$$libinit$$0000000C)
    __rt_lib_init_lc_collate_1               0x08000271   Thumb Code     0  libinit2.o(.ARM.Collect$$libinit$$00000011)
    __rt_lib_init_lc_ctype_1                 0x08000271   Thumb Code     0  libinit2.o(.ARM.Collect$$libinit$$00000013)
    __rt_lib_init_lc_monetary_1              0x08000271   Thumb Code     0  libinit2.o(.ARM.Collect$$libinit$$00000015)
    __rt_lib_init_lc_numeric_2               0x08000271   Thumb Code     0  libinit2.o(.ARM.Collect$$libinit$$00000016)
    __rt_lib_init_alloca_1                   0x0800027b   Thumb Code     0  libinit2.o(.ARM.Collect$$libinit$$0000002E)
    __rt_lib_init_argv_1                     0x0800027b   Thumb Code     0  libinit2.o(.ARM.Collect$$libinit$$0000002C)
    __rt_lib_init_atexit_1                   0x0800027b   Thumb Code     0  libinit2.o(.ARM.Collect$$libinit$$0000001B)
    __rt_lib_init_clock_1                    0x0800027b   Thumb Code     0  libinit2.o(.ARM.Collect$$libinit$$00000021)
    __rt_lib_init_cpp_1                      0x0800027b   Thumb Code     0  libinit2.o(.ARM.Collect$$libinit$$00000032)
    __rt_lib_init_exceptions_1               0x0800027b   Thumb Code     0  libinit2.o(.ARM.Collect$$libinit$$00000030)
    __rt_lib_init_fp_trap_1                  0x0800027b   Thumb Code     0  libinit2.o(.ARM.Collect$$libinit$$0000001F)
    __rt_lib_init_getenv_1                   0x0800027b   Thumb Code     0  libinit2.o(.ARM.Collect$$libinit$$00000023)
    __rt_lib_init_lc_numeric_1               0x0800027b   Thumb Code     0  libinit2.o(.ARM.Collect$$libinit$$00000017)
    __rt_lib_init_lc_time_1                  0x0800027b   Thumb Code     0  libinit2.o(.ARM.Collect$$libinit$$00000019)
    __rt_lib_init_return                     0x0800027b   Thumb Code     0  libinit2.o(.ARM.Collect$$libinit$$00000033)
    __rt_lib_init_signal_1                   0x0800027b   Thumb Code     0  libinit2.o(.ARM.Collect$$libinit$$0000001D)
    __rt_lib_init_stdio_1                    0x0800027b   Thumb Code     0  libinit2.o(.ARM.Collect$$libinit$$00000025)
    __rt_lib_shutdown                        0x0800027d   Thumb Code     0  libshutdown.o(.ARM.Collect$$libshutdown$$00000000)
    __rt_lib_shutdown_cpp_1                  0x0800027f   Thumb Code     0  libshutdown2.o(.ARM.Collect$$libshutdown$$00000002)
    __rt_lib_shutdown_fp_trap_1              0x0800027f   Thumb Code     0  libshutdown2.o(.ARM.Collect$$libshutdown$$00000007)
    __rt_lib_shutdown_heap_1                 0x0800027f   Thumb Code     0  libshutdown2.o(.ARM.Collect$$libshutdown$$0000000F)
    __rt_lib_shutdown_return                 0x0800027f   Thumb Code     0  libshutdown2.o(.ARM.Collect$$libshutdown$$00000010)
    __rt_lib_shutdown_signal_1               0x0800027f   Thumb Code     0  libshutdown2.o(.ARM.Collect$$libshutdown$$0000000A)
    __rt_lib_shutdown_stdio_1                0x0800027f   Thumb Code     0  libshutdown2.o(.ARM.Collect$$libshutdown$$00000004)
    __rt_lib_shutdown_user_alloc_1           0x0800027f   Thumb Code     0  libshutdown2.o(.ARM.Collect$$libshutdown$$0000000C)
    __rt_entry                               0x08000281   Thumb Code     0  __rtentry.o(.ARM.Collect$$rtentry$$00000000)
    __rt_entry_presh_1                       0x08000281   Thumb Code     0  __rtentry2.o(.ARM.Collect$$rtentry$$00000002)
    __rt_entry_sh                            0x08000281   Thumb Code     0  __rtentry4.o(.ARM.Collect$$rtentry$$00000004)
    __rt_entry_li                            0x08000287   Thumb Code     0  __rtentry2.o(.ARM.Collect$$rtentry$$0000000A)
    __rt_entry_postsh_1                      0x08000287   Thumb Code     0  __rtentry2.o(.ARM.Collect$$rtentry$$00000009)
    __rt_entry_main                          0x0800028b   Thumb Code     0  __rtentry2.o(.ARM.Collect$$rtentry$$0000000D)
    __rt_entry_postli_1                      0x0800028b   Thumb Code     0  __rtentry2.o(.ARM.Collect$$rtentry$$0000000C)
    __rt_exit                                0x08000293   Thumb Code     0  rtexit.o(.ARM.Collect$$rtexit$$00000000)
    __rt_exit_ls                             0x08000295   Thumb Code     0  rtexit2.o(.ARM.Collect$$rtexit$$00000003)
    __rt_exit_prels_1                        0x08000295   Thumb Code     0  rtexit2.o(.ARM.Collect$$rtexit$$00000002)
    __rt_exit_exit                           0x08000299   Thumb Code     0  rtexit2.o(.ARM.Collect$$rtexit$$00000004)
    Reset_Handler                            0x080002a1   Thumb Code    18  startup_stm32f4xx.o(.text)
    _maybe_terminate_alloc                   0x080002a1   Thumb Code     0  maybetermalloc1.o(.emb_text)
    NMI_Handler                              0x080002b3   Thumb Code     2  startup_stm32f4xx.o(.text)
    HardFault_Handler                        0x080002b5   Thumb Code     2  startup_stm32f4xx.o(.text)
    MemManage_Handler                        0x080002b7   Thumb Code     2  startup_stm32f4xx.o(.text)
    BusFault_Handler                         0x080002b9   Thumb Code     2  startup_stm32f4xx.o(.text)
    UsageFault_Handler                       0x080002bb   Thumb Code     2  startup_stm32f4xx.o(.text)
    SVC_Handler                              0x080002bd   Thumb Code     2  startup_stm32f4xx.o(.text)
    DebugMon_Handler                         0x080002bf   Thumb Code     2  startup_stm32f4xx.o(.text)
    PendSV_Handler                           0x080002c1   Thumb Code     2  startup_stm32f4xx.o(.text)
    ADC_IRQHandler                           0x080002c5   Thumb Code     0  startup_stm32f4xx.o(.text)
    CAN1_RX0_IRQHandler                      0x080002c5   Thumb Code     0  startup_stm32f4xx.o(.text)
    CAN1_RX1_IRQHandler                      0x080002c5   Thumb Code     0  startup_stm32f4xx.o(.text)
    CAN1_SCE_IRQHandler                      0x080002c5   Thumb Code     0  startup_stm32f4xx.o(.text)
    CAN1_TX_IRQHandler                       0x080002c5   Thumb Code     0  startup_stm32f4xx.o(.text)
    CAN2_RX0_IRQHandler                      0x080002c5   Thumb Code     0  startup_stm32f4xx.o(.text)
    CAN2_RX1_IRQHandler                      0x080002c5   Thumb Code     0  startup_stm32f4xx.o(.text)
    CAN2_SCE_IRQHandler                      0x080002c5   Thumb Code     0  startup_stm32f4xx.o(.text)
    CAN2_TX_IRQHandler                       0x080002c5   Thumb Code     0  startup_stm32f4xx.o(.text)
    CRYP_IRQHandler                          0x080002c5   Thumb Code     0  startup_stm32f4xx.o(.text)
    DCMI_IRQHandler                          0x080002c5   Thumb Code     0  startup_stm32f4xx.o(.text)
    DMA1_Stream0_IRQHandler                  0x080002c5   Thumb Code     0  startup_stm32f4xx.o(.text)
    DMA1_Stream1_IRQHandler                  0x080002c5   Thumb Code     0  startup_stm32f4xx.o(.text)
    DMA1_Stream2_IRQHandler                  0x080002c5   Thumb Code     0  startup_stm32f4xx.o(.text)
    DMA1_Stream3_IRQHandler                  0x080002c5   Thumb Code     0  startup_stm32f4xx.o(.text)
    DMA1_Stream4_IRQHandler                  0x080002c5   Thumb Code     0  startup_stm32f4xx.o(.text)
    DMA1_Stream5_IRQHandler                  0x080002c5   Thumb Code     0  startup_stm32f4xx.o(.text)
    DMA1_Stream6_IRQHandler                  0x080002c5   Thumb Code     0  startup_stm32f4xx.o(.text)
    DMA1_Stream7_IRQHandler                  0x080002c5   Thumb Code     0  startup_stm32f4xx.o(.text)
    DMA2_Stream0_IRQHandler                  0x080002c5   Thumb Code     0  startup_stm32f4xx.o(.text)
    DMA2_Stream1_IRQHandler                  0x080002c5   Thumb Code     0  startup_stm32f4xx.o(.text)
    DMA2_Stream2_IRQHandler                  0x080002c5   Thumb Code     0  startup_stm32f4xx.o(.text)
    DMA2_Stream3_IRQHandler                  0x080002c5   Thumb Code     0  startup_stm32f4xx.o(.text)
    DMA2_Stream4_IRQHandler                  0x080002c5   Thumb Code     0  startup_stm32f4xx.o(.text)
    DMA2_Stream5_IRQHandler                  0x080002c5   Thumb Code     0  startup_stm32f4xx.o(.text)
    DMA2_Stream6_IRQHandler                  0x080002c5   Thumb Code     0  startup_stm32f4xx.o(.text)
    DMA2_Stream7_IRQHandler                  0x080002c5   Thumb Code     0  startup_stm32f4xx.o(.text)
    ETH_IRQHandler                           0x080002c5   Thumb Code     0  startup_stm32f4xx.o(.text)
    ETH_WKUP_IRQHandler                      0x080002c5   Thumb Code     0  startup_stm32f4xx.o(.text)
    EXTI0_IRQHandler                         0x080002c5   Thumb Code     0  startup_stm32f4xx.o(.text)
    EXTI15_10_IRQHandler                     0x080002c5   Thumb Code     0  startup_stm32f4xx.o(.text)
    EXTI1_IRQHandler                         0x080002c5   Thumb Code     0  startup_stm32f4xx.o(.text)
    EXTI2_IRQHandler                         0x080002c5   Thumb Code     0  startup_stm32f4xx.o(.text)
    EXTI3_IRQHandler                         0x080002c5   Thumb Code     0  startup_stm32f4xx.o(.text)
    EXTI4_IRQHandler                         0x080002c5   Thumb Code     0  startup_stm32f4xx.o(.text)
    EXTI9_5_IRQHandler                       0x080002c5   Thumb Code     0  startup_stm32f4xx.o(.text)
    FLASH_IRQHandler                         0x080002c5   Thumb Code     0  startup_stm32f4xx.o(.text)
    FPU_IRQHandler                           0x080002c5   Thumb Code     0  startup_stm32f4xx.o(.text)
    FSMC_IRQHandler                          0x080002c5   Thumb Code     0  startup_stm32f4xx.o(.text)
    HASH_RNG_IRQHandler                      0x080002c5   Thumb Code     0  startup_stm32f4xx.o(.text)
    I2C1_ER_IRQHandler                       0x080002c5   Thumb Code     0  startup_stm32f4xx.o(.text)
    I2C1_EV_IRQHandler                       0x080002c5   Thumb Code     0  startup_stm32f4xx.o(.text)
    I2C2_ER_IRQHandler                       0x080002c5   Thumb Code     0  startup_stm32f4xx.o(.text)
    I2C2_EV_IRQHandler                       0x080002c5   Thumb Code     0  startup_stm32f4xx.o(.text)
    I2C3_ER_IRQHandler                       0x080002c5   Thumb Code     0  startup_stm32f4xx.o(.text)
    I2C3_EV_IRQHandler                       0x080002c5   Thumb Code     0  startup_stm32f4xx.o(.text)
    OTG_FS_IRQHandler                        0x080002c5   Thumb Code     0  startup_stm32f4xx.o(.text)
    OTG_FS_WKUP_IRQHandler                   0x080002c5   Thumb Code     0  startup_stm32f4xx.o(.text)
    OTG_HS_EP1_IN_IRQHandler                 0x080002c5   Thumb Code     0  startup_stm32f4xx.o(.text)
    OTG_HS_EP1_OUT_IRQHandler                0x080002c5   Thumb Code     0  startup_stm32f4xx.o(.text)
    OTG_HS_IRQHandler                        0x080002c5   Thumb Code     0  startup_stm32f4xx.o(.text)
    OTG_HS_WKUP_IRQHandler                   0x080002c5   Thumb Code     0  startup_stm32f4xx.o(.text)
    PVD_IRQHandler                           0x080002c5   Thumb Code     0  startup_stm32f4xx.o(.text)
    RCC_IRQHandler                           0x080002c5   Thumb Code     0  startup_stm32f4xx.o(.text)
    RTC_Alarm_IRQHandler                     0x080002c5   Thumb Code     0  startup_stm32f4xx.o(.text)
    RTC_WKUP_IRQHandler                      0x080002c5   Thumb Code     0  startup_stm32f4xx.o(.text)
    SDIO_IRQHandler                          0x080002c5   Thumb Code     0  startup_stm32f4xx.o(.text)
    SPI1_IRQHandler                          0x080002c5   Thumb Code     0  startup_stm32f4xx.o(.text)
    SPI2_IRQHandler                          0x080002c5   Thumb Code     0  startup_stm32f4xx.o(.text)
    SPI3_IRQHandler                          0x080002c5   Thumb Code     0  startup_stm32f4xx.o(.text)
    TAMP_STAMP_IRQHandler                    0x080002c5   Thumb Code     0  startup_stm32f4xx.o(.text)
    TIM1_BRK_TIM9_IRQHandler                 0x080002c5   Thumb Code     0  startup_stm32f4xx.o(.text)
    TIM1_CC_IRQHandler                       0x080002c5   Thumb Code     0  startup_stm32f4xx.o(.text)
    TIM1_TRG_COM_TIM11_IRQHandler            0x080002c5   Thumb Code     0  startup_stm32f4xx.o(.text)
    TIM1_UP_TIM10_IRQHandler                 0x080002c5   Thumb Code     0  startup_stm32f4xx.o(.text)
    TIM2_IRQHandler                          0x080002c5   Thumb Code     0  startup_stm32f4xx.o(.text)
    TIM3_IRQHandler                          0x080002c5   Thumb Code     0  startup_stm32f4xx.o(.text)
    TIM4_IRQHandler                          0x080002c5   Thumb Code     0  startup_stm32f4xx.o(.text)
    TIM5_IRQHandler                          0x080002c5   Thumb Code     0  startup_stm32f4xx.o(.text)
    TIM6_DAC_IRQHandler                      0x080002c5   Thumb Code     0  startup_stm32f4xx.o(.text)
    TIM7_IRQHandler                          0x080002c5   Thumb Code     0  startup_stm32f4xx.o(.text)
    TIM8_BRK_TIM12_IRQHandler                0x080002c5   Thumb Code     0  startup_stm32f4xx.o(.text)
    TIM8_CC_IRQHandler                       0x080002c5   Thumb Code     0  startup_stm32f4xx.o(.text)
    TIM8_TRG_COM_TIM14_IRQHandler            0x080002c5   Thumb Code     0  startup_stm32f4xx.o(.text)
    TIM8_UP_TIM13_IRQHandler                 0x080002c5   Thumb Code     0  startup_stm32f4xx.o(.text)
    UART4_IRQHandler                         0x080002c5   Thumb Code     0  startup_stm32f4xx.o(.text)
    UART5_IRQHandler                         0x080002c5   Thumb Code     0  startup_stm32f4xx.o(.text)
    USART2_IRQHandler                        0x080002c5   Thumb Code     0  startup_stm32f4xx.o(.text)
    USART3_IRQHandler                        0x080002c5   Thumb Code     0  startup_stm32f4xx.o(.text)
    USART6_IRQHandler                        0x080002c5   Thumb Code     0  startup_stm32f4xx.o(.text)
    WWDG_IRQHandler                          0x080002c5   Thumb Code     0  startup_stm32f4xx.o(.text)
    __user_initial_stackheap                 0x080002c9   Thumb Code     0  startup_stm32f4xx.o(.text)
    malloc                                   0x080002f1   Thumb Code    94  h1_alloc.o(.text)
    free                                     0x0800034f   Thumb Code    78  h1_free.o(.text)
    __aeabi_uldivmod                         0x0800039d   Thumb Code     0  lludivv7m.o(.text)
    _ll_udiv                                 0x0800039d   Thumb Code   238  lludivv7m.o(.text)
    __aeabi_llsl                             0x0800048b   Thumb Code     0  llshl.o(.text)
    _ll_shift_l                              0x0800048b   Thumb Code    38  llshl.o(.text)
    __aeabi_llsr                             0x080004b1   Thumb Code     0  llushr.o(.text)
    _ll_ushift_r                             0x080004b1   Thumb Code    38  llushr.o(.text)
    __2snprintf                              0x080004d9   Thumb Code    48  noretval__2snprintf.o(.text)
    _printf_int_dec                          0x0800050d   Thumb Code   104  _printf_dec.o(.text)
    _printf_longlong_hex                     0x08000585   Thumb Code    80  _printf_hex_int_ll.o(.text)
    _printf_int_hex                          0x080005d5   Thumb Code    28  _printf_hex_int_ll.o(.text)
    _printf_ll_hex                           0x080005f1   Thumb Code    12  _printf_hex_int_ll.o(.text)
    __printf                                 0x08000601   Thumb Code   388  __printf_flags_ss_wp.o(.text)
    strlen                                   0x08000789   Thumb Code    62  strlen.o(.text)
    __use_two_region_memory                  0x080007c7   Thumb Code     2  heapauxi.o(.text)
    __rt_heap_escrow                         0x080007c9   Thumb Code     2  heapauxi.o(.text)
    __rt_heap_expand                         0x080007cb   Thumb Code     2  heapauxi.o(.text)
    __rt_heap_descriptor                     0x080007cd   Thumb Code     8  rt_heap_descriptor_intlibspace.o(.text)
    __use_no_heap                            0x080007d5   Thumb Code     2  hguard.o(.text)
    __heap$guard                             0x080007d7   Thumb Code     2  hguard.o(.text)
    _terminate_user_alloc                    0x080007d9   Thumb Code     2  init_alloc.o(.text)
    _init_user_alloc                         0x080007db   Thumb Code     2  init_alloc.o(.text)
    __Heap_Full                              0x080007dd   Thumb Code    34  init_alloc.o(.text)
    __Heap_Broken                            0x080007ff   Thumb Code     6  init_alloc.o(.text)
    _init_alloc                              0x08000805   Thumb Code    94  init_alloc.o(.text)
    __Heap_Initialize                        0x08000863   Thumb Code    10  h1_init.o(.text)
    __Heap_DescSize                          0x0800086d   Thumb Code     4  h1_init.o(.text)
    __read_errno                             0x08000871   Thumb Code    10  _rserrno.o(.text)
    __set_errno                              0x0800087b   Thumb Code    12  _rserrno.o(.text)
    _printf_int_common                       0x08000887   Thumb Code   178  _printf_intcommon.o(.text)
    __lib_sel_fp_printf                      0x08000939   Thumb Code     2  _printf_fp_dec.o(.text)
    _printf_fp_dec_real                      0x08000aeb   Thumb Code   620  _printf_fp_dec.o(.text)
    _printf_char_common                      0x08000d63   Thumb Code    32  _printf_char_common.o(.text)
    _sputc                                   0x08000d89   Thumb Code    10  _sputc.o(.text)
    _snputc                                  0x08000d93   Thumb Code    16  _snputc.o(.text)
    __user_libspace                          0x08000da5   Thumb Code     8  libspace.o(.text)
    __user_perproc_libspace                  0x08000da5   Thumb Code     0  libspace.o(.text)
    __user_perthread_libspace                0x08000da5   Thumb Code     0  libspace.o(.text)
    __rt_locale                              0x08000dad   Thumb Code     8  rt_locale_intlibspace.o(.text)
    __aeabi_errno_addr                       0x08000db5   Thumb Code     8  rt_errno_addr_intlibspace.o(.text)
    __errno$intlibspace                      0x08000db5   Thumb Code     0  rt_errno_addr_intlibspace.o(.text)
    __rt_errno_addr$intlibspace              0x08000db5   Thumb Code     0  rt_errno_addr_intlibspace.o(.text)
    __Heap_ProvideMemory                     0x08000dbd   Thumb Code    52  h1_extend.o(.text)
    _ll_udiv10                               0x08000df1   Thumb Code   138  lludiv10.o(.text)
    _printf_fp_infnan                        0x08000e7d   Thumb Code   112  _printf_fp_infnan.o(.text)
    _btod_etento                             0x08000efd   Thumb Code   224  bigflt0.o(.text)
    __rt_SIGRTMEM                            0x08000fe1   Thumb Code    14  defsig_rtmem_outer.o(.text)
    __user_setup_stackheap                   0x08000fef   Thumb Code    74  sys_stackheap_outer.o(.text)
    exit                                     0x08001039   Thumb Code    18  exit.o(.text)
    __sig_exit                               0x0800104b   Thumb Code    10  defsig_exit.o(.text)
    __rt_SIGRTMEM_inner                      0x08001055   Thumb Code    22  defsig_rtmem_inner.o(.text)
    strcmp                                   0x080010a5   Thumb Code   128  strcmpv7m.o(.text)
    __default_signal_display                 0x08001125   Thumb Code    50  defsig_general.o(.text)
    _btod_d2e                                0x08001157   Thumb Code    62  btod.o(CL$$btod_d2e)
    _d2e_denorm_low                          0x08001195   Thumb Code    70  btod.o(CL$$btod_d2e_denorm_low)
    _d2e_norm_op1                            0x080011db   Thumb Code    96  btod.o(CL$$btod_d2e_norm_op1)
    __btod_div_common                        0x0800123b   Thumb Code   696  btod.o(CL$$btod_div_common)
    _e2e                                     0x08001573   Thumb Code   220  btod.o(CL$$btod_e2e)
    _btod_ediv                               0x0800164f   Thumb Code    42  btod.o(CL$$btod_ediv)
    _btod_emul                               0x08001679   Thumb Code    42  btod.o(CL$$btod_emul)
    __btod_mult_common                       0x080016a3   Thumb Code   580  btod.o(CL$$btod_mult_common)
    Delay                                    0x080018e9   Thumb Code    20  ti_lib.o(i.Delay)
    GPIO_Init                                0x08001901   Thumb Code   342  stm32f4xx_gpio.o(i.GPIO_Init)
    GPIO_PinAFConfig                         0x08001aa5   Thumb Code   338  stm32f4xx_gpio.o(i.GPIO_PinAFConfig)
    Init_IO                                  0x08001c45   Thumb Code   136  ti_board_io.o(i.Init_IO)
    Init_SPI                                 0x08001cd9   Thumb Code   384  ti_board_io.o(i.Init_SPI)
    Init_System_Clock                        0x08001e69   Thumb Code    94  ti_board_io.o(i.Init_System_Clock)
    Init_TI_Board                            0x08001ed5   Thumb Code    34  ti_lib.o(i.Init_TI_Board)
    NVIC_Init                                0x08001ef9   Thumb Code   164  misc.o(i.NVIC_Init)
    NVIC_PriorityGroupConfig                 0x08001fc9   Thumb Code    54  misc.o(i.NVIC_PriorityGroupConfig)
    RCC_AHB1PeriphClockCmd                   0x08002029   Thumb Code    70  stm32f4xx_rcc.o(i.RCC_AHB1PeriphClockCmd)
    RCC_APB2PeriphClockCmd                   0x080020a1   Thumb Code    70  stm32f4xx_rcc.o(i.RCC_APB2PeriphClockCmd)
    RCC_GetClocksFreq                        0x08002119   Thumb Code   214  stm32f4xx_rcc.o(i.RCC_GetClocksFreq)
    SysTick_Handler                          0x080022ed   Thumb Code     8  ti_lib.o(i.SysTick_Handler)
    SystemCoreClockUpdate                    0x080022f5   Thumb Code   170  system_stm32f4xx.o(i.SystemCoreClockUpdate)
    SystemInit                               0x080023b5   Thumb Code    88  system_stm32f4xx.o(i.SystemInit)
    TFT_Init                                 0x0800241d   Thumb Code    20  tft.o(i.TFT_Init)
    TFT_cls                                  0x08002431   Thumb Code    10  tft.o(i.TFT_cls)
    TFT_cursor_off                           0x0800243b   Thumb Code    36  tft.o(i.TFT_cursor_off)
    TFT_gotoxy                               0x0800245f   Thumb Code    46  tft.o(i.TFT_gotoxy)
    TFT_putc                                 0x0800248d   Thumb Code    30  tft.o(i.TFT_putc)
    TFT_puts                                 0x080024ab   Thumb Code    20  tft.o(i.TFT_puts)
    TFT_send_data                            0x080024c1   Thumb Code   230  tft.o(i.TFT_send_data)
    TFT_set_font_color                       0x080025b1   Thumb Code    44  tft.o(i.TFT_set_font_color)
    TFT_terminal_on                          0x080025dd   Thumb Code    30  tft.o(i.TFT_terminal_on)
    TFT_touch_key_feedback                   0x080025fb   Thumb Code    72  tft.o(i.TFT_touch_key_feedback)
    TimingDelay_Decrement                    0x08002645   Thumb Code    28  ti_lib.o(i.TimingDelay_Decrement)
    USART1_Buffer_Init                       0x08002669   Thumb Code    24  usart.o(i.USART1_Buffer_Init)
    USART1_IRQHandler                        0x0800268d   Thumb Code   138  usart.o(i.USART1_IRQHandler)
    USART1_Init                              0x08002729   Thumb Code   196  usart.o(i.USART1_Init)
    USART1_SendChar                          0x080027f5   Thumb Code    70  usart.o(i.USART1_SendChar)
    USART_Cmd                                0x08002849   Thumb Code    96  stm32f4xx_usart.o(i.USART_Cmd)
    USART_Init                               0x080028e9   Thumb Code   456  stm32f4xx_usart.o(i.USART_Init)
    USART_OverSampling8Cmd                   0x08002af5   Thumb Code    94  stm32f4xx_usart.o(i.USART_OverSampling8Cmd)
    __ARM_fpclassify                         0x08002b95   Thumb Code    48  fpclassify.o(i.__ARM_fpclassify)
    __hardfp_pow                             0x08002bc9   Thumb Code  3072  pow.o(i.__hardfp_pow)
    __kernel_poly                            0x08003819   Thumb Code   248  poly.o(i.__kernel_poly)
    __mathlib_dbl_divzero                    0x08003911   Thumb Code    28  dunder.o(i.__mathlib_dbl_divzero)
    __mathlib_dbl_infnan2                    0x08003941   Thumb Code    20  dunder.o(i.__mathlib_dbl_infnan2)
    __mathlib_dbl_invalid                    0x08003959   Thumb Code    24  dunder.o(i.__mathlib_dbl_invalid)
    __mathlib_dbl_overflow                   0x08003979   Thumb Code    24  dunder.o(i.__mathlib_dbl_overflow)
    __mathlib_dbl_underflow                  0x08003999   Thumb Code    24  dunder.o(i.__mathlib_dbl_underflow)
    _is_digit                                0x080039b9   Thumb Code    14  __printf_wp.o(i._is_digit)
    _sys_exit                                0x080039c7   Thumb Code     4  retarget.o(i._sys_exit)
    _ttywrch                                 0x080039cb   Thumb Code    20  retarget.o(i._ttywrch)
    assert_failed                            0x08003a19   Thumb Code     4  assert.o(i.assert_failed)
    calcCRC                                  0x08003a1d   Thumb Code    34  crc.o(i.calcCRC)
    createROM                                0x08003a45   Thumb Code    42  temperature.o(i.createROM)
    createSensor                             0x08003a71   Thumb Code    32  temperature.o(i.createSensor)
    detectAllSensors                         0x08003a99   Thumb Code   130  temperature.o(i.detectAllSensors)
    detectSensors                            0x08003b1b   Thumb Code    98  hardwarecontroller.o(i.detectSensors)
    errorHandler                             0x08003c3d   Thumb Code   108  errorhandling.o(i.errorHandler)
    fabs                                     0x08003d81   Thumb Code    24  fabs.o(i.fabs)
    getTimeStamp                             0x08003dd5   Thumb Code     8  timer.o(i.getTimeStamp)
    initHAL                                  0x08003ddd   Thumb Code    62  hal.o(i.initHAL)
    initHardwareController                   0x08003e1b   Thumb Code    12  hardwarecontroller.o(i.initHardwareController)
    initTemperature                          0x08003ebd   Thumb Code     8  temperature.o(i.initTemperature)
    initTemperatureOutput                    0x08003ec5   Thumb Code    18  output.o(i.initTemperatureOutput)
    isValidCRC                               0x08003ee9   Thumb Code    36  crc.o(i.isValidCRC)
    main                                     0x08003f61   Thumb Code   174  main.o(i.main)
    measure                                  0x08004011   Thumb Code    50  hardwarecontroller.o(i.measure)
    measureAllTemperatures                   0x08004049   Thumb Code    26  temperature.o(i.measureAllTemperatures)
    printROMs                                0x08004095   Thumb Code    68  output.o(i.printROMs)
    printTemperature                         0x080040e5   Thumb Code    42  output.o(i.printTemperature)
    readBit                                  0x0800411d   Thumb Code    50  hal.o(i.readBit)
    readByte                                 0x0800414f   Thumb Code    72  hal.o(i.readByte)
    readDuring                               0x08004199   Thumb Code   126  hal.o(i.readDuring)
    readScratch                              0x0800421d   Thumb Code    36  hardwarecontroller.o(i.readScratch)
    readTemperatureFromScratchpad            0x08004241   Thumb Code   114  temperature.o(i.readTemperatureFromScratchpad)
    reset                                    0x080042b3   Thumb Code    68  hal.o(i.reset)
    resetHardware                            0x080042f7   Thumb Code     8  hardwarecontroller.o(i.resetHardware)
    selectSlave                              0x080042ff   Thumb Code    34  hardwarecontroller.o(i.selectSlave)
    setPin                                   0x08004321   Thumb Code    28  hal.o(i.setPin)
    setPinMode                               0x08004341   Thumb Code    38  hal.o(i.setPinMode)
    skipRom                                  0x080043ad   Thumb Code    24  hardwarecontroller.o(i.skipRom)
    sqrt                                     0x080043c5   Thumb Code   110  sqrt.o(i.sqrt)
    timerinit                                0x080044d5   Thumb Code    36  timer.o(i.timerinit)
    wait                                     0x080044fd   Thumb Code    46  hal.o(i.wait)
    writeBit                                 0x0800452b   Thumb Code    80  hal.o(i.writeBit)
    writeByte                                0x0800457b   Thumb Code    14  hal.o(i.writeByte)
    writeBytes                               0x08004589   Thumb Code    52  hal.o(i.writeBytes)
    _get_lc_numeric                          0x080045bd   Thumb Code    44  lc_numeric_c.o(locale$$code)
    __aeabi_dneg                             0x080045e9   Thumb Code     0  basic.o(x$fpl$basic)
    _dneg                                    0x080045e9   Thumb Code     6  basic.o(x$fpl$basic)
    __aeabi_fneg                             0x080045ef   Thumb Code     0  basic.o(x$fpl$basic)
    _fneg                                    0x080045ef   Thumb Code     6  basic.o(x$fpl$basic)
    _dabs                                    0x080045f5   Thumb Code     6  basic.o(x$fpl$basic)
    _fabs                                    0x080045fb   Thumb Code     6  basic.o(x$fpl$basic)
    __aeabi_d2f                              0x08004601   Thumb Code     0  d2f.o(x$fpl$d2f)
    _d2f                                     0x08004601   Thumb Code    98  d2f.o(x$fpl$d2f)
    __aeabi_dadd                             0x08004665   Thumb Code     0  daddsub_clz.o(x$fpl$dadd)
    _dadd                                    0x08004665   Thumb Code   332  daddsub_clz.o(x$fpl$dadd)
    __fpl_dcheck_NaN1                        0x080047b5   Thumb Code    10  dcheck1.o(x$fpl$dcheck1)
    __fpl_dcmp_Inf                           0x080047c5   Thumb Code    24  dcmpi.o(x$fpl$dcmpinf)
    __aeabi_ddiv                             0x080047dd   Thumb Code     0  ddiv.o(x$fpl$ddiv)
    _ddiv                                    0x080047dd   Thumb Code   552  ddiv.o(x$fpl$ddiv)
    __aeabi_i2d                              0x08004a8d   Thumb Code     0  dflt_clz.o(x$fpl$dflt)
    _dflt                                    0x08004a8d   Thumb Code    46  dflt_clz.o(x$fpl$dflt)
    __aeabi_cdcmple                          0x08004abd   Thumb Code     0  dleqf.o(x$fpl$dleqf)
    _dcmple                                  0x08004abd   Thumb Code   120  dleqf.o(x$fpl$dleqf)
    __fpl_dcmple_InfNaN                      0x08004b1f   Thumb Code     0  dleqf.o(x$fpl$dleqf)
    __aeabi_dmul                             0x08004b35   Thumb Code     0  dmul.o(x$fpl$dmul)
    _dmul                                    0x08004b35   Thumb Code   332  dmul.o(x$fpl$dmul)
    __fpl_dnaninf                            0x08004c89   Thumb Code   156  dnaninf.o(x$fpl$dnaninf)
    __fpl_dretinf                            0x08004d25   Thumb Code    12  dretinf.o(x$fpl$dretinf)
    __aeabi_cdrcmple                         0x08004d31   Thumb Code     0  drleqf.o(x$fpl$drleqf)
    _drcmple                                 0x08004d31   Thumb Code   108  drleqf.o(x$fpl$drleqf)
    __aeabi_drsub                            0x08004d9d   Thumb Code     0  daddsub_clz.o(x$fpl$drsb)
    _drsb                                    0x08004d9d   Thumb Code    22  daddsub_clz.o(x$fpl$drsb)
    _dsqrt                                   0x08004db5   Thumb Code   404  dsqrt_umaal.o(x$fpl$dsqrt)
    __aeabi_dsub                             0x08004f4d   Thumb Code     0  daddsub_clz.o(x$fpl$dsub)
    _dsub                                    0x08004f4d   Thumb Code   464  daddsub_clz.o(x$fpl$dsub)
    __aeabi_f2d                              0x08005121   Thumb Code     0  f2d.o(x$fpl$f2d)
    _f2d                                     0x08005121   Thumb Code    86  f2d.o(x$fpl$f2d)
    __fpl_fnaninf                            0x08005177   Thumb Code   140  fnaninf.o(x$fpl$fnaninf)
    _fp_init                                 0x08005203   Thumb Code    10  fpinit.o(x$fpl$fpinit)
    __fplib_config_fpu_vfp                   0x0800520b   Thumb Code     0  fpinit.o(x$fpl$fpinit)
    __fplib_config_pureend_doubles           0x0800520b   Thumb Code     0  fpinit.o(x$fpl$fpinit)
    __fpl_fretinf                            0x0800520d   Thumb Code    10  fretinf.o(x$fpl$fretinf)
    _printf_fp_dec                           0x08005217   Thumb Code     4  printf1.o(x$fpl$printf1)
    __fpl_return_NaN                         0x0800521b   Thumb Code   100  retnan.o(x$fpl$retnan)
    __ARM_scalbn                             0x0800527f   Thumb Code    92  scalbn.o(x$fpl$scalbn)
    __fpl_cmpreturn                          0x080052db   Thumb Code    48  trapv.o(x$fpl$trapveneer)
    __I$use$fp                               0x0800530a   Number         0  usenofp.o(x$fpl$usenofp)
    __mathlib_zero                           0x080053d0   Data           8  qnan.o(.constdata)
    Region$$Table$$Base                      0x0800546c   Number         0  anon$$obj.o(Region$$Table)
    Region$$Table$$Limit                     0x0800548c   Number         0  anon$$obj.o(Region$$Table)
    SystemCoreClock                          0x20000018   Data           4  system_stm32f4xx.o(.data)
    AHBPrescTable                            0x2000001c   Data          16  system_stm32f4xx.o(.data)
    __libspace_start                         0x20000494   Data          96  libspace.o(.bss)
    __temporary_stack_top$libspace           0x200004f4   Data           0  libspace.o(.bss)



==============================================================================

Memory Map of the image

  Image Entry point : 0x08000189

  Load Region LR_IROM1 (Base: 0x08000000, Size: 0x000056dc, Max: 0x00100000, ABSOLUTE, COMPRESSED[0x000056bc])

    Execution Region ER_IROM1 (Exec base: 0x08000000, Load base: 0x08000000, Size: 0x000054a8, Max: 0x00100000, ABSOLUTE)

    Exec Addr    Load Addr    Size         Type   Attr      Idx    E Section Name        Object

    0x08000000   0x08000000   0x00000188   Data   RO         1464    RESET               startup_stm32f4xx.o
    0x08000188   0x08000188   0x00000008   Code   RO         2162  * !!!main             c_w.l(__main.o)
    0x08000190   0x08000190   0x00000034   Code   RO         2534    !!!scatter          c_w.l(__scatter.o)
    0x080001c4   0x080001c4   0x0000005a   Code   RO         2532    !!dczerorl2         c_w.l(__dczerorl2.o)
    0x0800021e   0x0800021e   0x00000002   PAD
    0x08000220   0x08000220   0x0000001c   Code   RO         2536    !!handler_zi        c_w.l(__scatter_zi.o)
    0x0800023c   0x0800023c   0x00000000   Code   RO         2156    .ARM.Collect$$_printf_percent$$00000000  c_w.l(_printf_percent.o)
    0x0800023c   0x0800023c   0x00000006   Code   RO         2155    .ARM.Collect$$_printf_percent$$00000003  c_w.l(_printf_f.o)
    0x08000242   0x08000242   0x0000000a   Code   RO         2243    .ARM.Collect$$_printf_percent$$00000007  c_w.l(_printf_ll.o)
    0x0800024c   0x0800024c   0x00000006   Code   RO         2154    .ARM.Collect$$_printf_percent$$00000009  c_w.l(_printf_d.o)
    0x08000252   0x08000252   0x00000006   Code   RO         2157    .ARM.Collect$$_printf_percent$$00000011  c_w.l(_printf_llx.o)
    0x08000258   0x08000258   0x00000004   Code   RO         2242    .ARM.Collect$$_printf_percent$$00000017  c_w.l(_printf_percent_end.o)
    0x0800025c   0x0800025c   0x00000002   Code   RO         2469    .ARM.Collect$$libinit$$00000000  c_w.l(libinit.o)
    0x0800025e   0x0800025e   0x00000004   Code   RO         2248    .ARM.Collect$$libinit$$00000001  c_w.l(libinit2.o)
    0x08000262   0x08000262   0x00000000   Code   RO         2251    .ARM.Collect$$libinit$$00000004  c_w.l(libinit2.o)
    0x08000262   0x08000262   0x00000008   Code   RO         2252    .ARM.Collect$$libinit$$00000005  c_w.l(libinit2.o)
    0x0800026a   0x0800026a   0x00000000   Code   RO         2254    .ARM.Collect$$libinit$$0000000A  c_w.l(libinit2.o)
    0x0800026a   0x0800026a   0x00000000   Code   RO         2256    .ARM.Collect$$libinit$$0000000C  c_w.l(libinit2.o)
    0x0800026a   0x0800026a   0x00000000   Code   RO         2258    .ARM.Collect$$libinit$$0000000E  c_w.l(libinit2.o)
    0x0800026a   0x0800026a   0x00000006   Code   RO         2259    .ARM.Collect$$libinit$$0000000F  c_w.l(libinit2.o)
    0x08000270   0x08000270   0x00000000   Code   RO         2261    .ARM.Collect$$libinit$$00000011  c_w.l(libinit2.o)
    0x08000270   0x08000270   0x00000000   Code   RO         2263    .ARM.Collect$$libinit$$00000013  c_w.l(libinit2.o)
    0x08000270   0x08000270   0x00000000   Code   RO         2265    .ARM.Collect$$libinit$$00000015  c_w.l(libinit2.o)
    0x08000270   0x08000270   0x0000000a   Code   RO         2266    .ARM.Collect$$libinit$$00000016  c_w.l(libinit2.o)
    0x0800027a   0x0800027a   0x00000000   Code   RO         2267    .ARM.Collect$$libinit$$00000017  c_w.l(libinit2.o)
    0x0800027a   0x0800027a   0x00000000   Code   RO         2269    .ARM.Collect$$libinit$$00000019  c_w.l(libinit2.o)
    0x0800027a   0x0800027a   0x00000000   Code   RO         2271    .ARM.Collect$$libinit$$0000001B  c_w.l(libinit2.o)
    0x0800027a   0x0800027a   0x00000000   Code   RO         2273    .ARM.Collect$$libinit$$0000001D  c_w.l(libinit2.o)
    0x0800027a   0x0800027a   0x00000000   Code   RO         2275    .ARM.Collect$$libinit$$0000001F  c_w.l(libinit2.o)
    0x0800027a   0x0800027a   0x00000000   Code   RO         2277    .ARM.Collect$$libinit$$00000021  c_w.l(libinit2.o)
    0x0800027a   0x0800027a   0x00000000   Code   RO         2279    .ARM.Collect$$libinit$$00000023  c_w.l(libinit2.o)
    0x0800027a   0x0800027a   0x00000000   Code   RO         2281    .ARM.Collect$$libinit$$00000025  c_w.l(libinit2.o)
    0x0800027a   0x0800027a   0x00000000   Code   RO         2285    .ARM.Collect$$libinit$$0000002C  c_w.l(libinit2.o)
    0x0800027a   0x0800027a   0x00000000   Code   RO         2287    .ARM.Collect$$libinit$$0000002E  c_w.l(libinit2.o)
    0x0800027a   0x0800027a   0x00000000   Code   RO         2289    .ARM.Collect$$libinit$$00000030  c_w.l(libinit2.o)
    0x0800027a   0x0800027a   0x00000000   Code   RO         2291    .ARM.Collect$$libinit$$00000032  c_w.l(libinit2.o)
    0x0800027a   0x0800027a   0x00000002   Code   RO         2292    .ARM.Collect$$libinit$$00000033  c_w.l(libinit2.o)
    0x0800027c   0x0800027c   0x00000002   Code   RO         2529    .ARM.Collect$$libshutdown$$00000000  c_w.l(libshutdown.o)
    0x0800027e   0x0800027e   0x00000000   Code   RO         2487    .ARM.Collect$$libshutdown$$00000002  c_w.l(libshutdown2.o)
    0x0800027e   0x0800027e   0x00000000   Code   RO         2489    .ARM.Collect$$libshutdown$$00000004  c_w.l(libshutdown2.o)
    0x0800027e   0x0800027e   0x00000000   Code   RO         2492    .ARM.Collect$$libshutdown$$00000007  c_w.l(libshutdown2.o)
    0x0800027e   0x0800027e   0x00000000   Code   RO         2495    .ARM.Collect$$libshutdown$$0000000A  c_w.l(libshutdown2.o)
    0x0800027e   0x0800027e   0x00000000   Code   RO         2497    .ARM.Collect$$libshutdown$$0000000C  c_w.l(libshutdown2.o)
    0x0800027e   0x0800027e   0x00000000   Code   RO         2500    .ARM.Collect$$libshutdown$$0000000F  c_w.l(libshutdown2.o)
    0x0800027e   0x0800027e   0x00000002   Code   RO         2501    .ARM.Collect$$libshutdown$$00000010  c_w.l(libshutdown2.o)
    0x08000280   0x08000280   0x00000000   Code   RO         2198    .ARM.Collect$$rtentry$$00000000  c_w.l(__rtentry.o)
    0x08000280   0x08000280   0x00000000   Code   RO         2355    .ARM.Collect$$rtentry$$00000002  c_w.l(__rtentry2.o)
    0x08000280   0x08000280   0x00000006   Code   RO         2367    .ARM.Collect$$rtentry$$00000004  c_w.l(__rtentry4.o)
    0x08000286   0x08000286   0x00000000   Code   RO         2357    .ARM.Collect$$rtentry$$00000009  c_w.l(__rtentry2.o)
    0x08000286   0x08000286   0x00000004   Code   RO         2358    .ARM.Collect$$rtentry$$0000000A  c_w.l(__rtentry2.o)
    0x0800028a   0x0800028a   0x00000000   Code   RO         2360    .ARM.Collect$$rtentry$$0000000C  c_w.l(__rtentry2.o)
    0x0800028a   0x0800028a   0x00000008   Code   RO         2361    .ARM.Collect$$rtentry$$0000000D  c_w.l(__rtentry2.o)
    0x08000292   0x08000292   0x00000002   Code   RO         2474    .ARM.Collect$$rtexit$$00000000  c_w.l(rtexit.o)
    0x08000294   0x08000294   0x00000000   Code   RO         2505    .ARM.Collect$$rtexit$$00000002  c_w.l(rtexit2.o)
    0x08000294   0x08000294   0x00000004   Code   RO         2506    .ARM.Collect$$rtexit$$00000003  c_w.l(rtexit2.o)
    0x08000298   0x08000298   0x00000006   Code   RO         2507    .ARM.Collect$$rtexit$$00000004  c_w.l(rtexit2.o)
    0x0800029e   0x0800029e   0x00000002   PAD
    0x080002a0   0x080002a0   0x00000000   Code   RO         2383    .emb_text           c_w.l(maybetermalloc1.o)
    0x080002a0   0x080002a0   0x00000050   Code   RO         1465    .text               startup_stm32f4xx.o
    0x080002f0   0x080002f0   0x0000005e   Code   RO         2034    .text               c_w.l(h1_alloc.o)
    0x0800034e   0x0800034e   0x0000004e   Code   RO         2036    .text               c_w.l(h1_free.o)
    0x0800039c   0x0800039c   0x000000ee   Code   RO         2092    .text               c_w.l(lludivv7m.o)
    0x0800048a   0x0800048a   0x00000026   Code   RO         2094    .text               c_w.l(llshl.o)
    0x080004b0   0x080004b0   0x00000026   Code   RO         2096    .text               c_w.l(llushr.o)
    0x080004d6   0x080004d6   0x00000002   PAD
    0x080004d8   0x080004d8   0x00000034   Code   RO         2104    .text               c_w.l(noretval__2snprintf.o)
    0x0800050c   0x0800050c   0x00000078   Code   RO         2110    .text               c_w.l(_printf_dec.o)
    0x08000584   0x08000584   0x0000007c   Code   RO         2118    .text               c_w.l(_printf_hex_int_ll.o)
    0x08000600   0x08000600   0x00000188   Code   RO         2150    .text               c_w.l(__printf_flags_ss_wp.o)
    0x08000788   0x08000788   0x0000003e   Code   RO         2158    .text               c_w.l(strlen.o)
    0x080007c6   0x080007c6   0x00000006   Code   RO         2160    .text               c_w.l(heapauxi.o)
    0x080007cc   0x080007cc   0x00000008   Code   RO         2206    .text               c_w.l(rt_heap_descriptor_intlibspace.o)
    0x080007d4   0x080007d4   0x00000004   Code   RO         2208    .text               c_w.l(hguard.o)
    0x080007d8   0x080007d8   0x0000008a   Code   RO         2210    .text               c_w.l(init_alloc.o)
    0x08000862   0x08000862   0x0000000e   Code   RO         2214    .text               c_w.l(h1_init.o)
    0x08000870   0x08000870   0x00000016   Code   RO         2228    .text               c_w.l(_rserrno.o)
    0x08000886   0x08000886   0x000000b2   Code   RO         2230    .text               c_w.l(_printf_intcommon.o)
    0x08000938   0x08000938   0x0000041e   Code   RO         2232    .text               c_w.l(_printf_fp_dec.o)
    0x08000d56   0x08000d56   0x00000002   PAD
    0x08000d58   0x08000d58   0x00000030   Code   RO         2234    .text               c_w.l(_printf_char_common.o)
    0x08000d88   0x08000d88   0x0000000a   Code   RO         2236    .text               c_w.l(_sputc.o)
    0x08000d92   0x08000d92   0x00000010   Code   RO         2238    .text               c_w.l(_snputc.o)
    0x08000da2   0x08000da2   0x00000002   PAD
    0x08000da4   0x08000da4   0x00000008   Code   RO         2351    .text               c_w.l(libspace.o)
    0x08000dac   0x08000dac   0x00000008   Code   RO         2374    .text               c_w.l(rt_locale_intlibspace.o)
    0x08000db4   0x08000db4   0x00000008   Code   RO         2379    .text               c_w.l(rt_errno_addr_intlibspace.o)
    0x08000dbc   0x08000dbc   0x00000034   Code   RO         2385    .text               c_w.l(h1_extend.o)
    0x08000df0   0x08000df0   0x0000008a   Code   RO         2389    .text               c_w.l(lludiv10.o)
    0x08000e7a   0x08000e7a   0x00000002   PAD
    0x08000e7c   0x08000e7c   0x00000080   Code   RO         2391    .text               c_w.l(_printf_fp_infnan.o)
    0x08000efc   0x08000efc   0x000000e4   Code   RO         2395    .text               c_w.l(bigflt0.o)
    0x08000fe0   0x08000fe0   0x0000000e   Code   RO         2423    .text               c_w.l(defsig_rtmem_outer.o)
    0x08000fee   0x08000fee   0x0000004a   Code   RO         2442    .text               c_w.l(sys_stackheap_outer.o)
    0x08001038   0x08001038   0x00000012   Code   RO         2448    .text               c_w.l(exit.o)
    0x0800104a   0x0800104a   0x0000000a   Code   RO         2450    .text               c_w.l(defsig_exit.o)
    0x08001054   0x08001054   0x00000050   Code   RO         2456    .text               c_w.l(defsig_rtmem_inner.o)
    0x080010a4   0x080010a4   0x00000080   Code   RO         2458    .text               c_w.l(strcmpv7m.o)
    0x08001124   0x08001124   0x00000032   Code   RO         2482    .text               c_w.l(defsig_general.o)
    0x08001156   0x08001156   0x0000003e   Code   RO         2398    CL$$btod_d2e        c_w.l(btod.o)
    0x08001194   0x08001194   0x00000046   Code   RO         2400    CL$$btod_d2e_denorm_low  c_w.l(btod.o)
    0x080011da   0x080011da   0x00000060   Code   RO         2399    CL$$btod_d2e_norm_op1  c_w.l(btod.o)
    0x0800123a   0x0800123a   0x00000338   Code   RO         2408    CL$$btod_div_common  c_w.l(btod.o)
    0x08001572   0x08001572   0x000000dc   Code   RO         2405    CL$$btod_e2e        c_w.l(btod.o)
    0x0800164e   0x0800164e   0x0000002a   Code   RO         2402    CL$$btod_ediv       c_w.l(btod.o)
    0x08001678   0x08001678   0x0000002a   Code   RO         2401    CL$$btod_emul       c_w.l(btod.o)
    0x080016a2   0x080016a2   0x00000244   Code   RO         2407    CL$$btod_mult_common  c_w.l(btod.o)
    0x080018e6   0x080018e6   0x00000002   PAD
    0x080018e8   0x080018e8   0x00000018   Code   RO          404    i.Delay             ti_lib.o
    0x08001900   0x08001900   0x000001a4   Code   RO         1364    i.GPIO_Init         stm32f4xx_gpio.o
    0x08001aa4   0x08001aa4   0x000001a0   Code   RO         1365    i.GPIO_PinAFConfig  stm32f4xx_gpio.o
    0x08001c44   0x08001c44   0x00000094   Code   RO         1656    i.Init_IO           ti_board_io.o
    0x08001cd8   0x08001cd8   0x00000190   Code   RO         1657    i.Init_SPI          ti_board_io.o
    0x08001e68   0x08001e68   0x0000006c   Code   RO         1658    i.Init_System_Clock  ti_board_io.o
    0x08001ed4   0x08001ed4   0x00000022   Code   RO          405    i.Init_TI_Board     ti_lib.o
    0x08001ef6   0x08001ef6   0x00000002   PAD
    0x08001ef8   0x08001ef8   0x000000d0   Code   RO          459    i.NVIC_Init         misc.o
    0x08001fc8   0x08001fc8   0x00000060   Code   RO          460    i.NVIC_PriorityGroupConfig  misc.o
    0x08002028   0x08002028   0x00000078   Code   RO         1083    i.RCC_AHB1PeriphClockCmd  stm32f4xx_rcc.o
    0x080020a0   0x080020a0   0x00000078   Code   RO         1095    i.RCC_APB2PeriphClockCmd  stm32f4xx_rcc.o
    0x08002118   0x08002118   0x000000e8   Code   RO         1104    i.RCC_GetClocksFreq  stm32f4xx_rcc.o
    0x08002200   0x08002200   0x000000ec   Code   RO         1471    i.SetSysClock       system_stm32f4xx.o
    0x080022ec   0x080022ec   0x00000008   Code   RO          406    i.SysTick_Handler   ti_lib.o
    0x080022f4   0x080022f4   0x000000c0   Code   RO         1472    i.SystemCoreClockUpdate  system_stm32f4xx.o
    0x080023b4   0x080023b4   0x00000068   Code   RO         1473    i.SystemInit        system_stm32f4xx.o
    0x0800241c   0x0800241c   0x00000014   Code   RO           63    i.TFT_Init          tft.o
    0x08002430   0x08002430   0x0000000a   Code   RO           74    i.TFT_cls           tft.o
    0x0800243a   0x0800243a   0x00000024   Code   RO           75    i.TFT_cursor_off    tft.o
    0x0800245e   0x0800245e   0x0000002e   Code   RO           80    i.TFT_gotoxy        tft.o
    0x0800248c   0x0800248c   0x0000001e   Code   RO           87    i.TFT_putc          tft.o
    0x080024aa   0x080024aa   0x00000014   Code   RO           88    i.TFT_puts          tft.o
    0x080024be   0x080024be   0x00000002   PAD
    0x080024c0   0x080024c0   0x000000f0   Code   RO           90    i.TFT_send_data     tft.o
    0x080025b0   0x080025b0   0x0000002c   Code   RO           93    i.TFT_set_font_color  tft.o
    0x080025dc   0x080025dc   0x0000001e   Code   RO          100    i.TFT_terminal_on   tft.o
    0x080025fa   0x080025fa   0x00000048   Code   RO          107    i.TFT_touch_key_feedback  tft.o
    0x08002642   0x08002642   0x00000002   PAD
    0x08002644   0x08002644   0x00000024   Code   RO          407    i.TimingDelay_Decrement  ti_lib.o
    0x08002668   0x08002668   0x00000024   Code   RO         1571    i.USART1_Buffer_Init  usart.o
    0x0800268c   0x0800268c   0x0000009c   Code   RO         1573    i.USART1_IRQHandler  usart.o
    0x08002728   0x08002728   0x000000cc   Code   RO         1574    i.USART1_Init       usart.o
    0x080027f4   0x080027f4   0x00000054   Code   RO         1575    i.USART1_SendChar   usart.o
    0x08002848   0x08002848   0x000000a0   Code   RO          896    i.USART_Cmd         stm32f4xx_usart.o
    0x080028e8   0x080028e8   0x0000020c   Code   RO          903    i.USART_Init        stm32f4xx_usart.o
    0x08002af4   0x08002af4   0x000000a0   Code   RO          909    i.USART_OverSampling8Cmd  stm32f4xx_usart.o
    0x08002b94   0x08002b94   0x00000030   Code   RO         2334    i.__ARM_fpclassify  m_wm.l(fpclassify.o)
    0x08002bc4   0x08002bc4   0x00000004   PAD
    0x08002bc8   0x08002bc8   0x00000c50   Code   RO         2182    i.__hardfp_pow      m_wm.l(pow.o)
    0x08003818   0x08003818   0x000000f8   Code   RO         2336    i.__kernel_poly     m_wm.l(poly.o)
    0x08003910   0x08003910   0x00000030   Code   RO         2314    i.__mathlib_dbl_divzero  m_wm.l(dunder.o)
    0x08003940   0x08003940   0x00000014   Code   RO         2316    i.__mathlib_dbl_infnan2  m_wm.l(dunder.o)
    0x08003954   0x08003954   0x00000004   PAD
    0x08003958   0x08003958   0x00000020   Code   RO         2317    i.__mathlib_dbl_invalid  m_wm.l(dunder.o)
    0x08003978   0x08003978   0x00000020   Code   RO         2318    i.__mathlib_dbl_overflow  m_wm.l(dunder.o)
    0x08003998   0x08003998   0x00000020   Code   RO         2320    i.__mathlib_dbl_underflow  m_wm.l(dunder.o)
    0x080039b8   0x080039b8   0x0000000e   Code   RO         2143    i._is_digit         c_w.l(__printf_wp.o)
    0x080039c6   0x080039c6   0x00000004   Code   RO         1509    i._sys_exit         retarget.o
    0x080039ca   0x080039ca   0x00000014   Code   RO         1510    i._ttywrch          retarget.o
    0x080039de   0x080039de   0x00000002   PAD
    0x080039e0   0x080039e0   0x00000038   Code   RO         1767    i.addRomToList      hardwarecontroller.o
    0x08003a18   0x08003a18   0x00000004   Code   RO            1    i.assert_failed     assert.o
    0x08003a1c   0x08003a1c   0x00000028   Code   RO         1923    i.calcCRC           crc.o
    0x08003a44   0x08003a44   0x0000002a   Code   RO         1876    i.createROM         temperature.o
    0x08003a6e   0x08003a6e   0x00000002   PAD
    0x08003a70   0x08003a70   0x00000028   Code   RO         1877    i.createSensor      temperature.o
    0x08003a98   0x08003a98   0x00000082   Code   RO         1878    i.detectAllSensors  temperature.o
    0x08003b1a   0x08003b1a   0x00000062   Code   RO         1768    i.detectSensors     hardwarecontroller.o
    0x08003b7c   0x08003b7c   0x000000be   Code   RO         1769    i.detectSensorsRecursively  hardwarecontroller.o
    0x08003c3a   0x08003c3a   0x00000002   PAD
    0x08003c3c   0x08003c3c   0x00000144   Code   RO         1861    i.errorHandler      errorhandling.o
    0x08003d80   0x08003d80   0x00000018   Code   RO         2330    i.fabs              m_wm.l(fabs.o)
    0x08003d98   0x08003d98   0x0000000c   Code   RO         1770    i.getNumberOfRoms   hardwarecontroller.o
    0x08003da4   0x08003da4   0x00000030   Code   RO         1771    i.getRomFromList    hardwarecontroller.o
    0x08003dd4   0x08003dd4   0x00000008   Code   RO          375    i.getTimeStamp      timer.o
    0x08003ddc   0x08003ddc   0x0000003e   Code   RO         1945    i.initHAL           hal.o
    0x08003e1a   0x08003e1a   0x0000000c   Code   RO         1772    i.initHardwareController  hardwarecontroller.o
    0x08003e26   0x08003e26   0x00000064   Code   RO         1738    i.initROMList       main.o
    0x08003e8a   0x08003e8a   0x00000002   PAD
    0x08003e8c   0x08003e8c   0x00000030   Code   RO         1773    i.initRomList       hardwarecontroller.o
    0x08003ebc   0x08003ebc   0x00000008   Code   RO         1879    i.initTemperature   temperature.o
    0x08003ec4   0x08003ec4   0x00000024   Code   RO         1695    i.initTemperatureOutput  output.o
    0x08003ee8   0x08003ee8   0x00000024   Code   RO         1924    i.isValidCRC        crc.o
    0x08003f0c   0x08003f0c   0x00000054   Code   RO         1774    i.jumpToBranch      hardwarecontroller.o
    0x08003f60   0x08003f60   0x000000ae   Code   RO         1739    i.main              main.o
    0x0800400e   0x0800400e   0x00000002   PAD
    0x08004010   0x08004010   0x00000038   Code   RO         1775    i.measure           hardwarecontroller.o
    0x08004048   0x08004048   0x0000001a   Code   RO         1880    i.measureAllTemperatures  temperature.o
    0x08004062   0x08004062   0x00000002   PAD
    0x08004064   0x08004064   0x00000030   Code   RO         1696    i.printROM          output.o
    0x08004094   0x08004094   0x00000050   Code   RO         1697    i.printROMs         output.o
    0x080040e4   0x080040e4   0x00000038   Code   RO         1698    i.printTemperature  output.o
    0x0800411c   0x0800411c   0x00000032   Code   RO         1946    i.readBit           hal.o
    0x0800414e   0x0800414e   0x00000048   Code   RO         1947    i.readByte          hal.o
    0x08004196   0x08004196   0x00000002   PAD
    0x08004198   0x08004198   0x00000084   Code   RO         1948    i.readDuring        hal.o
    0x0800421c   0x0800421c   0x00000024   Code   RO         1776    i.readScratch       hardwarecontroller.o
    0x08004240   0x08004240   0x00000072   Code   RO         1881    i.readTemperatureFromScratchpad  temperature.o
    0x080042b2   0x080042b2   0x00000044   Code   RO         1949    i.reset             hal.o
    0x080042f6   0x080042f6   0x00000008   Code   RO         1777    i.resetHardware     hardwarecontroller.o
    0x080042fe   0x080042fe   0x00000022   Code   RO         1778    i.selectSlave       hardwarecontroller.o
    0x08004320   0x08004320   0x00000020   Code   RO         1950    i.setPin            hal.o
    0x08004340   0x08004340   0x0000002c   Code   RO         1951    i.setPinMode        hal.o
    0x0800436c   0x0800436c   0x00000040   Code   RO         1952    i.setPinReadOrWrite  hal.o
    0x080043ac   0x080043ac   0x00000018   Code   RO         1779    i.skipRom           hardwarecontroller.o
    0x080043c4   0x080043c4   0x0000006e   Code   RO         2341    i.sqrt              m_wm.l(sqrt.o)
    0x08004432   0x08004432   0x00000002   PAD
    0x08004434   0x08004434   0x000000a0   Code   RO         1882    i.temperatureToDouble  temperature.o
    0x080044d4   0x080044d4   0x00000028   Code   RO          376    i.timerinit         timer.o
    0x080044fc   0x080044fc   0x0000002e   Code   RO         1953    i.wait              hal.o
    0x0800452a   0x0800452a   0x00000050   Code   RO         1954    i.writeBit          hal.o
    0x0800457a   0x0800457a   0x0000000e   Code   RO         1955    i.writeByte         hal.o
    0x08004588   0x08004588   0x00000034   Code   RO         1956    i.writeBytes        hal.o
    0x080045bc   0x080045bc   0x0000002c   Code   RO         2421    locale$$code        c_w.l(lc_numeric_c.o)
    0x080045e8   0x080045e8   0x00000018   Code   RO         2293    x$fpl$basic         fz_wm.l(basic.o)
    0x08004600   0x08004600   0x00000062   Code   RO         2164    x$fpl$d2f           fz_wm.l(d2f.o)
    0x08004662   0x08004662   0x00000002   PAD
    0x08004664   0x08004664   0x00000150   Code   RO         2166    x$fpl$dadd          fz_wm.l(daddsub_clz.o)
    0x080047b4   0x080047b4   0x00000010   Code   RO         2432    x$fpl$dcheck1       fz_wm.l(dcheck1.o)
    0x080047c4   0x080047c4   0x00000018   Code   RO         2470    x$fpl$dcmpinf       fz_wm.l(dcmpi.o)
    0x080047dc   0x080047dc   0x000002b0   Code   RO         2296    x$fpl$ddiv          fz_wm.l(ddiv.o)
    0x08004a8c   0x08004a8c   0x0000002e   Code   RO         2173    x$fpl$dflt          fz_wm.l(dflt_clz.o)
    0x08004aba   0x08004aba   0x00000002   PAD
    0x08004abc   0x08004abc   0x00000078   Code   RO         2434    x$fpl$dleqf         fz_wm.l(dleqf.o)
    0x08004b34   0x08004b34   0x00000154   Code   RO         2299    x$fpl$dmul          fz_wm.l(dmul.o)
    0x08004c88   0x08004c88   0x0000009c   Code   RO         2301    x$fpl$dnaninf       fz_wm.l(dnaninf.o)
    0x08004d24   0x08004d24   0x0000000c   Code   RO         2303    x$fpl$dretinf       fz_wm.l(dretinf.o)
    0x08004d30   0x08004d30   0x0000006c   Code   RO         2305    x$fpl$drleqf        fz_wm.l(drleqf.o)
    0x08004d9c   0x08004d9c   0x00000016   Code   RO         2167    x$fpl$drsb          fz_wm.l(daddsub_clz.o)
    0x08004db2   0x08004db2   0x00000002   PAD
    0x08004db4   0x08004db4   0x00000198   Code   RO         2436    x$fpl$dsqrt         fz_wm.l(dsqrt_umaal.o)
    0x08004f4c   0x08004f4c   0x000001d4   Code   RO         2168    x$fpl$dsub          fz_wm.l(daddsub_clz.o)
    0x08005120   0x08005120   0x00000056   Code   RO         2178    x$fpl$f2d           fz_wm.l(f2d.o)
    0x08005176   0x08005176   0x0000008c   Code   RO         2307    x$fpl$fnaninf       fz_wm.l(fnaninf.o)
    0x08005202   0x08005202   0x0000000a   Code   RO         2438    x$fpl$fpinit        fz_wm.l(fpinit.o)
    0x0800520c   0x0800520c   0x0000000a   Code   RO         2309    x$fpl$fretinf       fz_wm.l(fretinf.o)
    0x08005216   0x08005216   0x00000004   Code   RO         2180    x$fpl$printf1       fz_wm.l(printf1.o)
    0x0800521a   0x0800521a   0x00000064   Code   RO         2472    x$fpl$retnan        fz_wm.l(retnan.o)
    0x0800527e   0x0800527e   0x0000005c   Code   RO         2311    x$fpl$scalbn        fz_wm.l(scalbn.o)
    0x080052da   0x080052da   0x00000030   Code   RO         2502    x$fpl$trapveneer    fz_wm.l(trapv.o)
    0x0800530a   0x0800530a   0x00000000   Code   RO         2313    x$fpl$usenofp       fz_wm.l(usenofp.o)
    0x0800530a   0x0800530a   0x00000028   Data   RO         2119    .constdata          c_w.l(_printf_hex_int_ll.o)
    0x08005332   0x08005332   0x00000011   Data   RO         2151    .constdata          c_w.l(__printf_flags_ss_wp.o)
    0x08005343   0x08005343   0x00000005   PAD
    0x08005348   0x08005348   0x00000088   Data   RO         2185    .constdata          m_wm.l(pow.o)
    0x080053d0   0x080053d0   0x00000008   Data   RO         2338    .constdata          m_wm.l(qnan.o)
    0x080053d8   0x080053d8   0x00000094   Data   RO         2396    .constdata          c_w.l(bigflt0.o)
    0x0800546c   0x0800546c   0x00000020   Data   RO         2530    Region$$Table       anon$$obj.o
    0x0800548c   0x0800548c   0x0000001c   Data   RO         2420    locale$$data        c_w.l(lc_numeric_c.o)


    Execution Region RW_IRAM1 (Exec base: 0x20000000, Load base: 0x080054a8, Size: 0x000094f8, Max: 0x00020000, ABSOLUTE, COMPRESSED[0x00000214])

    Exec Addr    Load Addr    Size         Type   Attr      Idx    E Section Name        Object

    0x20000000   COMPRESSED   0x00000008   Data   RW          409    .data               ti_lib.o
    0x20000008   COMPRESSED   0x00000010   Data   RW         1127    .data               stm32f4xx_rcc.o
    0x20000018   COMPRESSED   0x00000014   Data   RW         1474    .data               system_stm32f4xx.o
    0x2000002c   COMPRESSED   0x00000004   Data   RW         1577    .data               usart.o
    0x20000030   COMPRESSED   0x00000004   Data   RW         1781    .data               hardwarecontroller.o
    0x20000034   COMPRESSED   0x00000200   Data   RW         1925    .data               crc.o
    0x20000234        -       0x00000210   Zero   RW         1576    .bss                usart.o
    0x20000444        -       0x00000050   Zero   RW         1780    .bss                hardwarecontroller.o
    0x20000494        -       0x00000060   Zero   RW         2352    .bss                c_w.l(libspace.o)
    0x200004f4   COMPRESSED   0x00000004   PAD
    0x200004f8        -       0x00008000   Zero   RW         1463    HEAP                startup_stm32f4xx.o
    0x200084f8        -       0x00001000   Zero   RW         1462    STACK               startup_stm32f4xx.o


==============================================================================

Image component sizes


      Code (inc. data)   RO Data    RW Data    ZI Data      Debug   Object Name

         4          0          0          0          0       5232   assert.o
        76          6          0        512          0       1679   crc.o
       324        226          0          0          0        567   errorhandling.o
       716         20          0          0          0       6969   hal.o
       706         36          0          4         80       7901   hardwarecontroller.o
       274          0          0          0          0       1739   main.o
       304         86          0          0          0     210667   misc.o
       220         56          0          0          0       3511   output.o
        24          0          0          0          0       1007   retarget.o
        80         32        392          0      36864        848   startup_stm32f4xx.o
         0          0          0          0          0      12828   stm32f4xx_dma.o
       836        156          0          0          0       8379   stm32f4xx_gpio.o
       472        118          0         16          0       3858   stm32f4xx_rcc.o
       844        198          0          0          0       8814   stm32f4xx_usart.o
       532         54          0         20          0       2457   system_stm32f4xx.o
       520         22          0          0          0       5153   temperature.o
       548         10          0          0          0     213189   tft.o
       656         42          0          0          0      28292   ti_board_io.o
       102         12          0          8          0       2454   ti_lib.o
        48          4          0          0          0        915   timer.o
       480         52          0          4        528       5485   usart.o

    ----------------------------------------------------------------------
      7786       1130        424        564      37472     531944   Object Totals
         0          0         32          0          0          0   (incl. Generated)
        20          0          0          0          0          0   (incl. Padding)

    ----------------------------------------------------------------------

      Code (inc. data)   RO Data    RW Data    ZI Data      Debug   Library Member Name

        90          0          0          0          0          0   __dczerorl2.o
         8          0          0          0          0         68   __main.o
       392          4         17          0          0         92   __printf_flags_ss_wp.o
        14          0          0          0          0         68   __printf_wp.o
         0          0          0          0          0          0   __rtentry.o
        12          0          0          0          0          0   __rtentry2.o
         6          0          0          0          0          0   __rtentry4.o
        52          8          0          0          0          0   __scatter.o
        28          0          0          0          0          0   __scatter_zi.o
        48          6          0          0          0         96   _printf_char_common.o
         6          0          0          0          0          0   _printf_d.o
       120         16          0          0          0         92   _printf_dec.o
         6          0          0          0          0          0   _printf_f.o
      1054          0          0          0          0        216   _printf_fp_dec.o
       128         16          0          0          0         84   _printf_fp_infnan.o
       124          4         40          0          0        140   _printf_hex_int_ll.o
       178          0          0          0          0         88   _printf_intcommon.o
        10          0          0          0          0          0   _printf_ll.o
         6          0          0          0          0          0   _printf_llx.o
         0          0          0          0          0          0   _printf_percent.o
         4          0          0          0          0          0   _printf_percent_end.o
        22          0          0          0          0        100   _rserrno.o
        16          0          0          0          0         68   _snputc.o
        10          0          0          0          0         68   _sputc.o
       228          4        148          0          0         96   bigflt0.o
      1936        128          0          0          0        672   btod.o
        10          0          0          0          0         68   defsig_exit.o
        50          0          0          0          0         88   defsig_general.o
        80         58          0          0          0         76   defsig_rtmem_inner.o
        14          0          0          0          0         80   defsig_rtmem_outer.o
        18          0          0          0          0         80   exit.o
        94          0          0          0          0         80   h1_alloc.o
        52          0          0          0          0         68   h1_extend.o
        78          0          0          0          0         80   h1_free.o
        14          0          0          0          0         84   h1_init.o
         6          0          0          0          0        152   heapauxi.o
         4          0          0          0          0        136   hguard.o
       138          0          0          0          0        168   init_alloc.o
        44         10         28          0          0         76   lc_numeric_c.o
         2          0          0          0          0          0   libinit.o
        30          0          0          0          0          0   libinit2.o
         2          0          0          0          0          0   libshutdown.o
         2          0          0          0          0          0   libshutdown2.o
         8          4          0          0         96         68   libspace.o
        38          0          0          0          0         68   llshl.o
       138          0          0          0          0         80   lludiv10.o
       238          0          0          0          0        100   lludivv7m.o
        38          0          0          0          0         68   llushr.o
         0          0          0          0          0          0   maybetermalloc1.o
        52          4          0          0          0         84   noretval__2snprintf.o
         8          4          0          0          0         68   rt_errno_addr_intlibspace.o
         8          4          0          0          0         68   rt_heap_descriptor_intlibspace.o
         8          4          0          0          0         68   rt_locale_intlibspace.o
         2          0          0          0          0          0   rtexit.o
        10          0          0          0          0          0   rtexit2.o
       128          0          0          0          0         68   strcmpv7m.o
        62          0          0          0          0         76   strlen.o
        74          0          0          0          0         80   sys_stackheap_outer.o
        24          0          0          0          0        164   basic.o
        98          4          0          0          0        140   d2f.o
       826         16          0          0          0        492   daddsub_clz.o
        16          4          0          0          0        116   dcheck1.o
        24          0          0          0          0        116   dcmpi.o
       688        140          0          0          0        256   ddiv.o
        46          0          0          0          0        116   dflt_clz.o
       120          4          0          0          0        140   dleqf.o
       340         12          0          0          0        152   dmul.o
       156          4          0          0          0        140   dnaninf.o
        12          0          0          0          0        116   dretinf.o
       108          0          0          0          0        128   drleqf.o
       408         56          0          0          0        168   dsqrt_umaal.o
        86          4          0          0          0        132   f2d.o
       140          4          0          0          0        132   fnaninf.o
        10          0          0          0          0        116   fpinit.o
        10          0          0          0          0        116   fretinf.o
         4          0          0          0          0        116   printf1.o
       100          0          0          0          0        116   retnan.o
        92          0          0          0          0        116   scalbn.o
        48          0          0          0          0        116   trapv.o
         0          0          0          0          0          0   usenofp.o
       164         44          0          0          0        620   dunder.o
        24          0          0          0          0        124   fabs.o
        48          0          0          0          0        124   fpclassify.o
       248          0          0          0          0        152   poly.o
      3152        296        136          0          0        352   pow.o
         0          0          8          0          0          0   qnan.o
       110          0          0          0          0        148   sqrt.o

    ----------------------------------------------------------------------
     13080        862        382          0        100       8804   Library Totals
        30          0          5          0          4          0   (incl. Padding)

    ----------------------------------------------------------------------

      Code (inc. data)   RO Data    RW Data    ZI Data      Debug   Library Name

      5948        274        233          0         96       4080   c_w.l
      3356        248          0          0          0       3204   fz_wm.l
      3746        340        144          0          0       1520   m_wm.l

    ----------------------------------------------------------------------
     13080        862        382          0        100       8804   Library Totals

    ----------------------------------------------------------------------

==============================================================================


      Code (inc. data)   RO Data    RW Data    ZI Data      Debug   

     20866       1992        806        564      37572     527960   Grand Totals
     20866       1992        806        532      37572     527960   ELF Image Totals (compressed)
     20866       1992        806        532          0          0   ROM Totals

==============================================================================

    Total RO  Size (Code + RO Data)                21672 (  21.16kB)
    Total RW  Size (RW Data + ZI Data)             38136 (  37.24kB)
    Total ROM Size (Code + RO Data + RW Data)      22204 (  21.68kB)

==============================================================================

