Component: ARM Compiler 5.06 update 4 (build 422) Tool: armlink [4d35d2]

==============================================================================

Section Cross References

    keypad.o(i.Clear_Line) refers to tft.o(i.TFT_set_window) for TFT_set_window
    keypad.o(i.Clear_Line) refers to tft.o(i.TFT_cls) for TFT_cls
    keypad.o(i.Display_value) refers to _printf_percent.o(.ARM.Collect$$_printf_percent$$00000000) for _printf_percent
    keypad.o(i.Display_value) refers to _printf_d.o(.ARM.Collect$$_printf_percent$$00000009) for _printf_d
    keypad.o(i.Display_value) refers to _printf_dec.o(.text) for _printf_int_dec
    keypad.o(i.Display_value) refers to tft.o(i.TFT_set_window) for TFT_set_window
    keypad.o(i.Display_value) refers to noretval__2snprintf.o(.text) for __2snprintf
    keypad.o(i.Display_value) refers to tft.o(i.TFT_cls) for TFT_cls
    keypad.o(i.Display_value) refers to tft.o(i.TFT_putc) for TFT_putc
    keypad.o(i.Get_Touch_Pad_Input) refers to _printf_pad.o(.text) for _printf_pre_padding
    keypad.o(i.Get_Touch_Pad_Input) refers to _printf_percent.o(.ARM.Collect$$_printf_percent$$00000000) for _printf_percent
    keypad.o(i.Get_Touch_Pad_Input) refers to _printf_x.o(.ARM.Collect$$_printf_percent$$0000000C) for _printf_x
    keypad.o(i.Get_Touch_Pad_Input) refers to _printf_hex_int_ll.o(.text) for _printf_longlong_hex
    keypad.o(i.Get_Touch_Pad_Input) refers to tft.o(i.TFT_get_data) for TFT_get_data
    keypad.o(i.Get_Touch_Pad_Input) refers to noretval__2printf.o(.text) for __2printf
    keypad.o(i.Make_Touch_Pad) refers to tft.o(i.TFT_Init) for TFT_Init
    keypad.o(i.Make_Touch_Pad) refers to tft.o(i.TFT_cursor_off) for TFT_cursor_off
    keypad.o(i.Make_Touch_Pad) refers to tft.o(i.TFT_graphic_cls) for TFT_graphic_cls
    keypad.o(i.Make_Touch_Pad) refers to tft.o(i.TFT_touch_area_clear) for TFT_touch_area_clear
    keypad.o(i.Make_Touch_Pad) refers to tft.o(i.TFT_set_font_color) for TFT_set_font_color
    keypad.o(i.Make_Touch_Pad) refers to tft.o(i.TFT_set_window) for TFT_set_window
    keypad.o(i.Make_Touch_Pad) refers to tft.o(i.TFT_terminal_on) for TFT_terminal_on
    keypad.o(i.Make_Touch_Pad) refers to tft.o(i.TFT_touch_area_font_color) for TFT_touch_area_font_color
    keypad.o(i.Make_Touch_Pad) refers to tft.o(i.TFT_touch_area_font) for TFT_touch_area_font
    keypad.o(i.Make_Touch_Pad) refers to tft.o(i.TFT_touch_area_frame) for TFT_touch_area_frame
    keypad.o(i.Make_Touch_Pad) refers to tft.o(i.TFT_touch_area_color) for TFT_touch_area_color
    keypad.o(i.Make_Touch_Pad) refers to tft.o(i.TFT_touch_area) for TFT_touch_area
    tft.o(i.TFT_Init) refers to tft.o(i.TFT_terminal_on) for TFT_terminal_on
    tft.o(i.TFT_Init) refers to tft.o(i.TFT_cls) for TFT_cls
    tft.o(i.TFT_Init) refers to tft.o(i.TFT_touch_key_feedback) for TFT_touch_key_feedback
    tft.o(i.TFT_bargraph_color) refers to tft.o(i.TFT_send_data) for TFT_send_data
    tft.o(i.TFT_bargraph_define) refers to tft.o(i.TFT_send_data) for TFT_send_data
    tft.o(i.TFT_bargraph_fill_pattern) refers to tft.o(i.TFT_send_data) for TFT_send_data
    tft.o(i.TFT_bargraph_frame) refers to tft.o(i.TFT_send_data) for TFT_send_data
    tft.o(i.TFT_bargraph_value) refers to tft.o(i.TFT_send_data) for TFT_send_data
    tft.o(i.TFT_bigString) refers to tft.o(i.TFT_set_font) for TFT_set_font
    tft.o(i.TFT_bigString) refers to tft.o(i.TFT_send_data) for TFT_send_data
    tft.o(i.TFT_bigText) refers to tft.o(i.TFT_set_font) for TFT_set_font
    tft.o(i.TFT_bigText) refers to tft.o(i.TFT_send_data) for TFT_send_data
    tft.o(i.TFT_buzzer_off) refers to tft.o(i.TFT_send_data) for TFT_send_data
    tft.o(i.TFT_buzzer_on) refers to tft.o(i.TFT_send_data) for TFT_send_data
    tft.o(i.TFT_carriage_return) refers to tft.o(i.TFT_putc) for TFT_putc
    tft.o(i.TFT_cls) refers to tft.o(i.TFT_putc) for TFT_putc
    tft.o(i.TFT_cursor_off) refers to tft.o(i.TFT_send_data) for TFT_send_data
    tft.o(i.TFT_cursor_on) refers to tft.o(i.TFT_send_data) for TFT_send_data
    tft.o(i.TFT_draw_line) refers to tft.o(i.TFT_send_data) for TFT_send_data
    tft.o(i.TFT_draw_rectangle) refers to tft.o(i.TFT_send_data) for TFT_send_data
    tft.o(i.TFT_gotoxy) refers to tft.o(i.TFT_send_data) for TFT_send_data
    tft.o(i.TFT_graphic_cls) refers to tft.o(i.TFT_send_data) for TFT_send_data
    tft.o(i.TFT_graphic_puts) refers to tft.o(i.TFT_send_data) for TFT_send_data
    tft.o(i.TFT_graphic_puts_area) refers to tft.o(i.TFT_send_data) for TFT_send_data
    tft.o(i.TFT_graphic_set_point) refers to tft.o(i.TFT_send_data) for TFT_send_data
    tft.o(i.TFT_line_color) refers to tft.o(i.TFT_send_data) for TFT_send_data
    tft.o(i.TFT_newline) refers to tft.o(i.TFT_putc) for TFT_putc
    tft.o(i.TFT_putc) refers to tft.o(i.TFT_send_data) for TFT_send_data
    tft.o(i.TFT_puts) refers to strlen.o(.text) for strlen
    tft.o(i.TFT_puts) refers to tft.o(i.TFT_send_data) for TFT_send_data
[...]
    main.c                                   0x00000000   Number         0  main.o ABSOLUTE
    output.c                                 0x00000000   Number         0  output.o ABSOLUTE
    output.c                                 0x00000000   Number         0  output.o ABSOLUTE
    temperature.c                            0x00000000   Number         0  temperature.o ABSOLUTE
    RESET                                    0x08000000   Section      236  startup_stm32f10x_md.o(RESET)
    !!!main                                  0x080000ec   Section        8  __main.o(!!!main)
    !!!scatter                               0x080000f4   Section       52  __scatter.o(!!!scatter)
    !!dczerorl                               0x08000128   Section       58  __dczerorl.o(!!dczerorl)
    !!handler_zi                             0x08000164   Section       28  __scatter_zi.o(!!handler_zi)
    .ARM.Collect$$_printf_percent$$00000000  0x08000180   Section        0  _printf_percent.o(.ARM.Collect$$_printf_percent$$00000000)
    .ARM.Collect$$_printf_percent$$00000003  0x08000180   Section        6  _printf_f.o(.ARM.Collect$$_printf_percent$$00000003)
    .ARM.Collect$$_printf_percent$$00000007  0x08000186   Section       10  _printf_ll.o(.ARM.Collect$$_printf_percent$$00000007)
    .ARM.Collect$$_printf_percent$$00000009  0x08000190   Section        6  _printf_d.o(.ARM.Collect$$_printf_percent$$00000009)
    .ARM.Collect$$_printf_percent$$00000011  0x08000196   Section        6  _printf_llx.o(.ARM.Collect$$_printf_percent$$00000011)
    .ARM.Collect$$_printf_percent$$00000017  0x0800019c   Section        4  _printf_percent_end.o(.ARM.Collect$$_printf_percent$$00000017)
    .ARM.Collect$$libinit$$00000000          0x080001a0   Section        2  libinit.o(.ARM.Collect$$libinit$$00000000)
    .ARM.Collect$$libinit$$00000002          0x080001a2   Section        0  libinit2.o(.ARM.Collect$$libinit$$00000002)
    .ARM.Collect$$libinit$$00000004          0x080001a2   Section        0  libinit2.o(.ARM.Collect$$libinit$$00000004)
    .ARM.Collect$$libinit$$00000005          0x080001a2   Section        8  libinit2.o(.ARM.Collect$$libinit$$00000005)
    .ARM.Collect$$libinit$$0000000A          0x080001aa   Section        0  libinit2.o(.ARM.Collect$$libinit$$0000000A)
    .ARM.Collect$$libinit$$0000000C          0x080001aa   Section        0  libinit2.o(.ARM.Collect$$libinit$$0000000C)
    .ARM.Collect$$libinit$$0000000E          0x080001aa   Section        0  libinit2.o(.ARM.Collect$$libinit$$0000000E)
    .ARM.Collect$$libinit$$0000000F          0x080001aa   Section        6  libinit2.o(.ARM.Collect$$libinit$$0000000F)
    .ARM.Collect$$libinit$$00000011          0x080001b0   Section        0  libinit2.o(.ARM.Collect$$libinit$$00000011)
    .ARM.Collect$$libinit$$00000013          0x080001b0   Section        0  libinit2.o(.ARM.Collect$$libinit$$00000013)
    .ARM.Collect$$libinit$$00000015          0x080001b0   Section        0  libinit2.o(.ARM.Collect$$libinit$$00000015)
    .ARM.Collect$$libinit$$00000016          0x080001b0   Section       10  libinit2.o(.ARM.Collect$$libinit$$00000016)
    .ARM.Collect$$libinit$$00000017          0x080001ba   Section        0  libinit2.o(.ARM.Collect$$libinit$$00000017)
    .ARM.Collect$$libinit$$00000019          0x080001ba   Section        0  libinit2.o(.ARM.Collect$$libinit$$00000019)
    .ARM.Collect$$libinit$$0000001B          0x080001ba   Section        0  libinit2.o(.ARM.Collect$$libinit$$0000001B)
    .ARM.Collect$$libinit$$0000001D          0x080001ba   Section        0  libinit2.o(.ARM.Collect$$libinit$$0000001D)
    .ARM.Collect$$libinit$$0000001F          0x080001ba   Section        0  libinit2.o(.ARM.Collect$$libinit$$0000001F)
    .ARM.Collect$$libinit$$00000021          0x080001ba   Section        0  libinit2.o(.ARM.Collect$$libinit$$00000021)
    .ARM.Collect$$libinit$$00000023          0x080001ba   Section        0  libinit2.o(.ARM.Collect$$libinit$$00000023)
    .ARM.Collect$$libinit$$00000025          0x080001ba   Section        0  libinit2.o(.ARM.Collect$$libinit$$00000025)
    .ARM.Collect$$libinit$$0000002C          0x080001ba   Section        0  libinit2.o(.ARM.Collect$$libinit$$0000002C)
    .ARM.Collect$$libinit$$0000002E          0x080001ba   Section        0  libinit2.o(.ARM.Collect$$libinit$$0000002E)
    .ARM.Collect$$libinit$$00000030          0x080001ba   Section        0  libinit2.o(.ARM.Collect$$libinit$$00000030)
    .ARM.Collect$$libinit$$00000032          0x080001ba   Section        0  libinit2.o(.ARM.Collect$$libinit$$00000032)
    .ARM.Collect$$libinit$$00000033          0x080001ba   Section        2  libinit2.o(.ARM.Collect$$libinit$$00000033)
    .ARM.Collect$$libshutdown$$00000000      0x080001bc   Section        2  libshutdown.o(.ARM.Collect$$libshutdown$$00000000)
    .ARM.Collect$$libshutdown$$00000002      0x080001be   Section        0  libshutdown2.o(.ARM.Collect$$libshutdown$$00000002)
    .ARM.Collect$$libshutdown$$00000004      0x080001be   Section        0  libshutdown2.o(.ARM.Collect$$libshutdown$$00000004)
    .ARM.Collect$$libshutdown$$00000007      0x080001be   Section        0  libshutdown2.o(.ARM.Collect$$libshutdown$$00000007)
    .ARM.Collect$$libshutdown$$0000000A      0x080001be   Section        0  libshutdown2.o(.ARM.Collect$$libshutdown$$0000000A)
    .ARM.Collect$$libshutdown$$0000000C      0x080001be   Section        0  libshutdown2.o(.ARM.Collect$$libshutdown$$0000000C)
    .ARM.Collect$$libshutdown$$0000000F      0x080001be   Section        0  libshutdown2.o(.ARM.Collect$$libshutdown$$0000000F)
    .ARM.Collect$$libshutdown$$00000010      0x080001be   Section        2  libshutdown2.o(.ARM.Collect$$libshutdown$$00000010)
    .ARM.Collect$$rtentry$$00000000          0x080001c0   Section        0  __rtentry.o(.ARM.Collect$$rtentry$$00000000)
    .ARM.Collect$$rtentry$$00000002          0x080001c0   Section        0  __rtentry2.o(.ARM.Collect$$rtentry$$00000002)
    .ARM.Collect$$rtentry$$00000004          0x080001c0   Section        6  __rtentry4.o(.ARM.Collect$$rtentry$$00000004)
    .ARM.Collect$$rtentry$$00000009          0x080001c6   Section        0  __rtentry2.o(.ARM.Collect$$rtentry$$00000009)
    .ARM.Collect$$rtentry$$0000000A          0x080001c6   Section        4  __rtentry2.o(.ARM.Collect$$rtentry$$0000000A)
    .ARM.Collect$$rtentry$$0000000C          0x080001ca   Section        0  __rtentry2.o(.ARM.Collect$$rtentry$$0000000C)
    .ARM.Collect$$rtentry$$0000000D          0x080001ca   Section        8  __rtentry2.o(.ARM.Collect$$rtentry$$0000000D)
    .ARM.Collect$$rtexit$$00000000           0x080001d2   Section        2  rtexit.o(.ARM.Collect$$rtexit$$00000000)
    .ARM.Collect$$rtexit$$00000002           0x080001d4   Section        0  rtexit2.o(.ARM.Collect$$rtexit$$00000002)
    .ARM.Collect$$rtexit$$00000003           0x080001d4   Section        4  rtexit2.o(.ARM.Collect$$rtexit$$00000003)
    .ARM.Collect$$rtexit$$00000004           0x080001d8   Section        6  rtexit2.o(.ARM.Collect$$rtexit$$00000004)
    .emb_text                                0x080001e0   Section        0  maybetermalloc1.o(.emb_text)
    .text                                    0x080001e0   Section       64  startup_stm32f10x_md.o(.text)
    .text                                    0x08000220   Section        0  h1_alloc.o(.text)
    .text                                    0x0800027e   Section        0  h1_free.o(.text)
    .text                                    0x080002cc   Section      238  lludivv7m.o(.text)
    .text                                    0x080003ba   Section       38  llshl.o(.text)
    .text                                    0x080003e0   Section       38  llushr.o(.text)
    .text                                    0x08000408   Section        0  noretval__2snprintf.o(.text)
    .text                                    0x0800043c   Section        0  _printf_dec.o(.text)
    .text                                    0x080004b4   Section        0  _printf_hex_int_ll.o(.text)
    _printf_hex_common                       0x080004b5   Thumb Code     0  _printf_hex_int_ll.o(.text)
    .text                                    0x08000530   Section        0  __printf_flags_ss_wp.o(.text)
    .text                                    0x080006b8   Section        0  strlen.o(.text)
    .text                                    0x080006f6   Section        0  heapauxi.o(.text)
    .text                                    0x080006fc   Section        8  rt_heap_descriptor_intlibspace.o(.text)
    .text                                    0x08000704   Section        0  hguard.o(.text)
    .text                                    0x08000708   Section        0  init_alloc.o(.text)
    .text                                    0x08000792   Section        0  h1_init.o(.text)
    .text                                    0x080007a0   Section        0  _rserrno.o(.text)
    .text                                    0x080007b6   Section        0  _printf_intcommon.o(.text)
    .text                                    0x08000868   Section        0  _printf_fp_dec.o(.text)
    _fp_digits                               0x0800086b   Thumb Code   428  _printf_fp_dec.o(.text)
    .text                                    0x08000c84   Section        0  _printf_char_common.o(.text)
    _printf_input_char                       0x08000c85   Thumb Code    10  _printf_char_common.o(.text)
    .text                                    0x08000cb4   Section        0  _sputc.o(.text)
    .text                                    0x08000cbe   Section        0  _snputc.o(.text)
    .text                                    0x08000cd0   Section        8  libspace.o(.text)
    .text                                    0x08000cd8   Section        8  rt_locale_intlibspace.o(.text)
    .text                                    0x08000ce0   Section        8  rt_errno_addr_intlibspace.o(.text)
    .text                                    0x08000ce8   Section        0  h1_extend.o(.text)
    .text                                    0x08000d1c   Section      138  lludiv10.o(.text)
    .text                                    0x08000da8   Section        0  _printf_fp_infnan.o(.text)
    .text                                    0x08000e28   Section        0  bigflt0.o(.text)
    .text                                    0x08000f04   Section        0  defsig_rtmem_outer.o(.text)
    .text                                    0x08000f12   Section       74  sys_stackheap_outer.o(.text)
    .text                                    0x08000f5c   Section        0  exit.o(.text)
    .text                                    0x08000f6e   Section        0  defsig_exit.o(.text)
    .text                                    0x08000f78   Section        0  defsig_rtmem_inner.o(.text)
    .text                                    0x08000fc8   Section      128  strcmpv7m.o(.text)
    .text                                    0x08001048   Section        0  defsig_general.o(.text)
    CL$$btod_d2e                             0x0800107a   Section       62  btod.o(CL$$btod_d2e)
    CL$$btod_d2e_denorm_low                  0x080010b8   Section       70  btod.o(CL$$btod_d2e_denorm_low)
    CL$$btod_d2e_norm_op1                    0x080010fe   Section       96  btod.o(CL$$btod_d2e_norm_op1)
    CL$$btod_div_common                      0x0800115e   Section      824  btod.o(CL$$btod_div_common)
    CL$$btod_e2e                             0x08001496   Section      198  btod.o(CL$$btod_e2e)
    CL$$btod_ediv                            0x0800155c   Section       40  btod.o(CL$$btod_ediv)
    CL$$btod_emul                            0x08001584   Section       40  btod.o(CL$$btod_emul)
    CL$$btod_mult_common                     0x080015ac   Section      580  btod.o(CL$$btod_mult_common)
    i.DSetMode                               0x080017f0   Section        0  hal.o(i.DSetMode)
    i.Delay                                  0x08001800   Section        0  ti_lib.o(i.Delay)
    i.Init_IO                                0x08001818   Section        0  sim_board_io.o(i.Init_IO)
    i.Init_SPI                               0x08001840   Section        0  sim_board_io.o(i.Init_SPI)
    i.Init_System_Clock                      0x08001890   Section        0  sim_board_io.o(i.Init_System_Clock)
    i.Init_TI_Board                          0x080018fc   Section        0  ti_lib.o(i.Init_TI_Board)
    i.SER_Init                               0x0800191c   Section        0  serial.o(i.SER_Init)
    i.SER_PutChar                            0x080019b4   Section        0  serial.o(i.SER_PutChar)
    i.SetSysClock                            0x080019d4   Section        0  system_stm32f10x.o(i.SetSysClock)
    SetSysClock                              0x080019d5   Thumb Code     8  system_stm32f10x.o(i.SetSysClock)
    i.SetSysClockTo72                        0x080019dc   Section        0  system_stm32f10x.o(i.SetSysClockTo72)
    SetSysClockTo72                          0x080019dd   Thumb Code   214  system_stm32f10x.o(i.SetSysClockTo72)
    i.SysTick_Handler                        0x08001abc   Section        0  ti_lib.o(i.SysTick_Handler)
    i.SystemCoreClockUpdate                  0x08001ac4   Section        0  system_stm32f10x.o(i.SystemCoreClockUpdate)
    i.SystemInit                             0x08001b68   Section        0  system_stm32f10x.o(i.SystemInit)
    i.TFT_Init                               0x08001bc8   Section        0  tft.o(i.TFT_Init)
    i.TFT_cls                                0x08001bdc   Section        0  tft.o(i.TFT_cls)
    i.TFT_cursor_off                         0x08001be6   Section        0  tft.o(i.TFT_cursor_off)
    i.TFT_gotoxy                             0x08001c0a   Section        0  tft.o(i.TFT_gotoxy)
    i.TFT_putc                               0x08001c38   Section        0  tft.o(i.TFT_putc)
    i.TFT_puts                               0x08001c56   Section        0  tft.o(i.TFT_puts)
    i.TFT_send_data                          0x08001c6c   Section        0  tft.o(i.TFT_send_data)
    i.TFT_set_font_color                     0x08001d5c   Section        0  tft.o(i.TFT_set_font_color)
    i.TFT_terminal_on                        0x08001d88   Section        0  tft.o(i.TFT_terminal_on)
    i.TFT_touch_key_feedback                 0x08001da6   Section        0  tft.o(i.TFT_touch_key_feedback)
    i.TempAutoDetect                         0x08001dee   Section        0  temperature.o(i.TempAutoDetect)
    i.TempMeasureAll                         0x08001e70   Section        0  temperature.o(i.TempMeasureAll)
    i.TempNewInstance                        0x08001e8a   Section        0  temperature.o(i.TempNewInstance)
    i.TempReadTemp                           0x08001ea8   Section        0  temperature.o(i.TempReadTemp)
    i.TimingDelay_Decrement                  0x08001f18   Section        0  ti_lib.o(i.TimingDelay_Decrement)
    i.__ARM_fpclassify                       0x08001f3c   Section        0  fpclassify.o(i.__ARM_fpclassify)
    i.__kernel_poly                          0x08001f64   Section        0  poly.o(i.__kernel_poly)
    i.__mathlib_dbl_divzero                  0x08002010   Section        0  dunder.o(i.__mathlib_dbl_divzero)
    i.__mathlib_dbl_infnan2                  0x08002020   Section        0  dunder.o(i.__mathlib_dbl_infnan2)
    i.__mathlib_dbl_invalid                  0x08002024   Section        0  dunder.o(i.__mathlib_dbl_invalid)
    i.__mathlib_dbl_overflow                 0x08002030   Section        0  dunder.o(i.__mathlib_dbl_overflow)
    i.__mathlib_dbl_underflow                0x08002040   Section        0  dunder.o(i.__mathlib_dbl_underflow)
    i._is_digit                              0x08002050   Section        0  __printf_wp.o(i._is_digit)
    i._sys_exit                              0x0800205e   Section        0  retarget.o(i._sys_exit)
    i._ttywrch                               0x08002062   Section        0  retarget.o(i._ttywrch)
    i.addROM                                 0x08002070   Section        0  arraylist.o(i.addROM)
    i.calcCRC                                0x080020a8   Section        0  crc.o(i.calcCRC)
    i.detectSensors                          0x080020d0   Section        0  hardwarecontroller.o(i.detectSensors)
    i.detectSensorsRecursively               0x08002132   Section        0  hardwarecontroller.o(i.detectSensorsRecursively)
    detectSensorsRecursively                 0x08002133   Thumb Code   190  hardwarecontroller.o(i.detectSensorsRecursively)
    i.errorHandler                           0x080021f0   Section        0  errorhandling.o(i.errorHandler)
    i.getCount                               0x08002334   Section        0  arraylist.o(i.getCount)
    i.getEmptyROM                            0x08002340   Section        0  temperature.o(i.getEmptyROM)
    i.getROM                                 0x0800236c   Section        0  arraylist.o(i.getROM)
    i.getTimeStamp                           0x0800239c   Section        0  timer.o(i.getTimeStamp)
    i.initHAL                                0x080023a4   Section        0  hal.o(i.initHAL)
    i.initHardwareController                 0x080023dc   Section        0  hardwarecontroller.o(i.initHardwareController)
    i.initList                               0x080023e8   Section        0  arraylist.o(i.initList)
    i.initROMList                            0x08002418   Section        0  main.o(i.initROMList)
    initROMList                              0x08002419   Thumb Code   138  main.o(i.initROMList)
    i.initTemp                               0x080024ac   Section        0  temperature.o(i.initTemp)
    i.initTempOutput                         0x080024b4   Section        0  output.o(i.initTempOutput)
    i.isValidCRC                             0x080024d8   Section        0  crc.o(i.isValidCRC)
    i.jumpToBranch                           0x080024fc   Section        0  hardwarecontroller.o(i.jumpToBranch)
    jumpToBranch                             0x080024fd   Thumb Code    84  hardwarecontroller.o(i.jumpToBranch)
    i.main                                   0x08002550   Section        0  main.o(i.main)
    i.measure                                0x08002604   Section        0  hardwarecontroller.o(i.measure)
    i.pinSetMode                             0x08002634   Section        0  hal.o(i.pinSetMode)
    pinSetMode                               0x08002635   Thumb Code    36  hal.o(i.pinSetMode)
    i.pow                                    0x0800265c   Section        0  pow.o(i.pow)
    i.printROM                               0x08003034   Section        0  output.o(i.printROM)
    i.printTemp                              0x08003064   Section        0  output.o(i.printTemp)
    i.readBit                                0x080030a0   Section        0  hal.o(i.readBit)
    i.readByte                               0x080030cc   Section        0  hal.o(i.readByte)
    i.readDuring                             0x08003114   Section        0  hal.o(i.readDuring)
    i.readScratch                            0x08003190   Section        0  hardwarecontroller.o(i.readScratch)
    i.reset                                  0x080031b4   Section        0  hal.o(i.reset)
    i.resetHardware                          0x080031f2   Section        0  hardwarecontroller.o(i.resetHardware)
    i.selectSlave                            0x080031fa   Section        0  hardwarecontroller.o(i.selectSlave)
    i.setDPin                                0x0800321c   Section        0  hal.o(i.setDPin)
    i.setPin                                 0x0800322c   Section        0  hal.o(i.setPin)
    setPin                                   0x0800322d   Thumb Code    22  hal.o(i.setPin)
    i.setRW                                  0x08003248   Section        0  hal.o(i.setRW)
    i.setRW_pin                              0x08003258   Section        0  hal.o(i.setRW_pin)
    setRW_pin                                0x08003259   Thumb Code    58  hal.o(i.setRW_pin)
    i.skipRom                                0x08003298   Section        0  hardwarecontroller.o(i.skipRom)
    i.sqrt                                   0x080032b0   Section        0  sqrt.o(i.sqrt)
    i.tempToDouble                           0x080032fc   Section        0  temperature.o(i.tempToDouble)
    tempToDouble                             0x080032fd   Thumb Code   128  temperature.o(i.tempToDouble)
    i.timerinit                              0x0800337c   Section        0  timer.o(i.timerinit)
    i.wait                                   0x080033a8   Section        0  hal.o(i.wait)
    i.writeBit                               0x080033d6   Section        0  hal.o(i.writeBit)
    i.writeByte                              0x0800341c   Section        0  hal.o(i.writeByte)
    i.writeBytes                             0x0800342a   Section        0  hal.o(i.writeBytes)
    locale$$code                             0x08003460   Section       44  lc_numeric_c.o(locale$$code)
    x$fpl$d2f                                0x0800348c   Section       98  d2f.o(x$fpl$d2f)
    x$fpl$dadd                               0x080034f0   Section      336  daddsub_clz.o(x$fpl$dadd)
    _dadd1                                   0x08003501   Thumb Code     0  daddsub_clz.o(x$fpl$dadd)
    x$fpl$dcheck1                            0x08003640   Section       16  dcheck1.o(x$fpl$dcheck1)
    x$fpl$dcmpinf                            0x08003650   Section       24  dcmpi.o(x$fpl$dcmpinf)
    x$fpl$ddiv                               0x08003668   Section      688  ddiv.o(x$fpl$ddiv)
    ddiv_entry                               0x0800366f   Thumb Code     0  ddiv.o(x$fpl$ddiv)
    x$fpl$dflt                               0x08003918   Section       46  dflt_clz.o(x$fpl$dflt)
    x$fpl$dleqf                              0x08003948   Section      120  dleqf.o(x$fpl$dleqf)
    x$fpl$dmul                               0x080039c0   Section      340  dmul.o(x$fpl$dmul)
    x$fpl$dnaninf                            0x08003b14   Section      156  dnaninf.o(x$fpl$dnaninf)
    x$fpl$dretinf                            0x08003bb0   Section       12  dretinf.o(x$fpl$dretinf)
    x$fpl$drleqf                             0x08003bbc   Section      108  drleqf.o(x$fpl$drleqf)
    x$fpl$drsb                               0x08003c28   Section       22  daddsub_clz.o(x$fpl$drsb)
    x$fpl$dsqrt                              0x08003c40   Section      460  dsqrt_noumaal.o(x$fpl$dsqrt)
    x$fpl$dsub                               0x08003e0c   Section      468  daddsub_clz.o(x$fpl$dsub)
    _dsub1                                   0x08003e1d   Thumb Code     0  daddsub_clz.o(x$fpl$dsub)
    x$fpl$f2d                                0x08003fe0   Section       86  f2d.o(x$fpl$f2d)
    x$fpl$fadd                               0x08004038   Section      196  faddsub_clz.o(x$fpl$fadd)
    _fadd1                                   0x08004047   Thumb Code     0  faddsub_clz.o(x$fpl$fadd)
    x$fpl$fflt                               0x080040fc   Section       48  fflt_clz.o(x$fpl$fflt)
    x$fpl$fnaninf                            0x0800412c   Section      140  fnaninf.o(x$fpl$fnaninf)
    x$fpl$fretinf                            0x080041b8   Section       10  fretinf.o(x$fpl$fretinf)
    x$fpl$fsub                               0x080041c4   Section      234  faddsub_clz.o(x$fpl$fsub)
    _fsub1                                   0x080041d3   Thumb Code     0  faddsub_clz.o(x$fpl$fsub)
    x$fpl$printf1                            0x080042ae   Section        4  printf1.o(x$fpl$printf1)
    x$fpl$retnan                             0x080042b2   Section      100  retnan.o(x$fpl$retnan)
    x$fpl$scalbn                             0x08004316   Section       92  scalbn.o(x$fpl$scalbn)
    x$fpl$trapveneer                         0x08004372   Section       48  trapv.o(x$fpl$trapveneer)
    .constdata                               0x080043a2   Section       40  _printf_hex_int_ll.o(.constdata)
    x$fpl$usenofp                            0x080043a2   Section        0  usenofp.o(x$fpl$usenofp)
    uc_hextab                                0x080043a2   Data          20  _printf_hex_int_ll.o(.constdata)
    lc_hextab                                0x080043b6   Data          20  _printf_hex_int_ll.o(.constdata)
    .constdata                               0x080043ca   Section       17  __printf_flags_ss_wp.o(.constdata)
    maptable                                 0x080043ca   Data          17  __printf_flags_ss_wp.o(.constdata)
    .constdata                               0x080043e0   Section      136  pow.o(.constdata)
    bp                                       0x080043e0   Data          16  pow.o(.constdata)
    dp_h                                     0x080043f0   Data          16  pow.o(.constdata)
    dp_l                                     0x08004400   Data          16  pow.o(.constdata)
    L                                        0x08004410   Data          48  pow.o(.constdata)
    P                                        0x08004440   Data          40  pow.o(.constdata)
    .constdata                               0x08004468   Section        8  qnan.o(.constdata)
    .constdata                               0x08004470   Section      148  bigflt0.o(.constdata)
    tenpwrs_x                                0x08004470   Data          60  bigflt0.o(.constdata)
    tenpwrs_i                                0x080044ac   Data          64  bigflt0.o(.constdata)
    locale$$data                             0x08004524   Section       28  lc_numeric_c.o(locale$$data)
    __lcnum_c_name                           0x08004528   Data           2  lc_numeric_c.o(locale$$data)
    __lcnum_c_start                          0x08004530   Data           0  lc_numeric_c.o(locale$$data)
    __lcnum_c_point                          0x0800453c   Data           0  lc_numeric_c.o(locale$$data)
    __lcnum_c_thousands                      0x0800453e   Data           0  lc_numeric_c.o(locale$$data)
    __lcnum_c_grouping                       0x0800453f   Data           0  lc_numeric_c.o(locale$$data)
    __lcnum_c_end                            0x08004540   Data           0  lc_numeric_c.o(locale$$data)
    .data                                    0x20000000   Section        8  ti_lib.o(.data)
    TimingDelay                              0x20000000   Data           4  ti_lib.o(.data)
    uptime                                   0x20000004   Data           4  ti_lib.o(.data)
    .data                                    0x20000008   Section       20  system_stm32f10x.o(.data)
    .data                                    0x2000001c   Section        4  arraylist.o(.data)
    count                                    0x2000001c   Data           4  arraylist.o(.data)
    .data                                    0x20000020   Section      512  crc.o(.data)
    crc_table                                0x20000020   Data         512  crc.o(.data)
    .bss                                     0x20000220   Section      160  arraylist.o(.bss)
    romList                                  0x20000220   Data         160  arraylist.o(.bss)
    .bss                                     0x200002c0   Section       96  libspace.o(.bss)
    HEAP                                     0x20000320   Section    32768  startup_stm32f10x_md.o(HEAP)
    Heap_Mem                                 0x20000320   Data       32768  startup_stm32f10x_md.o(HEAP)
    STACK                                    0x20008320   Section     4096  startup_stm32f10x_md.o(STACK)
    Stack_Mem                                0x20008320   Data        4096  startup_stm32f10x_md.o(STACK)
    __initial_sp                             0x20009320   Data           0  startup_stm32f10x_md.o(STACK)

    Global Symbols

    Symbol Name                              Value     Ov Type        Size  Object(Section)

    BuildAttributes$$THM_ISAv4$P$D$K$B$S$PE$A:L22UL41UL21$X:L11$S22US41US21$IEEE1$IW$USESV6$~STKCKD$USESV7$~SHL$OTIME$ROPI$IEEEX$EBA8$UX$STANDARDLIB$REQ8$PRES8$EABIv2 0x00000000   Number         0  anon$$obj.o ABSOLUTE
    __ARM_use_no_argv                        0x00000000   Number         0  main.o ABSOLUTE
    _printf_flags                            0x00000000   Number         0  printf_stubs.o ABSOLUTE
    _printf_return_value                     0x00000000   Number         0  printf_stubs.o ABSOLUTE
    _printf_sizespec                         0x00000000   Number         0  printf_stubs.o ABSOLUTE
    _printf_widthprec                        0x00000000   Number         0  printf_stubs.o ABSOLUTE
    __ARM_exceptions_init                     - Undefined Weak Reference
    __alloca_initialize                       - Undefined Weak Reference
    __arm_preinit_                            - Undefined Weak Reference
    __cpp_initialize__aeabi_                  - Undefined Weak Reference
    __cxa_finalize                            - Undefined Weak Reference
    __sigvec_lookup                           - Undefined Weak Reference
    __user_heap_extent                        - Undefined Weak Reference
    _atexit_init                              - Undefined Weak Reference
    _call_atexit_fns                          - Undefined Weak Reference
    _clock_init                               - Undefined Weak Reference
    _fp_trap_init                             - Undefined Weak Reference
    _fp_trap_shutdown                         - Undefined Weak Reference
    _get_lc_collate                           - Undefined Weak Reference
    _get_lc_ctype                             - Undefined Weak Reference
    _get_lc_monetary                          - Undefined Weak Reference
    _get_lc_time                              - Undefined Weak Reference
    _getenv_init                              - Undefined Weak Reference
    _handle_redirection                       - Undefined Weak Reference
    _initio                                   - Undefined Weak Reference
    _mutex_acquire                            - Undefined Weak Reference
    _mutex_free                               - Undefined Weak Reference
    _mutex_release                            - Undefined Weak Reference
    _printf_truncate_signed                   - Undefined Weak Reference
    _printf_truncate_unsigned                 - Undefined Weak Reference
    _rand_init                                - Undefined Weak Reference
    _signal_finish                            - Undefined Weak Reference
    _signal_init                              - Undefined Weak Reference
    _terminateio                              - Undefined Weak Reference
    __Vectors_Size                           0x000000ec   Number         0  startup_stm32f10x_md.o ABSOLUTE
    __Vectors                                0x08000000   Data           4  startup_stm32f10x_md.o(RESET)
    __Vectors_End                            0x080000ec   Data           0  startup_stm32f10x_md.o(RESET)
    __main                                   0x080000ed   Thumb Code     8  __main.o(!!!main)
    __scatterload                            0x080000f5   Thumb Code     0  __scatter.o(!!!scatter)
    __scatterload_rt2                        0x080000f5   Thumb Code    44  __scatter.o(!!!scatter)
    __scatterload_rt2_thumb_only             0x080000f5   Thumb Code     0  __scatter.o(!!!scatter)
    __scatterload_null                       0x08000103   Thumb Code     0  __scatter.o(!!!scatter)
    __decompress                             0x08000129   Thumb Code    58  __dczerorl.o(!!dczerorl)
    __decompress0                            0x08000129   Thumb Code     0  __dczerorl.o(!!dczerorl)
    __scatterload_zeroinit                   0x08000165   Thumb Code    28  __scatter_zi.o(!!handler_zi)
    _printf_f                                0x08000181   Thumb Code     0  _printf_f.o(.ARM.Collect$$_printf_percent$$00000003)
    _printf_percent                          0x08000181   Thumb Code     0  _printf_percent.o(.ARM.Collect$$_printf_percent$$00000000)
    _printf_ll                               0x08000187   Thumb Code     0  _printf_ll.o(.ARM.Collect$$_printf_percent$$00000007)
    _printf_d                                0x08000191   Thumb Code     0  _printf_d.o(.ARM.Collect$$_printf_percent$$00000009)
    _printf_llx                              0x08000197   Thumb Code     0  _printf_llx.o(.ARM.Collect$$_printf_percent$$00000011)
    _printf_percent_end                      0x0800019d   Thumb Code     0  _printf_percent_end.o(.ARM.Collect$$_printf_percent$$00000017)
    __rt_lib_init                            0x080001a1   Thumb Code     0  libinit.o(.ARM.Collect$$libinit$$00000000)
    __rt_lib_init_fp_1                       0x080001a3   Thumb Code     0  libinit2.o(.ARM.Collect$$libinit$$00000002)
    __rt_lib_init_heap_2                     0x080001a3   Thumb Code     0  libinit2.o(.ARM.Collect$$libinit$$00000005)
    __rt_lib_init_preinit_1                  0x080001a3   Thumb Code     0  libinit2.o(.ARM.Collect$$libinit$$00000004)
    __rt_lib_init_heap_1                     0x080001ab   Thumb Code     0  libinit2.o(.ARM.Collect$$libinit$$0000000A)
    __rt_lib_init_lc_common                  0x080001ab   Thumb Code     0  libinit2.o(.ARM.Collect$$libinit$$0000000F)
    __rt_lib_init_rand_1                     0x080001ab   Thumb Code     0  libinit2.o(.ARM.Collect$$libinit$$0000000E)
    __rt_lib_init_user_alloc_1               0x080001ab   Thumb Code     0  libinit2.o(.ARM.Collect$$libinit$$0000000C)
    __rt_lib_init_lc_collate_1               0x080001b1   Thumb Code     0  libinit2.o(.ARM.Collect$$libinit$$00000011)
    __rt_lib_init_lc_ctype_1                 0x080001b1   Thumb Code     0  libinit2.o(.ARM.Collect$$libinit$$00000013)
    __rt_lib_init_lc_monetary_1              0x080001b1   Thumb Code     0  libinit2.o(.ARM.Collect$$libinit$$00000015)
    __rt_lib_init_lc_numeric_2               0x080001b1   Thumb Code     0  libinit2.o(.ARM.Collect$$libinit$$00000016)
    __rt_lib_init_alloca_1                   0x080001bb   Thumb Code     0  libinit2.o(.ARM.Collect$$libinit$$0000002E)
    __rt_lib_init_argv_1                     0x080001bb   Thumb Code     0  libinit2.o(.ARM.Collect$$libinit$$0000002C)
    __rt_lib_init_atexit_1                   0x080001bb   Thumb Code     0  libinit2.o(.ARM.Collect$$libinit$$0000001B)
    __rt_lib_init_clock_1                    0x080001bb   Thumb Code     0  libinit2.o(.ARM.Collect$$libinit$$00000021)
    __rt_lib_init_cpp_1                      0x080001bb   Thumb Code     0  libinit2.o(.ARM.Collect$$libinit$$00000032)
    __rt_lib_init_exceptions_1               0x080001bb   Thumb Code     0  libinit2.o(.ARM.Collect$$libinit$$00000030)
    __rt_lib_init_fp_trap_1                  0x080001bb   Thumb Code     0  libinit2.o(.ARM.Collect$$libinit$$0000001F)
    __rt_lib_init_getenv_1                   0x080001bb   Thumb Code     0  libinit2.o(.ARM.Collect$$libinit$$00000023)
    __rt_lib_init_lc_numeric_1               0x080001bb   Thumb Code     0  libinit2.o(.ARM.Collect$$libinit$$00000017)
    __rt_lib_init_lc_time_1                  0x080001bb   Thumb Code     0  libinit2.o(.ARM.Collect$$libinit$$00000019)
    __rt_lib_init_return                     0x080001bb   Thumb Code     0  libinit2.o(.ARM.Collect$$libinit$$00000033)
    __rt_lib_init_signal_1                   0x080001bb   Thumb Code     0  libinit2.o(.ARM.Collect$$libinit$$0000001D)
    __rt_lib_init_stdio_1                    0x080001bb   Thumb Code     0  libinit2.o(.ARM.Collect$$libinit$$00000025)
    __rt_lib_shutdown                        0x080001bd   Thumb Code     0  libshutdown.o(.ARM.Collect$$libshutdown$$00000000)
    __rt_lib_shutdown_cpp_1                  0x080001bf   Thumb Code     0  libshutdown2.o(.ARM.Collect$$libshutdown$$00000002)
    __rt_lib_shutdown_fp_trap_1              0x080001bf   Thumb Code     0  libshutdown2.o(.ARM.Collect$$libshutdown$$00000007)
    __rt_lib_shutdown_heap_1                 0x080001bf   Thumb Code     0  libshutdown2.o(.ARM.Collect$$libshutdown$$0000000F)
    __rt_lib_shutdown_return                 0x080001bf   Thumb Code     0  libshutdown2.o(.ARM.Collect$$libshutdown$$00000010)
    __rt_lib_shutdown_signal_1               0x080001bf   Thumb Code     0  libshutdown2.o(.ARM.Collect$$libshutdown$$0000000A)
    __rt_lib_shutdown_stdio_1                0x080001bf   Thumb Code     0  libshutdown2.o(.ARM.Collect$$libshutdown$$00000004)
    __rt_lib_shutdown_user_alloc_1           0x080001bf   Thumb Code     0  libshutdown2.o(.ARM.Collect$$libshutdown$$0000000C)
    __rt_entry                               0x080001c1   Thumb Code     0  __rtentry.o(.ARM.Collect$$rtentry$$00000000)
    __rt_entry_presh_1                       0x080001c1   Thumb Code     0  __rtentry2.o(.ARM.Collect$$rtentry$$00000002)
    __rt_entry_sh                            0x080001c1   Thumb Code     0  __rtentry4.o(.ARM.Collect$$rtentry$$00000004)
    __rt_entry_li                            0x080001c7   Thumb Code     0  __rtentry2.o(.ARM.Collect$$rtentry$$0000000A)
    __rt_entry_postsh_1                      0x080001c7   Thumb Code     0  __rtentry2.o(.ARM.Collect$$rtentry$$00000009)
    __rt_entry_main                          0x080001cb   Thumb Code     0  __rtentry2.o(.ARM.Collect$$rtentry$$0000000D)
    __rt_entry_postli_1                      0x080001cb   Thumb Code     0  __rtentry2.o(.ARM.Collect$$rtentry$$0000000C)
    __rt_exit                                0x080001d3   Thumb Code     0  rtexit.o(.ARM.Collect$$rtexit$$00000000)
    __rt_exit_ls                             0x080001d5   Thumb Code     0  rtexit2.o(.ARM.Collect$$rtexit$$00000003)
    __rt_exit_prels_1                        0x080001d5   Thumb Code     0  rtexit2.o(.ARM.Collect$$rtexit$$00000002)
    __rt_exit_exit                           0x080001d9   Thumb Code     0  rtexit2.o(.ARM.Collect$$rtexit$$00000004)
    Reset_Handler                            0x080001e1   Thumb Code     8  startup_stm32f10x_md.o(.text)
    _maybe_terminate_alloc                   0x080001e1   Thumb Code     0  maybetermalloc1.o(.emb_text)
    NMI_Handler                              0x080001e9   Thumb Code     2  startup_stm32f10x_md.o(.text)
    HardFault_Handler                        0x080001eb   Thumb Code     2  startup_stm32f10x_md.o(.text)
    MemManage_Handler                        0x080001ed   Thumb Code     2  startup_stm32f10x_md.o(.text)
    BusFault_Handler                         0x080001ef   Thumb Code     2  startup_stm32f10x_md.o(.text)
    UsageFault_Handler                       0x080001f1   Thumb Code     2  startup_stm32f10x_md.o(.text)
    SVC_Handler                              0x080001f3   Thumb Code     2  startup_stm32f10x_md.o(.text)
    DebugMon_Handler                         0x080001f5   Thumb Code     2  startup_stm32f10x_md.o(.text)
    PendSV_Handler                           0x080001f7   Thumb Code     2  startup_stm32f10x_md.o(.text)
    ADC1_2_IRQHandler                        0x080001fb   Thumb Code     0  startup_stm32f10x_md.o(.text)
    CAN1_RX1_IRQHandler                      0x080001fb   Thumb Code     0  startup_stm32f10x_md.o(.text)
    CAN1_SCE_IRQHandler                      0x080001fb   Thumb Code     0  startup_stm32f10x_md.o(.text)
    DMA1_Channel1_IRQHandler                 0x080001fb   Thumb Code     0  startup_stm32f10x_md.o(.text)
    DMA1_Channel2_IRQHandler                 0x080001fb   Thumb Code     0  startup_stm32f10x_md.o(.text)
    DMA1_Channel3_IRQHandler                 0x080001fb   Thumb Code     0  startup_stm32f10x_md.o(.text)
    DMA1_Channel4_IRQHandler                 0x080001fb   Thumb Code     0  startup_stm32f10x_md.o(.text)
    DMA1_Channel5_IRQHandler                 0x080001fb   Thumb Code     0  startup_stm32f10x_md.o(.text)
    DMA1_Channel6_IRQHandler                 0x080001fb   Thumb Code     0  startup_stm32f10x_md.o(.text)
    DMA1_Channel7_IRQHandler                 0x080001fb   Thumb Code     0  startup_stm32f10x_md.o(.text)
    EXTI0_IRQHandler                         0x080001fb   Thumb Code     0  startup_stm32f10x_md.o(.text)
    EXTI15_10_IRQHandler                     0x080001fb   Thumb Code     0  startup_stm32f10x_md.o(.text)
    EXTI1_IRQHandler                         0x080001fb   Thumb Code     0  startup_stm32f10x_md.o(.text)
    EXTI2_IRQHandler                         0x080001fb   Thumb Code     0  startup_stm32f10x_md.o(.text)
    EXTI3_IRQHandler                         0x080001fb   Thumb Code     0  startup_stm32f10x_md.o(.text)
    EXTI4_IRQHandler                         0x080001fb   Thumb Code     0  startup_stm32f10x_md.o(.text)
    EXTI9_5_IRQHandler                       0x080001fb   Thumb Code     0  startup_stm32f10x_md.o(.text)
    FLASH_IRQHandler                         0x080001fb   Thumb Code     0  startup_stm32f10x_md.o(.text)
    I2C1_ER_IRQHandler                       0x080001fb   Thumb Code     0  startup_stm32f10x_md.o(.text)
    I2C1_EV_IRQHandler                       0x080001fb   Thumb Code     0  startup_stm32f10x_md.o(.text)
    I2C2_ER_IRQHandler                       0x080001fb   Thumb Code     0  startup_stm32f10x_md.o(.text)
    I2C2_EV_IRQHandler                       0x080001fb   Thumb Code     0  startup_stm32f10x_md.o(.text)
    PVD_IRQHandler                           0x080001fb   Thumb Code     0  startup_stm32f10x_md.o(.text)
    RCC_IRQHandler                           0x080001fb   Thumb Code     0  startup_stm32f10x_md.o(.text)
    RTCAlarm_IRQHandler                      0x080001fb   Thumb Code     0  startup_stm32f10x_md.o(.text)
    RTC_IRQHandler                           0x080001fb   Thumb Code     0  startup_stm32f10x_md.o(.text)
    SPI1_IRQHandler                          0x080001fb   Thumb Code     0  startup_stm32f10x_md.o(.text)
    SPI2_IRQHandler                          0x080001fb   Thumb Code     0  startup_stm32f10x_md.o(.text)
    TAMPER_IRQHandler                        0x080001fb   Thumb Code     0  startup_stm32f10x_md.o(.text)
    TIM1_BRK_IRQHandler                      0x080001fb   Thumb Code     0  startup_stm32f10x_md.o(.text)
    TIM1_CC_IRQHandler                       0x080001fb   Thumb Code     0  startup_stm32f10x_md.o(.text)
    TIM1_TRG_COM_IRQHandler                  0x080001fb   Thumb Code     0  startup_stm32f10x_md.o(.text)
    TIM1_UP_IRQHandler                       0x080001fb   Thumb Code     0  startup_stm32f10x_md.o(.text)
    TIM2_IRQHandler                          0x080001fb   Thumb Code     0  startup_stm32f10x_md.o(.text)
    TIM3_IRQHandler                          0x080001fb   Thumb Code     0  startup_stm32f10x_md.o(.text)
    TIM4_IRQHandler                          0x080001fb   Thumb Code     0  startup_stm32f10x_md.o(.text)
    USART1_IRQHandler                        0x080001fb   Thumb Code     0  startup_stm32f10x_md.o(.text)
    USART2_IRQHandler                        0x080001fb   Thumb Code     0  startup_stm32f10x_md.o(.text)
    USART3_IRQHandler                        0x080001fb   Thumb Code     0  startup_stm32f10x_md.o(.text)
    USBWakeUp_IRQHandler                     0x080001fb   Thumb Code     0  startup_stm32f10x_md.o(.text)
    USB_HP_CAN1_TX_IRQHandler                0x080001fb   Thumb Code     0  startup_stm32f10x_md.o(.text)
    USB_LP_CAN1_RX0_IRQHandler               0x080001fb   Thumb Code     0  startup_stm32f10x_md.o(.text)
    WWDG_IRQHandler                          0x080001fb   Thumb Code     0  startup_stm32f10x_md.o(.text)
    __user_initial_stackheap                 0x080001fd   Thumb Code     0  startup_stm32f10x_md.o(.text)
    malloc                                   0x08000221   Thumb Code    94  h1_alloc.o(.text)
    free                                     0x0800027f   Thumb Code    78  h1_free.o(.text)
    __aeabi_uldivmod                         0x080002cd   Thumb Code     0  lludivv7m.o(.text)
    _ll_udiv                                 0x080002cd   Thumb Code   238  lludivv7m.o(.text)
    __aeabi_llsl                             0x080003bb   Thumb Code     0  llshl.o(.text)
    _ll_shift_l                              0x080003bb   Thumb Code    38  llshl.o(.text)
    __aeabi_llsr                             0x080003e1   Thumb Code     0  llushr.o(.text)
    _ll_ushift_r                             0x080003e1   Thumb Code    38  llushr.o(.text)
    __2snprintf                              0x08000409   Thumb Code    48  noretval__2snprintf.o(.text)
    _printf_int_dec                          0x0800043d   Thumb Code   104  _printf_dec.o(.text)
    _printf_longlong_hex                     0x080004b5   Thumb Code    80  _printf_hex_int_ll.o(.text)
    _printf_int_hex                          0x08000505   Thumb Code    28  _printf_hex_int_ll.o(.text)
    _printf_ll_hex                           0x08000521   Thumb Code    12  _printf_hex_int_ll.o(.text)
    __printf                                 0x08000531   Thumb Code   388  __printf_flags_ss_wp.o(.text)
    strlen                                   0x080006b9   Thumb Code    62  strlen.o(.text)
    __use_two_region_memory                  0x080006f7   Thumb Code     2  heapauxi.o(.text)
    __rt_heap_escrow                         0x080006f9   Thumb Code     2  heapauxi.o(.text)
    __rt_heap_expand                         0x080006fb   Thumb Code     2  heapauxi.o(.text)
    __rt_heap_descriptor                     0x080006fd   Thumb Code     8  rt_heap_descriptor_intlibspace.o(.text)
    __use_no_heap                            0x08000705   Thumb Code     2  hguard.o(.text)
    __heap$guard                             0x08000707   Thumb Code     2  hguard.o(.text)
    _terminate_user_alloc                    0x08000709   Thumb Code     2  init_alloc.o(.text)
    _init_user_alloc                         0x0800070b   Thumb Code     2  init_alloc.o(.text)
    __Heap_Full                              0x0800070d   Thumb Code    34  init_alloc.o(.text)
    __Heap_Broken                            0x0800072f   Thumb Code     6  init_alloc.o(.text)
    _init_alloc                              0x08000735   Thumb Code    94  init_alloc.o(.text)
    __Heap_Initialize                        0x08000793   Thumb Code    10  h1_init.o(.text)
    __Heap_DescSize                          0x0800079d   Thumb Code     4  h1_init.o(.text)
    __read_errno                             0x080007a1   Thumb Code    10  _rserrno.o(.text)
    __set_errno                              0x080007ab   Thumb Code    12  _rserrno.o(.text)
    _printf_int_common                       0x080007b7   Thumb Code   178  _printf_intcommon.o(.text)
    __lib_sel_fp_printf                      0x08000869   Thumb Code     2  _printf_fp_dec.o(.text)
    _printf_fp_dec_real                      0x08000a17   Thumb Code   620  _printf_fp_dec.o(.text)
    _printf_char_common                      0x08000c8f   Thumb Code    32  _printf_char_common.o(.text)
    _sputc                                   0x08000cb5   Thumb Code    10  _sputc.o(.text)
    _snputc                                  0x08000cbf   Thumb Code    16  _snputc.o(.text)
    __user_libspace                          0x08000cd1   Thumb Code     8  libspace.o(.text)
    __user_perproc_libspace                  0x08000cd1   Thumb Code     0  libspace.o(.text)
    __user_perthread_libspace                0x08000cd1   Thumb Code     0  libspace.o(.text)
    __rt_locale                              0x08000cd9   Thumb Code     8  rt_locale_intlibspace.o(.text)
    __aeabi_errno_addr                       0x08000ce1   Thumb Code     8  rt_errno_addr_intlibspace.o(.text)
    __errno$intlibspace                      0x08000ce1   Thumb Code     0  rt_errno_addr_intlibspace.o(.text)
    __rt_errno_addr$intlibspace              0x08000ce1   Thumb Code     0  rt_errno_addr_intlibspace.o(.text)
    __Heap_ProvideMemory                     0x08000ce9   Thumb Code    52  h1_extend.o(.text)
    _ll_udiv10                               0x08000d1d   Thumb Code   138  lludiv10.o(.text)
    _printf_fp_infnan                        0x08000da9   Thumb Code   112  _printf_fp_infnan.o(.text)
    _btod_etento                             0x08000e29   Thumb Code   216  bigflt0.o(.text)
    __rt_SIGRTMEM                            0x08000f05   Thumb Code    14  defsig_rtmem_outer.o(.text)
    __user_setup_stackheap                   0x08000f13   Thumb Code    74  sys_stackheap_outer.o(.text)
    exit                                     0x08000f5d   Thumb Code    18  exit.o(.text)
    __sig_exit                               0x08000f6f   Thumb Code    10  defsig_exit.o(.text)
    __rt_SIGRTMEM_inner                      0x08000f79   Thumb Code    22  defsig_rtmem_inner.o(.text)
    strcmp                                   0x08000fc9   Thumb Code   128  strcmpv7m.o(.text)
    __default_signal_display                 0x08001049   Thumb Code    50  defsig_general.o(.text)
    _btod_d2e                                0x0800107b   Thumb Code    62  btod.o(CL$$btod_d2e)
    _d2e_denorm_low                          0x080010b9   Thumb Code    70  btod.o(CL$$btod_d2e_denorm_low)
    _d2e_norm_op1                            0x080010ff   Thumb Code    96  btod.o(CL$$btod_d2e_norm_op1)
    __btod_div_common                        0x0800115f   Thumb Code   696  btod.o(CL$$btod_div_common)
    _e2e                                     0x08001497   Thumb Code   198  btod.o(CL$$btod_e2e)
    _btod_ediv                               0x0800155d   Thumb Code    40  btod.o(CL$$btod_ediv)
    _btod_emul                               0x08001585   Thumb Code    40  btod.o(CL$$btod_emul)
    __btod_mult_common                       0x080015ad   Thumb Code   580  btod.o(CL$$btod_mult_common)
    DSetMode                                 0x080017f1   Thumb Code    14  hal.o(i.DSetMode)
    Delay                                    0x08001801   Thumb Code    20  ti_lib.o(i.Delay)
    Init_IO                                  0x08001819   Thumb Code    32  sim_board_io.o(i.Init_IO)
    Init_SPI                                 0x08001841   Thumb Code    60  sim_board_io.o(i.Init_SPI)
    Init_System_Clock                        0x08001891   Thumb Code    94  sim_board_io.o(i.Init_System_Clock)
    Init_TI_Board                            0x080018fd   Thumb Code    30  ti_lib.o(i.Init_TI_Board)
    SER_Init                                 0x0800191d   Thumb Code   134  serial.o(i.SER_Init)
    SER_PutChar                              0x080019b5   Thumb Code    26  serial.o(i.SER_PutChar)
    SysTick_Handler                          0x08001abd   Thumb Code     8  ti_lib.o(i.SysTick_Handler)
    SystemCoreClockUpdate                    0x08001ac5   Thumb Code   142  system_stm32f10x.o(i.SystemCoreClockUpdate)
    SystemInit                               0x08001b69   Thumb Code    78  system_stm32f10x.o(i.SystemInit)
    TFT_Init                                 0x08001bc9   Thumb Code    20  tft.o(i.TFT_Init)
    TFT_cls                                  0x08001bdd   Thumb Code    10  tft.o(i.TFT_cls)
    TFT_cursor_off                           0x08001be7   Thumb Code    36  tft.o(i.TFT_cursor_off)
    TFT_gotoxy                               0x08001c0b   Thumb Code    46  tft.o(i.TFT_gotoxy)
    TFT_putc                                 0x08001c39   Thumb Code    30  tft.o(i.TFT_putc)
    TFT_puts                                 0x08001c57   Thumb Code    20  tft.o(i.TFT_puts)
    TFT_send_data                            0x08001c6d   Thumb Code   230  tft.o(i.TFT_send_data)
    TFT_set_font_color                       0x08001d5d   Thumb Code    44  tft.o(i.TFT_set_font_color)
    TFT_terminal_on                          0x08001d89   Thumb Code    30  tft.o(i.TFT_terminal_on)
    TFT_touch_key_feedback                   0x08001da7   Thumb Code    72  tft.o(i.TFT_touch_key_feedback)
    TempAutoDetect                           0x08001def   Thumb Code   130  temperature.o(i.TempAutoDetect)
    TempMeasureAll                           0x08001e71   Thumb Code    26  temperature.o(i.TempMeasureAll)
    TempNewInstance                          0x08001e8b   Thumb Code    30  temperature.o(i.TempNewInstance)
    TempReadTemp                             0x08001ea9   Thumb Code   112  temperature.o(i.TempReadTemp)
    TimingDelay_Decrement                    0x08001f19   Thumb Code    28  ti_lib.o(i.TimingDelay_Decrement)
    __ARM_fpclassify                         0x08001f3d   Thumb Code    40  fpclassify.o(i.__ARM_fpclassify)
    __kernel_poly                            0x08001f65   Thumb Code   170  poly.o(i.__kernel_poly)
    __mathlib_dbl_divzero                    0x08002011   Thumb Code    12  dunder.o(i.__mathlib_dbl_divzero)
    __mathlib_dbl_infnan2                    0x08002021   Thumb Code     4  dunder.o(i.__mathlib_dbl_infnan2)
    __mathlib_dbl_invalid                    0x08002025   Thumb Code    12  dunder.o(i.__mathlib_dbl_invalid)
    __mathlib_dbl_overflow                   0x08002031   Thumb Code    14  dunder.o(i.__mathlib_dbl_overflow)
    __mathlib_dbl_underflow                  0x08002041   Thumb Code    10  dunder.o(i.__mathlib_dbl_underflow)
    _is_digit                                0x08002051   Thumb Code    14  __printf_wp.o(i._is_digit)
    _sys_exit                                0x0800205f   Thumb Code     4  retarget.o(i._sys_exit)
    _ttywrch                                 0x08002063   Thumb Code    12  retarget.o(i._ttywrch)
    addROM                                   0x08002071   Thumb Code    46  arraylist.o(i.addROM)
    calcCRC                                  0x080020a9   Thumb Code    34  crc.o(i.calcCRC)
    detectSensors                            0x080020d1   Thumb Code    98  hardwarecontroller.o(i.detectSensors)
    errorHandler                             0x080021f1   Thumb Code   108  errorhandling.o(i.errorHandler)
    getCount                                 0x08002335   Thumb Code     6  arraylist.o(i.getCount)
    getEmptyROM                              0x08002341   Thumb Code    42  temperature.o(i.getEmptyROM)
    getROM                                   0x0800236d   Thumb Code    40  arraylist.o(i.getROM)
    getTimeStamp                             0x0800239d   Thumb Code     8  timer.o(i.getTimeStamp)
    initHAL                                  0x080023a5   Thumb Code    56  hal.o(i.initHAL)
    initHardwareController                   0x080023dd   Thumb Code    12  hardwarecontroller.o(i.initHardwareController)
    initList                                 0x080023e9   Thumb Code    40  arraylist.o(i.initList)
    initTemp                                 0x080024ad   Thumb Code     8  temperature.o(i.initTemp)
    initTempOutput                           0x080024b5   Thumb Code    18  output.o(i.initTempOutput)
    isValidCRC                               0x080024d9   Thumb Code    36  crc.o(i.isValidCRC)
    main                                     0x08002551   Thumb Code   178  main.o(i.main)
    measure                                  0x08002605   Thumb Code    42  hardwarecontroller.o(i.measure)
    pow                                      0x0800265d   Thumb Code  2512  pow.o(i.pow)
    printROM                                 0x08003035   Thumb Code    36  output.o(i.printROM)
    printTemp                                0x08003065   Thumb Code    44  output.o(i.printTemp)
    readBit                                  0x080030a1   Thumb Code    44  hal.o(i.readBit)
    readByte                                 0x080030cd   Thumb Code    72  hal.o(i.readByte)
    readDuring                               0x08003115   Thumb Code   120  hal.o(i.readDuring)
    readScratch                              0x08003191   Thumb Code    36  hardwarecontroller.o(i.readScratch)
    reset                                    0x080031b5   Thumb Code    62  hal.o(i.reset)
    resetHardware                            0x080031f3   Thumb Code     8  hardwarecontroller.o(i.resetHardware)
    selectSlave                              0x080031fb   Thumb Code    34  hardwarecontroller.o(i.selectSlave)
    setDPin                                  0x0800321d   Thumb Code    14  hal.o(i.setDPin)
    setRW                                    0x08003249   Thumb Code    14  hal.o(i.setRW)
    skipRom                                  0x08003299   Thumb Code    24  hardwarecontroller.o(i.skipRom)
    sqrt                                     0x080032b1   Thumb Code    76  sqrt.o(i.sqrt)
    timerinit                                0x0800337d   Thumb Code    40  timer.o(i.timerinit)
    wait                                     0x080033a9   Thumb Code    46  hal.o(i.wait)
    writeBit                                 0x080033d7   Thumb Code    70  hal.o(i.writeBit)
    writeByte                                0x0800341d   Thumb Code    14  hal.o(i.writeByte)
    writeBytes                               0x0800342b   Thumb Code    52  hal.o(i.writeBytes)
    _get_lc_numeric                          0x08003461   Thumb Code    44  lc_numeric_c.o(locale$$code)
    __aeabi_d2f                              0x0800348d   Thumb Code     0  d2f.o(x$fpl$d2f)
    _d2f                                     0x0800348d   Thumb Code    98  d2f.o(x$fpl$d2f)
    __aeabi_dadd                             0x080034f1   Thumb Code     0  daddsub_clz.o(x$fpl$dadd)
    _dadd                                    0x080034f1   Thumb Code   332  daddsub_clz.o(x$fpl$dadd)
    __fpl_dcheck_NaN1                        0x08003641   Thumb Code    10  dcheck1.o(x$fpl$dcheck1)
    __fpl_dcmp_Inf                           0x08003651   Thumb Code    24  dcmpi.o(x$fpl$dcmpinf)
    __aeabi_ddiv                             0x08003669   Thumb Code     0  ddiv.o(x$fpl$ddiv)
    _ddiv                                    0x08003669   Thumb Code   552  ddiv.o(x$fpl$ddiv)
    __aeabi_i2d                              0x08003919   Thumb Code     0  dflt_clz.o(x$fpl$dflt)
    _dflt                                    0x08003919   Thumb Code    46  dflt_clz.o(x$fpl$dflt)
    __aeabi_cdcmple                          0x08003949   Thumb Code     0  dleqf.o(x$fpl$dleqf)
    _dcmple                                  0x08003949   Thumb Code   120  dleqf.o(x$fpl$dleqf)
    __fpl_dcmple_InfNaN                      0x080039ab   Thumb Code     0  dleqf.o(x$fpl$dleqf)
    __aeabi_dmul                             0x080039c1   Thumb Code     0  dmul.o(x$fpl$dmul)
    _dmul                                    0x080039c1   Thumb Code   332  dmul.o(x$fpl$dmul)
    __fpl_dnaninf                            0x08003b15   Thumb Code   156  dnaninf.o(x$fpl$dnaninf)
    __fpl_dretinf                            0x08003bb1   Thumb Code    12  dretinf.o(x$fpl$dretinf)
    __aeabi_cdrcmple                         0x08003bbd   Thumb Code     0  drleqf.o(x$fpl$drleqf)
    _drcmple                                 0x08003bbd   Thumb Code   108  drleqf.o(x$fpl$drleqf)
    __aeabi_drsub                            0x08003c29   Thumb Code     0  daddsub_clz.o(x$fpl$drsb)
    _drsb                                    0x08003c29   Thumb Code    22  daddsub_clz.o(x$fpl$drsb)
    _dsqrt                                   0x08003c41   Thumb Code   456  dsqrt_noumaal.o(x$fpl$dsqrt)
    __aeabi_dsub                             0x08003e0d   Thumb Code     0  daddsub_clz.o(x$fpl$dsub)
    _dsub                                    0x08003e0d   Thumb Code   464  daddsub_clz.o(x$fpl$dsub)
    __aeabi_f2d                              0x08003fe1   Thumb Code     0  f2d.o(x$fpl$f2d)
    _f2d                                     0x08003fe1   Thumb Code    86  f2d.o(x$fpl$f2d)
    __aeabi_fadd                             0x08004039   Thumb Code     0  faddsub_clz.o(x$fpl$fadd)
    _fadd                                    0x08004039   Thumb Code   196  faddsub_clz.o(x$fpl$fadd)
    __aeabi_i2f                              0x080040fd   Thumb Code     0  fflt_clz.o(x$fpl$fflt)
    _fflt                                    0x080040fd   Thumb Code    48  fflt_clz.o(x$fpl$fflt)
    __fpl_fnaninf                            0x0800412d   Thumb Code   140  fnaninf.o(x$fpl$fnaninf)
    __fpl_fretinf                            0x080041b9   Thumb Code    10  fretinf.o(x$fpl$fretinf)
    __aeabi_fsub                             0x080041c5   Thumb Code     0  faddsub_clz.o(x$fpl$fsub)
    _fsub                                    0x080041c5   Thumb Code   234  faddsub_clz.o(x$fpl$fsub)
    _printf_fp_dec                           0x080042af   Thumb Code     4  printf1.o(x$fpl$printf1)
    __fpl_return_NaN                         0x080042b3   Thumb Code   100  retnan.o(x$fpl$retnan)
    __ARM_scalbn                             0x08004317   Thumb Code    92  scalbn.o(x$fpl$scalbn)
    __fpl_cmpreturn                          0x08004373   Thumb Code    48  trapv.o(x$fpl$trapveneer)
    __I$use$fp                               0x080043a2   Number         0  usenofp.o(x$fpl$usenofp)
    __mathlib_zero                           0x08004468   Data           8  qnan.o(.constdata)
    Region$$Table$$Base                      0x08004504   Number         0  anon$$obj.o(Region$$Table)
    Region$$Table$$Limit                     0x08004524   Number         0  anon$$obj.o(Region$$Table)
    SystemCoreClock                          0x20000008   Data           4  system_stm32f10x.o(.data)
    AHBPrescTable                            0x2000000c   Data          16  system_stm32f10x.o(.data)
    __libspace_start                         0x200002c0   Data          96  libspace.o(.bss)
    __temporary_stack_top$libspace           0x20000320   Data           0  libspace.o(.bss)



==============================================================================

Memory Map of the image

  Image Entry point : 0x080000ed

  Load Region LR_IROM1 (Base: 0x08000000, Size: 0x00004760, Max: 0x00040000, ABSOLUTE, COMPRESSED[0x00004750])

    Execution Region ER_IROM1 (Base: 0x08000000, Size: 0x00004540, Max: 0x00040000, ABSOLUTE)

    Base Addr    Size         Type   Attr      Idx    E Section Name        Object

    0x08000000   0x000000ec   Data   RO          505    RESET               startup_stm32f10x_md.o
    0x080000ec   0x00000008   Code   RO         1179  * !!!main             c_w.l(__main.o)
    0x080000f4   0x00000034   Code   RO         1547    !!!scatter          c_w.l(__scatter.o)
    0x08000128   0x0000003a   Code   RO         1545    !!dczerorl          c_w.l(__dczerorl.o)
    0x08000162   0x00000002   PAD
    0x08000164   0x0000001c   Code   RO         1549    !!handler_zi        c_w.l(__scatter_zi.o)
    0x08000180   0x00000000   Code   RO         1171    .ARM.Collect$$_printf_percent$$00000000  c_w.l(_printf_percent.o)
    0x08000180   0x00000006   Code   RO         1170    .ARM.Collect$$_printf_percent$$00000003  c_w.l(_printf_f.o)
    0x08000186   0x0000000a   Code   RO         1268    .ARM.Collect$$_printf_percent$$00000007  c_w.l(_printf_ll.o)
    0x08000190   0x00000006   Code   RO         1169    .ARM.Collect$$_printf_percent$$00000009  c_w.l(_printf_d.o)
    0x08000196   0x00000006   Code   RO         1172    .ARM.Collect$$_printf_percent$$00000011  c_w.l(_printf_llx.o)
    0x0800019c   0x00000004   Code   RO         1267    .ARM.Collect$$_printf_percent$$00000017  c_w.l(_printf_percent_end.o)
    0x080001a0   0x00000002   Code   RO         1482    .ARM.Collect$$libinit$$00000000  c_w.l(libinit.o)
    0x080001a2   0x00000000   Code   RO         1274    .ARM.Collect$$libinit$$00000002  c_w.l(libinit2.o)
    0x080001a2   0x00000000   Code   RO         1276    .ARM.Collect$$libinit$$00000004  c_w.l(libinit2.o)
    0x080001a2   0x00000008   Code   RO         1277    .ARM.Collect$$libinit$$00000005  c_w.l(libinit2.o)
    0x080001aa   0x00000000   Code   RO         1279    .ARM.Collect$$libinit$$0000000A  c_w.l(libinit2.o)
    0x080001aa   0x00000000   Code   RO         1281    .ARM.Collect$$libinit$$0000000C  c_w.l(libinit2.o)
    0x080001aa   0x00000000   Code   RO         1283    .ARM.Collect$$libinit$$0000000E  c_w.l(libinit2.o)
    0x080001aa   0x00000006   Code   RO         1284    .ARM.Collect$$libinit$$0000000F  c_w.l(libinit2.o)
    0x080001b0   0x00000000   Code   RO         1286    .ARM.Collect$$libinit$$00000011  c_w.l(libinit2.o)
    0x080001b0   0x00000000   Code   RO         1288    .ARM.Collect$$libinit$$00000013  c_w.l(libinit2.o)
    0x080001b0   0x00000000   Code   RO         1290    .ARM.Collect$$libinit$$00000015  c_w.l(libinit2.o)
    0x080001b0   0x0000000a   Code   RO         1291    .ARM.Collect$$libinit$$00000016  c_w.l(libinit2.o)
    0x080001ba   0x00000000   Code   RO         1292    .ARM.Collect$$libinit$$00000017  c_w.l(libinit2.o)
    0x080001ba   0x00000000   Code   RO         1294    .ARM.Collect$$libinit$$00000019  c_w.l(libinit2.o)
    0x080001ba   0x00000000   Code   RO         1296    .ARM.Collect$$libinit$$0000001B  c_w.l(libinit2.o)
    0x080001ba   0x00000000   Code   RO         1298    .ARM.Collect$$libinit$$0000001D  c_w.l(libinit2.o)
    0x080001ba   0x00000000   Code   RO         1300    .ARM.Collect$$libinit$$0000001F  c_w.l(libinit2.o)
    0x080001ba   0x00000000   Code   RO         1302    .ARM.Collect$$libinit$$00000021  c_w.l(libinit2.o)
    0x080001ba   0x00000000   Code   RO         1304    .ARM.Collect$$libinit$$00000023  c_w.l(libinit2.o)
    0x080001ba   0x00000000   Code   RO         1306    .ARM.Collect$$libinit$$00000025  c_w.l(libinit2.o)
    0x080001ba   0x00000000   Code   RO         1310    .ARM.Collect$$libinit$$0000002C  c_w.l(libinit2.o)
    0x080001ba   0x00000000   Code   RO         1312    .ARM.Collect$$libinit$$0000002E  c_w.l(libinit2.o)
    0x080001ba   0x00000000   Code   RO         1314    .ARM.Collect$$libinit$$00000030  c_w.l(libinit2.o)
    0x080001ba   0x00000000   Code   RO         1316    .ARM.Collect$$libinit$$00000032  c_w.l(libinit2.o)
    0x080001ba   0x00000002   Code   RO         1317    .ARM.Collect$$libinit$$00000033  c_w.l(libinit2.o)
    0x080001bc   0x00000002   Code   RO         1542    .ARM.Collect$$libshutdown$$00000000  c_w.l(libshutdown.o)
    0x080001be   0x00000000   Code   RO         1500    .ARM.Collect$$libshutdown$$00000002  c_w.l(libshutdown2.o)
    0x080001be   0x00000000   Code   RO         1502    .ARM.Collect$$libshutdown$$00000004  c_w.l(libshutdown2.o)
    0x080001be   0x00000000   Code   RO         1505    .ARM.Collect$$libshutdown$$00000007  c_w.l(libshutdown2.o)
    0x080001be   0x00000000   Code   RO         1508    .ARM.Collect$$libshutdown$$0000000A  c_w.l(libshutdown2.o)
    0x080001be   0x00000000   Code   RO         1510    .ARM.Collect$$libshutdown$$0000000C  c_w.l(libshutdown2.o)
    0x080001be   0x00000000   Code   RO         1513    .ARM.Collect$$libshutdown$$0000000F  c_w.l(libshutdown2.o)
    0x080001be   0x00000002   Code   RO         1514    .ARM.Collect$$libshutdown$$00000010  c_w.l(libshutdown2.o)
    0x080001c0   0x00000000   Code   RO         1223    .ARM.Collect$$rtentry$$00000000  c_w.l(__rtentry.o)
    0x080001c0   0x00000000   Code   RO         1368    .ARM.Collect$$rtentry$$00000002  c_w.l(__rtentry2.o)
    0x080001c0   0x00000006   Code   RO         1380    .ARM.Collect$$rtentry$$00000004  c_w.l(__rtentry4.o)
    0x080001c6   0x00000000   Code   RO         1370    .ARM.Collect$$rtentry$$00000009  c_w.l(__rtentry2.o)
    0x080001c6   0x00000004   Code   RO         1371    .ARM.Collect$$rtentry$$0000000A  c_w.l(__rtentry2.o)
    0x080001ca   0x00000000   Code   RO         1373    .ARM.Collect$$rtentry$$0000000C  c_w.l(__rtentry2.o)
    0x080001ca   0x00000008   Code   RO         1374    .ARM.Collect$$rtentry$$0000000D  c_w.l(__rtentry2.o)
    0x080001d2   0x00000002   Code   RO         1487    .ARM.Collect$$rtexit$$00000000  c_w.l(rtexit.o)
    0x080001d4   0x00000000   Code   RO         1518    .ARM.Collect$$rtexit$$00000002  c_w.l(rtexit2.o)
    0x080001d4   0x00000004   Code   RO         1519    .ARM.Collect$$rtexit$$00000003  c_w.l(rtexit2.o)
    0x080001d8   0x00000006   Code   RO         1520    .ARM.Collect$$rtexit$$00000004  c_w.l(rtexit2.o)
    0x080001de   0x00000002   PAD
    0x080001e0   0x00000000   Code   RO         1396    .emb_text           c_w.l(maybetermalloc1.o)
    0x080001e0   0x00000040   Code   RO          506    .text               startup_stm32f10x_md.o
    0x08000220   0x0000005e   Code   RO         1049    .text               c_w.l(h1_alloc.o)
    0x0800027e   0x0000004e   Code   RO         1051    .text               c_w.l(h1_free.o)
    0x080002cc   0x000000ee   Code   RO         1107    .text               c_w.l(lludivv7m.o)
    0x080003ba   0x00000026   Code   RO         1109    .text               c_w.l(llshl.o)
    0x080003e0   0x00000026   Code   RO         1111    .text               c_w.l(llushr.o)
    0x08000406   0x00000002   PAD
    0x08000408   0x00000034   Code   RO         1119    .text               c_w.l(noretval__2snprintf.o)
    0x0800043c   0x00000078   Code   RO         1125    .text               c_w.l(_printf_dec.o)
    0x080004b4   0x0000007c   Code   RO         1133    .text               c_w.l(_printf_hex_int_ll.o)
    0x08000530   0x00000188   Code   RO         1165    .text               c_w.l(__printf_flags_ss_wp.o)
    0x080006b8   0x0000003e   Code   RO         1175    .text               c_w.l(strlen.o)
    0x080006f6   0x00000006   Code   RO         1177    .text               c_w.l(heapauxi.o)
    0x080006fc   0x00000008   Code   RO         1231    .text               c_w.l(rt_heap_descriptor_intlibspace.o)
    0x08000704   0x00000004   Code   RO         1233    .text               c_w.l(hguard.o)
    0x08000708   0x0000008a   Code   RO         1235    .text               c_w.l(init_alloc.o)
    0x08000792   0x0000000e   Code   RO         1239    .text               c_w.l(h1_init.o)
    0x080007a0   0x00000016   Code   RO         1253    .text               c_w.l(_rserrno.o)
    0x080007b6   0x000000b2   Code   RO         1255    .text               c_w.l(_printf_intcommon.o)
    0x08000868   0x0000041a   Code   RO         1257    .text               c_w.l(_printf_fp_dec.o)
    0x08000c82   0x00000002   PAD
    0x08000c84   0x00000030   Code   RO         1259    .text               c_w.l(_printf_char_common.o)
    0x08000cb4   0x0000000a   Code   RO         1261    .text               c_w.l(_sputc.o)
    0x08000cbe   0x00000010   Code   RO         1263    .text               c_w.l(_snputc.o)
    0x08000cce   0x00000002   PAD
    0x08000cd0   0x00000008   Code   RO         1364    .text               c_w.l(libspace.o)
    0x08000cd8   0x00000008   Code   RO         1387    .text               c_w.l(rt_locale_intlibspace.o)
    0x08000ce0   0x00000008   Code   RO         1392    .text               c_w.l(rt_errno_addr_intlibspace.o)
    0x08000ce8   0x00000034   Code   RO         1398    .text               c_w.l(h1_extend.o)
    0x08000d1c   0x0000008a   Code   RO         1402    .text               c_w.l(lludiv10.o)
    0x08000da6   0x00000002   PAD
    0x08000da8   0x00000080   Code   RO         1404    .text               c_w.l(_printf_fp_infnan.o)
    0x08000e28   0x000000dc   Code   RO         1408    .text               c_w.l(bigflt0.o)
    0x08000f04   0x0000000e   Code   RO         1436    .text               c_w.l(defsig_rtmem_outer.o)
    0x08000f12   0x0000004a   Code   RO         1455    .text               c_w.l(sys_stackheap_outer.o)
    0x08000f5c   0x00000012   Code   RO         1461    .text               c_w.l(exit.o)
    0x08000f6e   0x0000000a   Code   RO         1463    .text               c_w.l(defsig_exit.o)
    0x08000f78   0x00000050   Code   RO         1469    .text               c_w.l(defsig_rtmem_inner.o)
    0x08000fc8   0x00000080   Code   RO         1471    .text               c_w.l(strcmpv7m.o)
    0x08001048   0x00000032   Code   RO         1495    .text               c_w.l(defsig_general.o)
    0x0800107a   0x0000003e   Code   RO         1411    CL$$btod_d2e        c_w.l(btod.o)
    0x080010b8   0x00000046   Code   RO         1413    CL$$btod_d2e_denorm_low  c_w.l(btod.o)
    0x080010fe   0x00000060   Code   RO         1412    CL$$btod_d2e_norm_op1  c_w.l(btod.o)
    0x0800115e   0x00000338   Code   RO         1421    CL$$btod_div_common  c_w.l(btod.o)
    0x08001496   0x000000c6   Code   RO         1418    CL$$btod_e2e        c_w.l(btod.o)
    0x0800155c   0x00000028   Code   RO         1415    CL$$btod_ediv       c_w.l(btod.o)
    0x08001584   0x00000028   Code   RO         1414    CL$$btod_emul       c_w.l(btod.o)
    0x080015ac   0x00000244   Code   RO         1420    CL$$btod_mult_common  c_w.l(btod.o)
    0x080017f0   0x0000000e   Code   RO          941    i.DSetMode          hal.o
    0x080017fe   0x00000002   PAD
    0x08001800   0x00000018   Code   RO          401    i.Delay             ti_lib.o
    0x08001818   0x00000028   Code   RO          623    i.Init_IO           sim_board_io.o
    0x08001840   0x00000050   Code   RO          624    i.Init_SPI          sim_board_io.o
    0x08001890   0x0000006c   Code   RO          625    i.Init_System_Clock  sim_board_io.o
    0x080018fc   0x0000001e   Code   RO          402    i.Init_TI_Board     ti_lib.o
    0x0800191a   0x00000002   PAD
    0x0800191c   0x00000098   Code   RO          514    i.SER_Init          serial.o
    0x080019b4   0x00000020   Code   RO          515    i.SER_PutChar       serial.o
    0x080019d4   0x00000008   Code   RO          456    i.SetSysClock       system_stm32f10x.o
    0x080019dc   0x000000e0   Code   RO          457    i.SetSysClockTo72   system_stm32f10x.o
    0x08001abc   0x00000008   Code   RO          403    i.SysTick_Handler   ti_lib.o
    0x08001ac4   0x000000a4   Code   RO          458    i.SystemCoreClockUpdate  system_stm32f10x.o
    0x08001b68   0x00000060   Code   RO          459    i.SystemInit        system_stm32f10x.o
    0x08001bc8   0x00000014   Code   RO           63    i.TFT_Init          tft.o
    0x08001bdc   0x0000000a   Code   RO           74    i.TFT_cls           tft.o
    0x08001be6   0x00000024   Code   RO           75    i.TFT_cursor_off    tft.o
    0x08001c0a   0x0000002e   Code   RO           80    i.TFT_gotoxy        tft.o
    0x08001c38   0x0000001e   Code   RO           87    i.TFT_putc          tft.o
    0x08001c56   0x00000014   Code   RO           88    i.TFT_puts          tft.o
    0x08001c6a   0x00000002   PAD
    0x08001c6c   0x000000f0   Code   RO           90    i.TFT_send_data     tft.o
    0x08001d5c   0x0000002c   Code   RO           93    i.TFT_set_font_color  tft.o
    0x08001d88   0x0000001e   Code   RO          100    i.TFT_terminal_on   tft.o
    0x08001da6   0x00000048   Code   RO          107    i.TFT_touch_key_feedback  tft.o
    0x08001dee   0x00000082   Code   RO          866    i.TempAutoDetect    temperature.o
    0x08001e70   0x0000001a   Code   RO          868    i.TempMeasureAll    temperature.o
    0x08001e8a   0x0000001e   Code   RO          869    i.TempNewInstance   temperature.o
    0x08001ea8   0x00000070   Code   RO          870    i.TempReadTemp      temperature.o
    0x08001f18   0x00000024   Code   RO          404    i.TimingDelay_Decrement  ti_lib.o
    0x08001f3c   0x00000028   Code   RO         1351    i.__ARM_fpclassify  m_ws.l(fpclassify.o)
    0x08001f64   0x000000aa   Code   RO         1353    i.__kernel_poly     m_ws.l(poly.o)
    0x0800200e   0x00000002   PAD
    0x08002010   0x00000010   Code   RO         1337    i.__mathlib_dbl_divzero  m_ws.l(dunder.o)
    0x08002020   0x00000004   Code   RO         1339    i.__mathlib_dbl_infnan2  m_ws.l(dunder.o)
    0x08002024   0x0000000c   Code   RO         1340    i.__mathlib_dbl_invalid  m_ws.l(dunder.o)
    0x08002030   0x0000000e   Code   RO         1341    i.__mathlib_dbl_overflow  m_ws.l(dunder.o)
    0x0800203e   0x00000002   PAD
    0x08002040   0x00000010   Code   RO         1343    i.__mathlib_dbl_underflow  m_ws.l(dunder.o)
    0x08002050   0x0000000e   Code   RO         1158    i._is_digit         c_w.l(__printf_wp.o)
    0x0800205e   0x00000004   Code   RO          552    i._sys_exit         retarget.o
    0x08002062   0x0000000c   Code   RO          553    i._ttywrch          retarget.o
    0x0800206e   0x00000002   PAD
    0x08002070   0x00000038   Code   RO          660    i.addROM            arraylist.o
    0x080020a8   0x00000028   Code   RO          919    i.calcCRC           crc.o
    0x080020d0   0x00000062   Code   RO          774    i.detectSensors     hardwarecontroller.o
    0x08002132   0x000000be   Code   RO          775    i.detectSensorsRecursively  hardwarecontroller.o
    0x080021f0   0x00000144   Code   RO          851    i.errorHandler      errorhandling.o
    0x08002334   0x0000000c   Code   RO          661    i.getCount          arraylist.o
    0x08002340   0x0000002a   Code   RO          871    i.getEmptyROM       temperature.o
    0x0800236a   0x00000002   PAD
    0x0800236c   0x00000030   Code   RO          662    i.getROM            arraylist.o
    0x0800239c   0x00000008   Code   RO          372    i.getTimeStamp      timer.o
    0x080023a4   0x00000038   Code   RO          942    i.initHAL           hal.o
    0x080023dc   0x0000000c   Code   RO          776    i.initHardwareController  hardwarecontroller.o
    0x080023e8   0x00000030   Code   RO          663    i.initList          arraylist.o
    0x08002418   0x00000094   Code   RO          745    i.initROMList       main.o
    0x080024ac   0x00000008   Code   RO          872    i.initTemp          temperature.o
    0x080024b4   0x00000024   Code   RO          704    i.initTempOutput    output.o
    0x080024d8   0x00000024   Code   RO          920    i.isValidCRC        crc.o
    0x080024fc   0x00000054   Code   RO          777    i.jumpToBranch      hardwarecontroller.o
    0x08002550   0x000000b2   Code   RO          746    i.main              main.o
    0x08002602   0x00000002   PAD
    0x08002604   0x00000030   Code   RO          778    i.measure           hardwarecontroller.o
    0x08002634   0x00000028   Code   RO          943    i.pinSetMode        hal.o
    0x0800265c   0x000009d8   Code   RO         1212    i.pow               m_ws.l(pow.o)
    0x08003034   0x00000030   Code   RO          705    i.printROM          output.o
    0x08003064   0x0000003c   Code   RO          706    i.printTemp         output.o
    0x080030a0   0x0000002c   Code   RO          944    i.readBit           hal.o
    0x080030cc   0x00000048   Code   RO          945    i.readByte          hal.o
    0x08003114   0x0000007c   Code   RO          946    i.readDuring        hal.o
    0x08003190   0x00000024   Code   RO          780    i.readScratch       hardwarecontroller.o
    0x080031b4   0x0000003e   Code   RO          947    i.reset             hal.o
    0x080031f2   0x00000008   Code   RO          781    i.resetHardware     hardwarecontroller.o
    0x080031fa   0x00000022   Code   RO          782    i.selectSlave       hardwarecontroller.o
    0x0800321c   0x0000000e   Code   RO          948    i.setDPin           hal.o
    0x0800322a   0x00000002   PAD
    0x0800322c   0x0000001c   Code   RO          949    i.setPin            hal.o
    0x08003248   0x0000000e   Code   RO          950    i.setRW             hal.o
    0x08003256   0x00000002   PAD
    0x08003258   0x00000040   Code   RO          951    i.setRW_pin         hal.o
    0x08003298   0x00000018   Code   RO          783    i.skipRom           hardwarecontroller.o
    0x080032b0   0x0000004c   Code   RO         1357    i.sqrt              m_ws.l(sqrt.o)
    0x080032fc   0x00000080   Code   RO          873    i.tempToDouble      temperature.o
    0x0800337c   0x0000002c   Code   RO          373    i.timerinit         timer.o
    0x080033a8   0x0000002e   Code   RO          952    i.wait              hal.o
    0x080033d6   0x00000046   Code   RO          953    i.writeBit          hal.o
    0x0800341c   0x0000000e   Code   RO          954    i.writeByte         hal.o
    0x0800342a   0x00000034   Code   RO          955    i.writeBytes        hal.o
    0x0800345e   0x00000002   PAD
    0x08003460   0x0000002c   Code   RO         1434    locale$$code        c_w.l(lc_numeric_c.o)
    0x0800348c   0x00000062   Code   RO         1181    x$fpl$d2f           fz_ws.l(d2f.o)
    0x080034ee   0x00000002   PAD
    0x080034f0   0x00000150   Code   RO         1183    x$fpl$dadd          fz_ws.l(daddsub_clz.o)
    0x08003640   0x00000010   Code   RO         1445    x$fpl$dcheck1       fz_ws.l(dcheck1.o)
    0x08003650   0x00000018   Code   RO         1483    x$fpl$dcmpinf       fz_ws.l(dcmpi.o)
    0x08003668   0x000002b0   Code   RO         1319    x$fpl$ddiv          fz_ws.l(ddiv.o)
    0x08003918   0x0000002e   Code   RO         1190    x$fpl$dflt          fz_ws.l(dflt_clz.o)
    0x08003946   0x00000002   PAD
    0x08003948   0x00000078   Code   RO         1447    x$fpl$dleqf         fz_ws.l(dleqf.o)
    0x080039c0   0x00000154   Code   RO         1322    x$fpl$dmul          fz_ws.l(dmul.o)
    0x08003b14   0x0000009c   Code   RO         1324    x$fpl$dnaninf       fz_ws.l(dnaninf.o)
    0x08003bb0   0x0000000c   Code   RO         1326    x$fpl$dretinf       fz_ws.l(dretinf.o)
    0x08003bbc   0x0000006c   Code   RO         1328    x$fpl$drleqf        fz_ws.l(drleqf.o)
    0x08003c28   0x00000016   Code   RO         1184    x$fpl$drsb          fz_ws.l(daddsub_clz.o)
    0x08003c3e   0x00000002   PAD
    0x08003c40   0x000001cc   Code   RO         1449    x$fpl$dsqrt         fz_ws.l(dsqrt_noumaal.o)
    0x08003e0c   0x000001d4   Code   RO         1185    x$fpl$dsub          fz_ws.l(daddsub_clz.o)
    0x08003fe0   0x00000056   Code   RO         1195    x$fpl$f2d           fz_ws.l(f2d.o)
    0x08004036   0x00000002   PAD
    0x08004038   0x000000c4   Code   RO         1197    x$fpl$fadd          fz_ws.l(faddsub_clz.o)
    0x080040fc   0x00000030   Code   RO         1204    x$fpl$fflt          fz_ws.l(fflt_clz.o)
    0x0800412c   0x0000008c   Code   RO         1330    x$fpl$fnaninf       fz_ws.l(fnaninf.o)
    0x080041b8   0x0000000a   Code   RO         1332    x$fpl$fretinf       fz_ws.l(fretinf.o)
    0x080041c2   0x00000002   PAD
    0x080041c4   0x000000ea   Code   RO         1199    x$fpl$fsub          fz_ws.l(faddsub_clz.o)
    0x080042ae   0x00000004   Code   RO         1209    x$fpl$printf1       fz_ws.l(printf1.o)
    0x080042b2   0x00000064   Code   RO         1485    x$fpl$retnan        fz_ws.l(retnan.o)
    0x08004316   0x0000005c   Code   RO         1334    x$fpl$scalbn        fz_ws.l(scalbn.o)
    0x08004372   0x00000030   Code   RO         1515    x$fpl$trapveneer    fz_ws.l(trapv.o)
    0x080043a2   0x00000000   Code   RO         1336    x$fpl$usenofp       fz_ws.l(usenofp.o)
    0x080043a2   0x00000028   Data   RO         1134    .constdata          c_w.l(_printf_hex_int_ll.o)
    0x080043ca   0x00000011   Data   RO         1166    .constdata          c_w.l(__printf_flags_ss_wp.o)
    0x080043db   0x00000005   PAD
    0x080043e0   0x00000088   Data   RO         1213    .constdata          m_ws.l(pow.o)
    0x08004468   0x00000008   Data   RO         1355    .constdata          m_ws.l(qnan.o)
    0x08004470   0x00000094   Data   RO         1409    .constdata          c_w.l(bigflt0.o)
    0x08004504   0x00000020   Data   RO         1543    Region$$Table       anon$$obj.o
    0x08004524   0x0000001c   Data   RO         1433    locale$$data        c_w.l(lc_numeric_c.o)


    Execution Region RW_IRAM1 (Base: 0x20000000, Size: 0x00009320, Max: 0x0000c000, ABSOLUTE, COMPRESSED[0x00000210])

    Base Addr    Size         Type   Attr      Idx    E Section Name        Object

    0x20000000   0x00000008   Data   RW          406    .data               ti_lib.o
    0x20000008   0x00000014   Data   RW          460    .data               system_stm32f10x.o
    0x2000001c   0x00000004   Data   RW          665    .data               arraylist.o
    0x20000020   0x00000200   Data   RW          921    .data               crc.o
    0x20000220   0x000000a0   Zero   RW          664    .bss                arraylist.o
    0x200002c0   0x00000060   Zero   RW         1365    .bss                c_w.l(libspace.o)
    0x20000320   0x00008000   Zero   RW          504    HEAP                startup_stm32f10x_md.o
    0x20008320   0x00001000   Zero   RW          503    STACK               startup_stm32f10x_md.o


==============================================================================

Image component sizes


      Code (inc. data)   RO Data    RW Data    ZI Data      Debug   Object Name

       164         32          0          4        160       3428   arraylist.o
         0          0          0          0          0       4508   assert.o
        76          6          0        512          0       1583   crc.o
       324        226          0          0          0        523   errorhandling.o
       714         20          0          0          0       7560   hal.o
       534          6          0          0          0       5245   hardwarecontroller.o
       326         10          0          0          0       1771   main.o
       144         46          0          0          0       1384   output.o
        16          0          0          0          0        907   retarget.o
       184         24          0          0          0        957   serial.o
       228         42          0          0          0      23552   sim_board_io.o
        64         26        236          0      36864        796   startup_stm32f10x_md.o
       492         50          0         20          0     206533   system_stm32f10x.o
       476          0          0          0          0       4668   temperature.o
       548         10          0          0          0       5305   tft.o
        98         12          0          8          0       2242   ti_lib.o
        52          4          0          0          0        819   timer.o

    ----------------------------------------------------------------------
      4458        514        268        544      37024     271781   Object Totals
         0          0         32          0          0          0   (incl. Generated)
        18          0          0          0          0          0   (incl. Padding)

    ----------------------------------------------------------------------

      Code (inc. data)   RO Data    RW Data    ZI Data      Debug   Library Member Name

        58          0          0          0          0          0   __dczerorl.o
         8          0          0          0          0         68   __main.o
       392          4         17          0          0         92   __printf_flags_ss_wp.o
        14          0          0          0          0         68   __printf_wp.o
         0          0          0          0          0          0   __rtentry.o
        12          0          0          0          0          0   __rtentry2.o
         6          0          0          0          0          0   __rtentry4.o
        52          8          0          0          0          0   __scatter.o
        28          0          0          0          0          0   __scatter_zi.o
        48          6          0          0          0         96   _printf_char_common.o
         6          0          0          0          0          0   _printf_d.o
       120         16          0          0          0         92   _printf_dec.o
         6          0          0          0          0          0   _printf_f.o
      1050          0          0          0          0        216   _printf_fp_dec.o
       128         16          0          0          0         84   _printf_fp_infnan.o
       124          4         40          0          0        140   _printf_hex_int_ll.o
       178          0          0          0          0         88   _printf_intcommon.o
        10          0          0          0          0          0   _printf_ll.o
         6          0          0          0          0          0   _printf_llx.o
         0          0          0          0          0          0   _printf_percent.o
         4          0          0          0          0          0   _printf_percent_end.o
        22          0          0          0          0        100   _rserrno.o
        16          0          0          0          0         68   _snputc.o
        10          0          0          0          0         68   _sputc.o
       220          4        148          0          0         96   bigflt0.o
      1910        128          0          0          0        672   btod.o
        10          0          0          0          0         68   defsig_exit.o
        50          0          0          0          0         88   defsig_general.o
        80         58          0          0          0         76   defsig_rtmem_inner.o
        14          0          0          0          0         80   defsig_rtmem_outer.o
        18          0          0          0          0         80   exit.o
        94          0          0          0          0         80   h1_alloc.o
        52          0          0          0          0         68   h1_extend.o
        78          0          0          0          0         80   h1_free.o
        14          0          0          0          0         84   h1_init.o
         6          0          0          0          0        152   heapauxi.o
         4          0          0          0          0        136   hguard.o
       138          0          0          0          0        168   init_alloc.o
        44         10         28          0          0         76   lc_numeric_c.o
         2          0          0          0          0          0   libinit.o
        26          0          0          0          0          0   libinit2.o
         2          0          0          0          0          0   libshutdown.o
         2          0          0          0          0          0   libshutdown2.o
         8          4          0          0         96         68   libspace.o
        38          0          0          0          0         68   llshl.o
       138          0          0          0          0         80   lludiv10.o
       238          0          0          0          0        100   lludivv7m.o
        38          0          0          0          0         68   llushr.o
         0          0          0          0          0          0   maybetermalloc1.o
        52          4          0          0          0         84   noretval__2snprintf.o
         8          4          0          0          0         68   rt_errno_addr_intlibspace.o
         8          4          0          0          0         68   rt_heap_descriptor_intlibspace.o
         8          4          0          0          0         68   rt_locale_intlibspace.o
         2          0          0          0          0          0   rtexit.o
        10          0          0          0          0          0   rtexit2.o
       128          0          0          0          0         68   strcmpv7m.o
        62          0          0          0          0         76   strlen.o
        74          0          0          0          0         80   sys_stackheap_outer.o
        98          4          0          0          0         92   d2f.o
       826         16          0          0          0        348   daddsub_clz.o
        16          4          0          0          0         68   dcheck1.o
        24          0          0          0          0         68   dcmpi.o
       688        140          0          0          0        208   ddiv.o
        46          0          0          0          0         68   dflt_clz.o
       120          4          0          0          0         92   dleqf.o
       340         12          0          0          0        104   dmul.o
       156          4          0          0          0         92   dnaninf.o
        12          0          0          0          0         68   dretinf.o
       108          0          0          0          0         80   drleqf.o
       460         56          0          0          0        120   dsqrt_noumaal.o
        86          4          0          0          0         84   f2d.o
       430          8          0          0          0        168   faddsub_clz.o
        48          0          0          0          0         68   fflt_clz.o
       140          4          0          0          0         84   fnaninf.o
        10          0          0          0          0         68   fretinf.o
         4          0          0          0          0         68   printf1.o
       100          0          0          0          0         68   retnan.o
        92          0          0          0          0         68   scalbn.o
        48          0          0          0          0         68   trapv.o
         0          0          0          0          0          0   usenofp.o
        62         10          0          0          0        340   dunder.o
        40          0          0          0          0         68   fpclassify.o
       170          0          0          0          0         96   poly.o
      2520        190        136          0          0        324   pow.o
         0          0          8          0          0          0   qnan.o
        76          0          0          0          0         84   sqrt.o

    ----------------------------------------------------------------------
     12620        730        382          0         96       7144   Library Totals
        26          0          5          0          0          0   (incl. Padding)

    ----------------------------------------------------------------------

      Code (inc. data)   RO Data    RW Data    ZI Data      Debug   Library Name

      5874        274        233          0         96       4080   c_w.l
      3852        256          0          0          0       2152   fz_ws.l
      2868        200        144          0          0        912   m_ws.l

    ----------------------------------------------------------------------
     12620        730        382          0         96       7144   Library Totals

    ----------------------------------------------------------------------

==============================================================================


      Code (inc. data)   RO Data    RW Data    ZI Data      Debug   

     17078       1244        650        544      37120     271537   Grand Totals
     17078       1244        650        528      37120     271537   ELF Image Totals (compressed)
     17078       1244        650        528          0          0   ROM Totals

==============================================================================

    Total RO  Size (Code + RO Data)                17728 (  17.31kB)
    Total RW  Size (RW Data + ZI Data)             37664 (  36.78kB)
    Total ROM Size (Code + RO Data + RW Data)      18256 (  17.83kB)

==============================================================================

